02-24 14:59:13.748  1155  1385 W BroadcastQueue: Background execution not allowed: receiving Intent { act=android.intent.action.PACKAGE_REPLACED dat=package:cm.aptoide.pt flg=0x4000010 (has extras) } to com.google.android.googlequicksearchbox/com.google.android.apps.gsa.googlequicksearchbox.GelStubAppWatcher
02-24 14:59:13.749  1155  1385 W BroadcastQueue: Background execution not allowed: receiving Intent { act=android.intent.action.PACKAGE_REPLACED dat=package:cm.aptoide.pt flg=0x4000010 (has extras) } to com.duokan.phone.remotecontroller.peel.plugin/com.peel.srv.receiver.SrvPackageBroadcastReceiver
02-24 14:59:13.804  1155  1372 W Looper  : Slow delivery took 206ms android.fg h=android.os.Handler c=<recycled PooledLambda@2c25924> m=0
02-24 14:59:13.848  1155  1155 W Looper  : Slow dispatch took 277ms main h=android.app.ActivityThread$H c=android.app.-$$Lambda$LoadedApk$ReceiverDispatcher$Args$_BumDX2UKsnxLVrE6UJsJZkotuA@56f5aef m=0
02-24 14:59:13.848  1155  1155 W Looper  : Slow delivery took 339ms main h=android.app.ActivityThread$H c=android.app.-$$Lambda$LoadedApk$ReceiverDispatcher$Args$_BumDX2UKsnxLVrE6UJsJZkotuA@1f8b9fc m=0
02-24 14:59:13.960  1155  1155 I Telecom : DefaultDialerCache: Refreshing default dialer for user 0: now com.google.android.dialer: DDC.oR@748
02-24 14:59:13.960  1155  1155 I Telecom : DefaultDialerCache: Refreshing default dialer for user 999: now com.google.android.dialer: DDC.oR@748
02-24 14:59:13.994  1155  1155 W Looper  : Drained
02-24 14:59:14.003 13897  7112 W BpBinder: Slow Binder: BpBinder transact took 244 ms, interface=com.google.android.auth.IAuthManagerService, code=6 oneway=false
02-24 14:59:14.394 13897 20123 W BpBinder: Slow Binder: BpBinder transact took 600 ms, interface=com.google.android.auth.IAuthManagerService, code=5 oneway=false
02-24 14:59:14.666  1155  1500 I InstallationStatistic: beginInstallSession: 1376758901
02-24 14:59:14.687  1155  1372 W Looper  : Drained
02-24 14:59:14.735  1155  2695 W SettingsStatsUtil: Can not parse value to float: gps,network
02-24 14:59:14.737  1155  2695 W SettingsStatsUtil: Can not parse value to float: gps,network
02-24 14:59:18.177  3123  3214 W BpBinder: Slow Binder: BpBinder transact took 920 ms, interface=android.content.pm.IPackageInstaller, code=6 oneway=false
02-24 14:59:18.843  1155  1494 I ActivityTaskManager: START u0 {act=android.intent.action.VIEW dat=file:///data/app/vmdl1376758901.tmp typ=application/vnd.android.package-archive flg=0x18000000 cmp=com.miui.securitycenter/com.miui.permcenter.install.AdbInstallActivity (has extras)} from uid 1000
02-24 14:59:18.854  1155  1297 W ActivityTaskManager: Tried to set launchTime (0) < mLastActivityLaunchTime (640440292)
02-24 14:59:18.856  1155  1297 W WindowManager: Changing focus fromWindow{325ac36 mode=1 rootTaskId=1 u0 com.miui.home/com.miui.home.launcher.Launcher} to null displayId=0 Callers=com.android.server.wm.RootWindowContainer.updateFocusedWindowLocked:473 com.android.server.wm.WindowManagerService.updateFocusedWindowLocked:6206 com.android.server.wm.DisplayContent.setFocusedApp:5798 com.android.server.wm.ActivityTaskManagerService.setResumedActivityUncheckLocked:5832 
02-24 14:59:18.858  1155  1297 I Timeline: Timeline: App_transition_ready time:640449817
02-24 14:59:18.910 22783 22801 W PackageParser: Ignoring duplicate uses-permissions/uses-permissions-sdk-m: com.android.mylauncher.permission.READ_SETTINGS in package: com.UCMobile.intl at: Binary XML file line #91
02-24 14:59:18.942  1155  1499 W WindowManager: Changing focus fromnull to Window{325ac36 mode=1 rootTaskId=1 u0 com.miui.home/com.miui.home.launcher.Launcher} displayId=0 Callers=com.android.server.wm.RootWindowContainer.updateFocusedWindowLocked:473 com.android.server.wm.WindowManagerService.updateFocusedWindowLocked:6206 com.android.server.wm.WindowManagerService.relayoutWindow:2717 com.android.server.wm.Session.relayout:213 
02-24 14:59:18.964  1155  1499 I Timeline: Timeline: App_transition_ready time:640449922
02-24 14:59:18.964  1155  1499 I Timeline: Timeline: App_transition_stopped time:640449922
02-24 14:59:18.980  3123  3214 W BpBinder: Slow Binder: BpBinder transact took 802 ms, interface=android.content.pm.IPackageInstaller, code=6 oneway=false
02-24 14:59:19.043  1155  1539 W PackageParsing: Ignoring duplicate uses-permissions/uses-permissions-sdk-m: com.android.mylauncher.permission.READ_SETTINGS in package: com.UCMobile.intl at: Binary XML file line #91
02-24 14:59:19.070 29568 19836 W PackageParsing: Ignoring duplicate uses-permissions/uses-permissions-sdk-m: com.android.mylauncher.permission.READ_SETTINGS in package: com.UCMobile.intl at: Binary XML file line #91
02-24 14:59:19.105  1155  1416 I PackageManager: Integrity check passed for file:///data/app/vmdl1376758901.tmp
02-24 14:59:20.870  1155  2695 W ActivityManager: stopServiceToken startId 820 is last, but have 1 remaining args
02-24 14:59:21.129 29568 19836 W PackageParsing: Ignoring duplicate uses-permissions/uses-permissions-sdk-m: com.android.mylauncher.permission.READ_SETTINGS in package: com.UCMobile.intl at: Binary XML file line #91
02-24 14:59:22.601  1155  1416 W PackageParsing: Ignoring duplicate uses-permissions/uses-permissions-sdk-m: com.android.mylauncher.permission.READ_SETTINGS in package: com.UCMobile.intl at: Binary XML file line #91
02-24 14:59:22.767  1155  1385 I ActivityManager: Force stopping com.UCMobile.intl appid=10532 user=-1: installPackageLI
02-24 14:59:22.768  1155  1416 I PackageManager: Update package com.UCMobile.intl code path from /data/app/~~fFmLqEo0bOfD-vP08E6bdg==/com.UCMobile.intl-qSdb2zMqLp4pqAGm7dFl2g== to /data/app/~~h3SjmZ35Ebjl6L4Inrs1mg==/com.UCMobile.intl-i_bXG6x7BUXAOJ6WkwkXgQ==; Retain data and using new
02-24 14:59:22.768  1155  1416 I PackageManager: Update package com.UCMobile.intl resource path from /data/app/~~fFmLqEo0bOfD-vP08E6bdg==/com.UCMobile.intl-qSdb2zMqLp4pqAGm7dFl2g== to /data/app/~~h3SjmZ35Ebjl6L4Inrs1mg==/com.UCMobile.intl-i_bXG6x7BUXAOJ6WkwkXgQ==; Retain data and using new
02-24 14:59:22.769  1155  1416 I AppsFilter: interaction: PackageSetting{aee888c com.thertechno.projectkishan/10363} -> PackageSetting{71c505a com.UCMobile.intl/10532} BLOCKED
02-24 14:59:22.769  1155  1416 I AppsFilter: interaction: PackageSetting{aee888c com.thertechno.projectkishan/10363} -> PackageSetting{71c505a com.UCMobile.intl/10532} BLOCKED
02-24 14:59:22.794  1155  1416 I PackageManager: Permission ownership changed. Updating all permissions.
02-24 14:59:22.971  1155  1416 W PackageSettings: Skipping PackageSetting{398f66d com.lenovo.anyshare.gps/10183} due to missing metadata
02-24 14:59:22.994  1155  1372 W Looper  : Slow dispatch took 131ms android.fg h=android.os.Handler c=<recycled PooledLambda@4bf3345> m=0
02-24 14:59:26.416  1155  1416 W BpBinder: Slow Binder: BpBinder transact took 3418 ms, interface=android.os.IInstalld, code=17 oneway=false
02-24 14:59:26.417  1155  1416 W Looper  : PerfMonitor longMsg : seq=31722 plan=14:59:22.565 late=0ms wall=3852ms running=377ms runnable=2ms io=30ms h=com.android.server.pm.PackageManagerService$PackageHandler c=com.android.server.pm.-$$Lambda$PackageManagerService$9znobjOH7ab0F1jsW2oFdNipS-8 procState=0
02-24 14:59:26.422  1155  1416 I InstallationStatistic: com.UCMobile.intl|null|11756|2587|919|141|3563|3419
02-24 14:59:26.423  1155  1416 I AppsFilter: interaction: PackageSetting{aee888c com.thertechno.projectkishan/10363} -> PackageSetting{9313a80 com.UCMobile.intl/10532} BLOCKED
02-24 14:59:26.478  1155  1416 I ActivityManager: Force stopping com.UCMobile.intl appid=10532 user=0: pkg removed
02-24 14:59:26.479 23288 23288 W BpBinder: Slow Binder: BpBinder transact took 11816 ms, interface=android.content.pm.IPackageManager, code=1598246212 oneway=false
02-24 14:59:26.495  1155  1385 W BroadcastQueue: Background execution not allowed: receiving Intent { act=android.intent.action.PACKAGE_REMOVED dat=package:com.UCMobile.intl flg=0x4000010 (has extras) } to com.lbe.security.miui/com.lbe.security.service.BootReceiver
02-24 14:59:26.495  1155  1385 W BroadcastQueue: Background execution not allowed: receiving Intent { act=android.intent.action.PACKAGE_REMOVED dat=package:com.UCMobile.intl flg=0x4000010 (has extras) } to com.android.settings/.search.provider.UpdateReceiver
02-24 14:59:26.495  1155  1385 W BroadcastQueue: Background execution not allowed: receiving Intent { act=android.intent.action.PACKAGE_REMOVED dat=package:com.UCMobile.intl flg=0x4000010 (has extras) } to com.android.vending/com.google.android.finsky.packagemanager.impl.PackageMonitorReceiverImpl$RegisteredReceiver
02-24 14:59:26.495  1155  1385 W BroadcastQueue: Background execution not allowed: receiving Intent { act=android.intent.action.PACKAGE_REMOVED dat=package:com.UCMobile.intl flg=0x4000010 (has extras) } to com.android.vending/com.google.android.finsky.instantapps.appmanagement.InstantAppRemoveMonitor
02-24 14:59:26.495  1155  1385 W BroadcastQueue: Background execution not allowed: receiving Intent { act=android.intent.action.PACKAGE_REMOVED dat=package:com.UCMobile.intl flg=0x4000010 (has extras) } to com.google.android.gms/.games.chimera.GamesSystemBroadcastReceiverProxy
02-24 14:59:26.499  1155  1385 W BroadcastQueue: Background execution not allowed: receiving Intent { act=android.intent.action.PACKAGE_REMOVED dat=package:com.UCMobile.intl flg=0x4000010 (has extras) } to com.google.android.gms/.chimera.GmsIntentOperationService$PersistentTrustedReceiver
02-24 14:59:26.500  1155  1385 W BroadcastQueue: Background execution not allowed: receiving Intent { act=android.intent.action.PACKAGE_REMOVED dat=package:com.UCMobile.intl flg=0x4000010 (has extras) } to com.google.android.googlequicksearchbox/com.google.android.apps.gsa.googlequicksearchbox.GelStubAppWatcher
02-24 14:59:26.538  1155  2653 I MiuiCompatModePackages: package com.UCMobile.intl updated, removing config
02-24 14:59:26.551  1155  2695 E IntervalStats: Unable to parse usage stats package 39
02-24 14:59:26.551  1155  2695 E IntervalStats: Unable to parse usage stats package 115
02-24 14:59:26.551  1155  2695 E IntervalStats: Unable to parse usage stats package 216
02-24 14:59:26.555  1155  1385 W BroadcastQueue: Background execution not allowed: receiving Intent { act=android.intent.action.PACKAGE_REMOVED dat=package:com.UCMobile.intl flg=0x4000010 (has extras) } to com.xiaomi.discover/com.xiaomi.market.data.MyPackageMonitor
02-24 14:59:26.604  1155  1385 W BroadcastQueue: Background execution not allowed: receiving Intent { act=android.intent.action.PACKAGE_REMOVED dat=package:com.UCMobile.intl flg=0x4000010 (has extras) } to com.xiaomi.misettings/.usagestats.AppTimerReceiver
02-24 14:59:26.622  1155  1385 W BroadcastQueue: Background execution not allowed: receiving Intent { act=android.intent.action.PACKAGE_REMOVED dat=package:com.UCMobile.intl flg=0x4000010 (has extras) } to com.alibaba.intl.android.apps.poseidon/com.taobao.agoo.AgooCommondReceiver
02-24 14:59:26.626  1155  1385 W BroadcastQueue: Background execution not allowed: receiving Intent { act=android.intent.action.PACKAGE_REMOVED dat=package:com.UCMobile.intl flg=0x4000010 (has extras) } to com.alibaba.intl.android.apps.poseidon/com.taobao.accs.EventReceiver
02-24 14:59:26.631  1155  1385 W BroadcastQueue: Background execution not allowed: receiving Intent { act=android.intent.action.PACKAGE_REMOVED dat=package:com.UCMobile.intl flg=0x4000010 (has extras) } to com.daraz.android/com.taobao.accs.EventReceiver
02-24 14:59:26.631  1155  1385 W BroadcastQueue: Background execution not allowed: receiving Intent { act=android.intent.action.PACKAGE_REMOVED dat=package:com.UCMobile.intl flg=0x4000010 (has extras) } to com.daraz.android/com.taobao.agoo.AgooCommondReceiver
02-24 14:59:26.632  1155  1385 W BroadcastQueue: Background execution not allowed: receiving Intent { act=android.intent.action.PACKAGE_REMOVED dat=package:com.UCMobile.intl flg=0x4000010 (has extras) } to com.duokan.phone.remotecontroller.peel.plugin/com.peel.srv.receiver.SrvPackageBroadcastReceiver
02-24 14:59:26.632  1155  1385 W BroadcastQueue: Background execution not allowed: receiving Intent { act=android.intent.action.PACKAGE_REMOVED dat=package:com.UCMobile.intl flg=0x4000010 (has extras) } to com.facebook.katana/com.facebook.feed.platformads.AppInstallReceiver
02-24 14:59:26.635  1155  1385 W BroadcastQueue: Background execution not allowed: receiving Intent { act=android.intent.action.PACKAGE_REMOVED dat=package:com.UCMobile.intl flg=0x4000010 (has extras) } to com.google.android.apps.photos/com.google.android.libraries.social.peoplekit.thirdparty.viewcontrollers.ThirdPartyReceiver
02-24 14:59:26.635  1155  1385 W BroadcastQueue: Background execution not allowed: receiving Intent { act=android.intent.action.PACKAGE_ADDED dat=package:com.UCMobile.intl flg=0x4000010 (has extras) } to com.lbe.security.miui/com.lbe.security.service.BootReceiver
02-24 14:59:26.635  1155  1385 W BroadcastQueue: Background execution not allowed: receiving Intent { act=android.intent.action.PACKAGE_ADDED dat=package:com.UCMobile.intl flg=0x4000010 (has extras) } to com.google.android.packageinstaller/com.android.packageinstaller.PackageInstalledReceiver
02-24 14:59:26.635  1155  1385 W BroadcastQueue: Background execution not allowed: receiving Intent { act=android.intent.action.PACKAGE_ADDED dat=package:com.UCMobile.intl flg=0x4000010 (has extras) } to com.android.settings/.search.provider.UpdateReceiver
02-24 14:59:26.637  1155  1385 W BroadcastQueue: Background execution not allowed: receiving Intent { act=android.intent.action.PACKAGE_ADDED dat=package:com.UCMobile.intl flg=0x4000010 (has extras) } to com.android.vending/com.google.android.finsky.packagemanager.impl.PackageMonitorReceiverImpl$RegisteredReceiver
02-24 14:59:26.637  1155  1385 W BroadcastQueue: Background execution not allowed: receiving Intent { act=android.intent.action.PACKAGE_ADDED dat=package:com.UCMobile.intl flg=0x4000010 (has extras) } to com.google.android.gms/.games.chimera.GamesSystemBroadcastReceiverProxy
02-24 14:59:26.637  1155  1385 W BroadcastQueue: Background execution not allowed: receiving Intent { act=android.intent.action.PACKAGE_ADDED dat=package:com.UCMobile.intl flg=0x4000010 (has extras) } to com.google.android.gms/.gass.chimera.PackageChangeBroadcastReceiver
02-24 14:59:26.637  1155  1385 W BroadcastQueue: Background execution not allowed: receiving Intent { act=android.intent.action.PACKAGE_ADDED dat=package:com.UCMobile.intl flg=0x4000010 (has extras) } to com.google.android.gms/.chimera.GmsIntentOperationService$PersistentTrustedReceiver
02-24 14:59:26.637  1155  1385 W BroadcastQueue: Background execution not allowed: receiving Intent { act=android.intent.action.PACKAGE_ADDED dat=package:com.UCMobile.intl flg=0x4000010 (has extras) } to com.google.android.googlequicksearchbox/com.google.android.apps.gsa.googlequicksearchbox.GelStubAppWatcher
02-24 14:59:26.638  1155  1385 W BroadcastQueue: Background execution not allowed: receiving Intent { act=android.intent.action.PACKAGE_ADDED dat=package:com.UCMobile.intl flg=0x4000010 (has extras) } to com.miui.global.packageinstaller/.AppInstalledReceiver
02-24 14:59:26.638  1155  1385 W BroadcastQueue: Background execution not allowed: receiving Intent { act=android.intent.action.PACKAGE_ADDED dat=package:com.UCMobile.intl flg=0x4000010 (has extras) } to com.xiaomi.discover/com.xiaomi.market.data.MyPackageMonitor
02-24 14:59:26.638  1155  1385 W BroadcastQueue: Background execution not allowed: receiving Intent { act=android.intent.action.PACKAGE_ADDED dat=package:com.UCMobile.intl flg=0x4000010 (has extras) } to com.xiaomi.misettings/.usagestats.AppTimerReceiver
02-24 14:59:26.638  1155  1385 W BroadcastQueue: Background execution not allowed: receiving Intent { act=android.intent.action.PACKAGE_ADDED dat=package:com.UCMobile.intl flg=0x4000010 (has extras) } to com.duokan.phone.remotecontroller.peel.plugin/com.peel.srv.receiver.SrvPackageBroadcastReceiver
02-24 14:59:26.646  1155  1385 W BroadcastQueue: Background execution not allowed: receiving Intent { act=android.intent.action.PACKAGE_ADDED dat=package:com.UCMobile.intl flg=0x4000010 (has extras) } to com.facebook.katana/com.facebook.feed.platformads.AppInstallReceiver
02-24 14:59:26.646  1155  1385 W BroadcastQueue: Background execution not allowed: receiving Intent { act=android.intent.action.PACKAGE_ADDED dat=package:com.UCMobile.intl flg=0x4000010 (has extras) } to com.intsig.camscanner/com.microsoft.aad.adal.ApplicationReceiver
02-24 14:59:26.647  1155  2695 E IntervalStats: Unable to parse usage stats package 39
02-24 14:59:26.647  1155  2695 E IntervalStats: Unable to parse usage stats package 115
02-24 14:59:26.648  1155  2695 E IntervalStats: Unable to parse usage stats package 216
02-24 14:59:26.691  1155  5011 W BroadcastQueue: Background execution not allowed: receiving Intent { act=android.intent.action.PACKAGE_REPLACED dat=package:com.UCMobile.intl flg=0x4000010 (has extras) } to com.google.android.gms/.gass.chimera.PackageChangeBroadcastReceiver
02-24 14:59:26.693  1155  1385 W BroadcastQueue: Background execution not allowed: receiving Intent { act=android.intent.action.PACKAGE_REPLACED dat=package:com.UCMobile.intl flg=0x4000010 (has extras) } to com.google.android.gms/.chimera.GmsIntentOperationService$PersistentTrustedReceiver
02-24 14:59:26.693  1155  1385 W BroadcastQueue: Background execution not allowed: receiving Intent { act=android.intent.action.PACKAGE_REPLACED dat=package:com.UCMobile.intl flg=0x4000010 (has extras) } to com.google.android.googlequicksearchbox/com.google.android.apps.gsa.googlequicksearchbox.GelStubAppWatcher
02-24 14:59:26.694  1155  1385 W BroadcastQueue: Background execution not allowed: receiving Intent { act=android.intent.action.PACKAGE_REPLACED dat=package:com.UCMobile.intl flg=0x4000010 (has extras) } to com.duokan.phone.remotecontroller.peel.plugin/com.peel.srv.receiver.SrvPackageBroadcastReceiver
02-24 14:59:26.695  1155  1385 W BroadcastQueue: Background execution not allowed: receiving Intent { act=android.intent.action.PACKAGE_REPLACED dat=package:com.UCMobile.intl flg=0x4000010 (has extras) } to com.google.android.apps.photos/.account.full.FetchAccountPropertiesAppUpgradeBroadcastReceiver
02-24 14:59:26.698  1155  1385 W BroadcastQueue: Background execution not allowed: receiving Intent { act=android.intent.action.PACKAGE_REPLACED dat=package:com.UCMobile.intl flg=0x4000010 (has extras) } to com.google.android.apps.photos/.account.full.SyncAccountsForLoginBroadcastReceiver
02-24 14:59:26.699  1155  1385 W BroadcastQueue: Background execution not allowed: receiving Intent { act=android.intent.action.PACKAGE_REPLACED dat=package:com.UCMobile.intl flg=0x4000010 (has extras) } to com.google.android.apps.photos/.notificationchannels.AppUpdateBroadcastReceiver
02-24 14:59:26.789  1155  1372 W Looper  : Slow dispatch took 119ms android.fg h=android.os.Handler c=<recycled PooledLambda@7b86701> m=0
02-24 14:59:26.887  1155  1155 W Looper  : Slow dispatch took 368ms main h=android.app.ActivityThread$H c=android.app.-$$Lambda$LoadedApk$ReceiverDispatcher$Args$_BumDX2UKsnxLVrE6UJsJZkotuA@ab105a9 m=0
02-24 14:59:26.887  1155  1155 W Looper  : Slow delivery took 369ms main h=android.app.ActivityThread$H c=android.app.-$$Lambda$LoadedApk$ReceiverDispatcher$Args$_BumDX2UKsnxLVrE6UJsJZkotuA@6cf172e m=0
02-24 14:59:26.906  1155  1372 W Looper  : Slow dispatch took 117ms android.fg h=android.os.Handler c=<recycled PooledLambda@4bf3345> m=0
02-24 14:59:26.947  1155  1372 W Looper  : Slow delivery took 302ms android.fg h=android.os.Handler c=<recycled PooledLambda@ff06ab6> m=0
02-24 14:59:26.982  1155  1155 I Telecom : DefaultDialerCache: Refreshing default dialer for user 0: now com.google.android.dialer: DDC.oR@75I
02-24 14:59:26.982  1155  1155 I Telecom : DefaultDialerCache: Refreshing default dialer for user 999: now com.google.android.dialer: DDC.oR@75I
02-24 14:59:27.033  1155  1155 W Looper  : Drained
02-24 14:59:27.048 13897 19797 W BpBinder: Slow Binder: BpBinder transact took 203 ms, interface=com.google.android.auth.IAuthManagerService, code=6 oneway=false
02-24 14:59:27.118  1155  1384 W InputMethodManagerService: Skipping input method com.UCMobile.intl/com.alv.foun.service.PhoenixService: it does not require the permission android.permission.BIND_INPUT_METHOD
02-24 14:59:27.186  1155  1372 W Looper  : Drained
02-24 14:59:27.390 13897  7112 W BpBinder: Slow Binder: BpBinder transact took 490 ms, interface=com.google.android.auth.IAuthManagerService, code=5 oneway=false
02-24 14:59:28.120  1155  5466 W SettingsStatsUtil: Can not parse value to float: gps,network
02-24 14:59:28.125  1155  5466 W SettingsStatsUtil: Can not parse value to float: gps,network
02-24 14:59:28.228  2920  2920 I MiuiChargeManager: notifyBatteryStatusChanged:  status: 2 isPlugged: 2 level: 79 wireState: 11 chargeSpeed: 0 mWiredChargeType: 0 mWirelessChargeType: 0 chargeDeviceType: 0 maxChargingWattage: 2500000 SUPPORT_BROADCAST_QUICK_CHARGE: true
02-24 14:59:28.307  1155  1386 I ActivityManager: Start proc 23364:com.google.android.apps.turbo/u0a49 for broadcast {com.google.android.apps.turbo/com.google.android.apps.turbo.nudges.broadcasts.BatteryStatusChangedReceiver} caller=android
02-24 14:59:30.165  1155  5012 I InstallationStatistic: beginInstallSession: 1215014797
02-24 14:59:31.436  3123  3214 W BpBinder: Slow Binder: BpBinder transact took 489 ms, interface=android.content.pm.IPackageInstaller, code=6 oneway=false
02-24 14:59:31.446  1155  1494 I ActivityTaskManager: START u0 {act=android.intent.action.VIEW dat=file:///data/app/vmdl1215014797.tmp typ=application/vnd.android.package-archive flg=0x18000000 cmp=com.miui.securitycenter/com.miui.permcenter.install.AdbInstallActivity (has extras)} from uid 1000
02-24 14:59:31.459  1155  5466 W ActivityTaskManager: Tried to set launchTime (0) < mLastActivityLaunchTime (640449813)
02-24 14:59:31.462  1155  5466 W WindowManager: Changing focus fromWindow{325ac36 mode=1 rootTaskId=1 u0 com.miui.home/com.miui.home.launcher.Launcher} to null displayId=0 Callers=com.android.server.wm.RootWindowContainer.updateFocusedWindowLocked:473 com.android.server.wm.WindowManagerService.updateFocusedWindowLocked:6206 com.android.server.wm.DisplayContent.setFocusedApp:5798 com.android.server.wm.ActivityTaskManagerService.setResumedActivityUncheckLocked:5832 
02-24 14:59:31.465  1155  5466 I Timeline: Timeline: App_transition_ready time:640462423
02-24 14:59:31.535  1155  5023 W WindowManager: Changing focus fromnull to Window{325ac36 mode=1 rootTaskId=1 u0 com.miui.home/com.miui.home.launcher.Launcher} displayId=0 Callers=com.android.server.wm.RootWindowContainer.updateFocusedWindowLocked:473 com.android.server.wm.WindowManagerService.updateFocusedWindowLocked:6206 com.android.server.wm.WindowManagerService.relayoutWindow:2717 com.android.server.wm.Session.relayout:213 
02-24 14:59:31.566  1155  5011 I Timeline: Timeline: App_transition_ready time:640462525
02-24 14:59:31.566  1155  5011 I Timeline: Timeline: App_transition_stopped time:640462525
02-24 14:59:31.751  1155  1416 I PackageManager: Integrity check passed for file:///data/app/vmdl1215014797.tmp
02-24 14:59:34.199  1155  1385 I ActivityManager: Force stopping cm.aptoide.pt appid=10529 user=-1: installPackageLI
02-24 14:59:34.201  1155  1416 I PackageManager: Update package cm.aptoide.pt code path from /data/app/~~stXh2BZwSHZlTxVZdagKLw==/cm.aptoide.pt-6JPtDC78vlBIG8RBB3Dx3A== to /data/app/~~2UcjHtivT8Lk99ngzyGVyw==/cm.aptoide.pt-dCe8cGNYTYAGwv2aUE7pdA==; Retain data and using new
02-24 14:59:34.201  1155  1416 I PackageManager: Update package cm.aptoide.pt resource path from /data/app/~~stXh2BZwSHZlTxVZdagKLw==/cm.aptoide.pt-6JPtDC78vlBIG8RBB3Dx3A== to /data/app/~~2UcjHtivT8Lk99ngzyGVyw==/cm.aptoide.pt-dCe8cGNYTYAGwv2aUE7pdA==; Retain data and using new
02-24 14:59:34.201  1155  1416 I AppsFilter: interaction: PackageSetting{aee888c com.thertechno.projectkishan/10363} -> PackageSetting{2acd78d cm.aptoide.pt/10529} BLOCKED
02-24 14:59:34.202  1155  1416 I AppsFilter: interaction: PackageSetting{aee888c com.thertechno.projectkishan/10363} -> PackageSetting{2acd78d cm.aptoide.pt/10529} BLOCKED
02-24 14:59:34.330  1155  1416 W PackageSettings: Skipping PackageSetting{398f66d com.lenovo.anyshare.gps/10183} due to missing metadata
02-24 14:59:34.352  1155  1372 W Looper  : Slow dispatch took 119ms android.fg h=android.os.Handler c=<recycled PooledLambda@39353dd> m=0
02-24 14:59:35.601  1155  1416 W BpBinder: Slow Binder: BpBinder transact took 1239 ms, interface=android.os.IInstalld, code=17 oneway=false
02-24 14:59:35.602  1155  1416 W Looper  : PerfMonitor longMsg : seq=31742 plan=14:59:34.183 late=0ms wall=1418ms running=140ms io=15ms h=com.android.server.pm.PackageManagerService$PackageHandler c=com.android.server.pm.-$$Lambda$PackageManagerService$9znobjOH7ab0F1jsW2oFdNipS-8 procState=0
02-24 14:59:35.602  1155  1416 I InstallationStatistic: cm.aptoide.pt|null|5438|778|488|146|2583|1242
02-24 14:59:35.603  1155  1416 I AppsFilter: interaction: PackageSetting{aee888c com.thertechno.projectkishan/10363} -> PackageSetting{4a87b43 cm.aptoide.pt/10529} BLOCKED
02-24 14:59:35.615  1155  1416 I ActivityManager: Force stopping cm.aptoide.pt appid=10529 user=0: pkg removed
02-24 14:59:35.616 23399 23399 W BpBinder: Slow Binder: BpBinder transact took 5454 ms, interface=android.content.pm.IPackageManager, code=1598246212 oneway=false
02-24 14:59:35.666  1155  2653 I MiuiCompatModePackages: package cm.aptoide.pt updated, removing config
02-24 14:59:35.683  1155  1385 W BroadcastQueue: Background execution not allowed: receiving Intent { act=android.intent.action.PACKAGE_REMOVED dat=package:cm.aptoide.pt flg=0x4000010 (has extras) } to com.lbe.security.miui/com.lbe.security.service.BootReceiver
02-24 14:59:35.683  1155  1385 W BroadcastQueue: Background execution not allowed: receiving Intent { act=android.intent.action.PACKAGE_REMOVED dat=package:cm.aptoide.pt flg=0x4000010 (has extras) } to com.android.settings/.search.provider.UpdateReceiver
02-24 14:59:35.683  1155  1385 W BroadcastQueue: Background execution not allowed: receiving Intent { act=android.intent.action.PACKAGE_REMOVED dat=package:cm.aptoide.pt flg=0x4000010 (has extras) } to com.android.vending/com.google.android.finsky.packagemanager.impl.PackageMonitorReceiverImpl$RegisteredReceiver
02-24 14:59:35.683  1155  1385 W BroadcastQueue: Background execution not allowed: receiving Intent { act=android.intent.action.PACKAGE_REMOVED dat=package:cm.aptoide.pt flg=0x4000010 (has extras) } to com.android.vending/com.google.android.finsky.instantapps.appmanagement.InstantAppRemoveMonitor
02-24 14:59:35.684  1155  1385 W BroadcastQueue: Background execution not allowed: receiving Intent { act=android.intent.action.PACKAGE_REMOVED dat=package:cm.aptoide.pt flg=0x4000010 (has extras) } to com.google.android.gms/.games.chimera.GamesSystemBroadcastReceiverProxy
02-24 14:59:35.684  1155  1385 W BroadcastQueue: Background execution not allowed: receiving Intent { act=android.intent.action.PACKAGE_REMOVED dat=package:cm.aptoide.pt flg=0x4000010 (has extras) } to com.google.android.gms/.chimera.GmsIntentOperationService$PersistentTrustedReceiver
02-24 14:59:35.684  1155  1385 W BroadcastQueue: Background execution not allowed: receiving Intent { act=android.intent.action.PACKAGE_REMOVED dat=package:cm.aptoide.pt flg=0x4000010 (has extras) } to com.google.android.googlequicksearchbox/com.google.android.apps.gsa.googlequicksearchbox.GelStubAppWatcher
02-24 14:59:35.684  1155  1385 W BroadcastQueue: Background execution not allowed: receiving Intent { act=android.intent.action.PACKAGE_REMOVED dat=package:cm.aptoide.pt flg=0x4000010 (has extras) } to com.xiaomi.discover/com.xiaomi.market.data.MyPackageMonitor
02-24 14:59:35.684  1155  1385 W BroadcastQueue: Background execution not allowed: receiving Intent { act=android.intent.action.PACKAGE_REMOVED dat=package:cm.aptoide.pt flg=0x4000010 (has extras) } to com.xiaomi.misettings/.usagestats.AppTimerReceiver
02-24 14:59:35.684  1155  1385 W BroadcastQueue: Background execution not allowed: receiving Intent { act=android.intent.action.PACKAGE_REMOVED dat=package:cm.aptoide.pt flg=0x4000010 (has extras) } to com.alibaba.intl.android.apps.poseidon/com.taobao.agoo.AgooCommondReceiver
02-24 14:59:35.684  1155  1385 W BroadcastQueue: Background execution not allowed: receiving Intent { act=android.intent.action.PACKAGE_REMOVED dat=package:cm.aptoide.pt flg=0x4000010 (has extras) } to com.alibaba.intl.android.apps.poseidon/com.taobao.accs.EventReceiver
02-24 14:59:35.685  1155  1385 W BroadcastQueue: Background execution not allowed: receiving Intent { act=android.intent.action.PACKAGE_REMOVED dat=package:cm.aptoide.pt flg=0x4000010 (has extras) } to com.daraz.android/com.taobao.accs.EventReceiver
02-24 14:59:35.685  1155  1385 W BroadcastQueue: Background execution not allowed: receiving Intent { act=android.intent.action.PACKAGE_REMOVED dat=package:cm.aptoide.pt flg=0x4000010 (has extras) } to com.daraz.android/com.taobao.agoo.AgooCommondReceiver
02-24 14:59:35.685  1155  1385 W BroadcastQueue: Background execution not allowed: receiving Intent { act=android.intent.action.PACKAGE_REMOVED dat=package:cm.aptoide.pt flg=0x4000010 (has extras) } to com.duokan.phone.remotecontroller.peel.plugin/com.peel.srv.receiver.SrvPackageBroadcastReceiver
02-24 14:59:35.685  1155  1385 W BroadcastQueue: Background execution not allowed: receiving Intent { act=android.intent.action.PACKAGE_REMOVED dat=package:cm.aptoide.pt flg=0x4000010 (has extras) } to com.facebook.katana/com.facebook.feed.platformads.AppInstallReceiver
02-24 14:59:35.697  1155  1385 W BroadcastQueue: Background execution not allowed: receiving Intent { act=android.intent.action.PACKAGE_ADDED dat=package:cm.aptoide.pt flg=0x4000010 (has extras) } to com.lbe.security.miui/com.lbe.security.service.BootReceiver
02-24 14:59:35.698  1155  1385 W BroadcastQueue: Background execution not allowed: receiving Intent { act=android.intent.action.PACKAGE_ADDED dat=package:cm.aptoide.pt flg=0x4000010 (has extras) } to com.google.android.packageinstaller/com.android.packageinstaller.PackageInstalledReceiver
02-24 14:59:35.740  1155  1385 W BroadcastQueue: Background execution not allowed: receiving Intent { act=android.intent.action.PACKAGE_ADDED dat=package:cm.aptoide.pt flg=0x4000010 (has extras) } to com.android.settings/.search.provider.UpdateReceiver
02-24 14:59:35.741  1155  1385 W BroadcastQueue: Background execution not allowed: receiving Intent { act=android.intent.action.PACKAGE_ADDED dat=package:cm.aptoide.pt flg=0x4000010 (has extras) } to com.android.vending/com.google.android.finsky.packagemanager.impl.PackageMonitorReceiverImpl$RegisteredReceiver
02-24 14:59:35.741  1155  1500 E IntervalStats: Unable to parse usage stats package 39
02-24 14:59:35.742  1155  1500 E IntervalStats: Unable to parse usage stats package 115
02-24 14:59:35.742  1155  1500 E IntervalStats: Unable to parse usage stats package 216
02-24 14:59:35.802  1155  1385 W BroadcastQueue: Background execution not allowed: receiving Intent { act=android.intent.action.PACKAGE_ADDED dat=package:cm.aptoide.pt flg=0x4000010 (has extras) } to com.google.android.gms/.games.chimera.GamesSystemBroadcastReceiverProxy
02-24 14:59:35.805  1155  1385 W BroadcastQueue: Background execution not allowed: receiving Intent { act=android.intent.action.PACKAGE_ADDED dat=package:cm.aptoide.pt flg=0x4000010 (has extras) } to com.google.android.gms/.gass.chimera.PackageChangeBroadcastReceiver
02-24 14:59:35.813  1155  1385 W BroadcastQueue: Background execution not allowed: receiving Intent { act=android.intent.action.PACKAGE_ADDED dat=package:cm.aptoide.pt flg=0x4000010 (has extras) } to com.google.android.gms/.chimera.GmsIntentOperationService$PersistentTrustedReceiver
02-24 14:59:35.816  1155  1385 W BroadcastQueue: Background execution not allowed: receiving Intent { act=android.intent.action.PACKAGE_ADDED dat=package:cm.aptoide.pt flg=0x4000010 (has extras) } to com.google.android.googlequicksearchbox/com.google.android.apps.gsa.googlequicksearchbox.GelStubAppWatcher
02-24 14:59:35.821  1155  1385 W BroadcastQueue: Background execution not allowed: receiving Intent { act=android.intent.action.PACKAGE_ADDED dat=package:cm.aptoide.pt flg=0x4000010 (has extras) } to com.miui.global.packageinstaller/.AppInstalledReceiver
02-24 14:59:35.821  1155  1385 W BroadcastQueue: Background execution not allowed: receiving Intent { act=android.intent.action.PACKAGE_ADDED dat=package:cm.aptoide.pt flg=0x4000010 (has extras) } to com.xiaomi.discover/com.xiaomi.market.data.MyPackageMonitor
02-24 14:59:35.821  1155  1385 W BroadcastQueue: Background execution not allowed: receiving Intent { act=android.intent.action.PACKAGE_ADDED dat=package:cm.aptoide.pt flg=0x4000010 (has extras) } to com.xiaomi.misettings/.usagestats.AppTimerReceiver
02-24 14:59:35.822  1155  1385 W BroadcastQueue: Background execution not allowed: receiving Intent { act=android.intent.action.PACKAGE_ADDED dat=package:cm.aptoide.pt flg=0x4000010 (has extras) } to com.duokan.phone.remotecontroller.peel.plugin/com.peel.srv.receiver.SrvPackageBroadcastReceiver
02-24 14:59:35.822  1155  5012 E IntervalStats: Unable to parse usage stats package 39
02-24 14:59:35.822  1155  5012 E IntervalStats: Unable to parse usage stats package 115
02-24 14:59:35.823  1155  5012 E IntervalStats: Unable to parse usage stats package 216
02-24 14:59:35.823  1155  1385 W BroadcastQueue: Background execution not allowed: receiving Intent { act=android.intent.action.PACKAGE_ADDED dat=package:cm.aptoide.pt flg=0x4000010 (has extras) } to com.facebook.katana/com.facebook.feed.platformads.AppInstallReceiver
02-24 14:59:35.823  1155  1385 W BroadcastQueue: Background execution not allowed: receiving Intent { act=android.intent.action.PACKAGE_ADDED dat=package:cm.aptoide.pt flg=0x4000010 (has extras) } to com.intsig.camscanner/com.microsoft.aad.adal.ApplicationReceiver
02-24 14:59:35.858  1155  2815 W BroadcastQueue: Background execution not allowed: receiving Intent { act=android.intent.action.PACKAGE_REPLACED dat=package:cm.aptoide.pt flg=0x4000010 (has extras) } to com.google.android.gms/.gass.chimera.PackageChangeBroadcastReceiver
02-24 14:59:35.862  1155  1385 W BroadcastQueue: Background execution not allowed: receiving Intent { act=android.intent.action.PACKAGE_REPLACED dat=package:cm.aptoide.pt flg=0x4000010 (has extras) } to com.google.android.gms/.chimera.GmsIntentOperationService$PersistentTrustedReceiver
02-24 14:59:35.862  1155  1385 W BroadcastQueue: Background execution not allowed: receiving Intent { act=android.intent.action.PACKAGE_REPLACED dat=package:cm.aptoide.pt flg=0x4000010 (has extras) } to com.google.android.googlequicksearchbox/com.google.android.apps.gsa.googlequicksearchbox.GelStubAppWatcher
02-24 14:59:35.862  1155  1385 W BroadcastQueue: Background execution not allowed: receiving Intent { act=android.intent.action.PACKAGE_REPLACED dat=package:cm.aptoide.pt flg=0x4000010 (has extras) } to com.duokan.phone.remotecontroller.peel.plugin/com.peel.srv.receiver.SrvPackageBroadcastReceiver
02-24 14:59:35.929  1155  1372 W Looper  : Slow dispatch took 120ms android.fg h=android.os.Handler c=<recycled PooledLambda@46b1eb4> m=0
02-24 14:59:36.003  1155  1155 W Looper  : Slow dispatch took 305ms main h=android.app.ActivityThread$H c=android.app.-$$Lambda$LoadedApk$ReceiverDispatcher$Args$_BumDX2UKsnxLVrE6UJsJZkotuA@c1b18df m=0
02-24 14:59:36.003  1155  1155 W Looper  : Slow delivery took 341ms main h=android.app.ActivityThread$H c=android.app.-$$Lambda$LoadedApk$ReceiverDispatcher$Args$_BumDX2UKsnxLVrE6UJsJZkotuA@497b92c m=0
02-24 14:59:36.096  1155  1372 W Looper  : Slow delivery took 271ms android.fg h=android.os.Handler c=<recycled PooledLambda@33cc2ea> m=0
02-24 14:59:36.178  1155  1155 W Looper  : Slow dispatch took 152ms main h=android.app.ActivityThread$H c=android.app.-$$Lambda$LoadedApk$ReceiverDispatcher$Args$_BumDX2UKsnxLVrE6UJsJZkotuA@cee6495 m=0
02-24 14:59:36.181  1155  1155 I Telecom : DefaultDialerCache: Refreshing default dialer for user 0: now com.google.android.dialer: DDC.oR@75U
02-24 14:59:36.181  1155  1155 I Telecom : DefaultDialerCache: Refreshing default dialer for user 999: now com.google.android.dialer: DDC.oR@75U
02-24 14:59:36.227  1155  1155 W Looper  : Drained
02-24 14:59:36.233 13897  7112 W BpBinder: Slow Binder: BpBinder transact took 254 ms, interface=com.google.android.auth.IAuthManagerService, code=6 oneway=false
02-24 14:59:36.600  1155  1416 W PackageSettings: Skipping PackageSetting{398f66d com.lenovo.anyshare.gps/10183} due to missing metadata
02-24 14:59:36.673 13897 19797 W BpBinder: Slow Binder: BpBinder transact took 650 ms, interface=com.google.android.auth.IAuthManagerService, code=5 oneway=false
02-24 14:59:36.859  1155  1372 W Looper  : Drained
02-24 14:59:37.054  1155  4949 W SettingsStatsUtil: Can not parse value to float: gps,network
02-24 14:59:37.058  1155  4949 W SettingsStatsUtil: Can not parse value to float: gps,network
02-24 14:59:37.596  1155  4949 I InstallationStatistic: beginInstallSession: 175737881
02-24 14:59:37.770  1155  1494 I ActivityTaskManager: START u0 {act=android.intent.action.VIEW dat=file:///data/app/vmdl175737881.tmp typ=application/vnd.android.package-archive flg=0x18000000 cmp=com.miui.securitycenter/com.miui.permcenter.install.AdbInstallActivity (has extras)} from uid 1000
02-24 14:59:37.782  1155  3889 W ActivityTaskManager: Tried to set launchTime (0) < mLastActivityLaunchTime (640462418)
02-24 14:59:37.785  1155  3889 W WindowManager: Changing focus fromWindow{325ac36 mode=1 rootTaskId=1 u0 com.miui.home/com.miui.home.launcher.Launcher} to null displayId=0 Callers=com.android.server.wm.RootWindowContainer.updateFocusedWindowLocked:473 com.android.server.wm.WindowManagerService.updateFocusedWindowLocked:6206 com.android.server.wm.DisplayContent.setFocusedApp:5798 com.android.server.wm.ActivityTaskManagerService.setResumedActivityUncheckLocked:5832 
02-24 14:59:37.788  1155  3889 I Timeline: Timeline: App_transition_ready time:640468746
02-24 14:59:37.839  1155  3890 W WindowManager: Changing focus fromnull to Window{325ac36 mode=1 rootTaskId=1 u0 com.miui.home/com.miui.home.launcher.Launcher} displayId=0 Callers=com.android.server.wm.RootWindowContainer.updateFocusedWindowLocked:473 com.android.server.wm.WindowManagerService.updateFocusedWindowLocked:6206 com.android.server.wm.WindowManagerService.relayoutWindow:2717 com.android.server.wm.Session.relayout:213 
02-24 14:59:37.861  1155  3890 I Timeline: Timeline: App_transition_ready time:640468820
02-24 14:59:37.861  1155  3890 I Timeline: Timeline: App_transition_stopped time:640468820
02-24 14:59:37.901  1155  1416 I PackageManager: Integrity check passed for file:///data/app/vmdl175737881.tmp
02-24 14:59:38.143  1155  1385 I ActivityManager: Force stopping com.example.androiddefender2 appid=10544 user=-1: installPackageLI
02-24 14:59:38.144  1155  1416 I PackageManager: Update package com.example.androiddefender2 code path from /data/app/~~ixBf6y9_SDf5WJit7RA7Zw==/com.example.androiddefender2-ba3n24AgY4hmDSBPmq9IpQ== to /data/app/~~ZPnucSk9SgrjvMhIYaD81Q==/com.example.androiddefender2-MpYvW7a_mGmbnlVLhuQfLA==; Retain data and using new
02-24 14:59:38.144  1155  1416 I PackageManager: Update package com.example.androiddefender2 resource path from /data/app/~~ixBf6y9_SDf5WJit7RA7Zw==/com.example.androiddefender2-ba3n24AgY4hmDSBPmq9IpQ== to /data/app/~~ZPnucSk9SgrjvMhIYaD81Q==/com.example.androiddefender2-MpYvW7a_mGmbnlVLhuQfLA==; Retain data and using new
02-24 14:59:38.145  1155  1416 I AppsFilter: interaction: PackageSetting{aee888c com.thertechno.projectkishan/10363} -> PackageSetting{acc7073 com.example.androiddefender2/10544} BLOCKED
02-24 14:59:38.145  1155  1416 I AppsFilter: interaction: PackageSetting{aee888c com.thertechno.projectkishan/10363} -> PackageSetting{acc7073 com.example.androiddefender2/10544} BLOCKED
02-24 14:59:38.256  1155  1416 W PackageSettings: Skipping PackageSetting{398f66d com.lenovo.anyshare.gps/10183} due to missing metadata
02-24 14:59:38.280  1155  1372 W Looper  : Slow dispatch took 119ms android.fg h=android.os.Handler c=<recycled PooledLambda@ab203de> m=0
02-24 14:59:38.399  1155  1416 I InstallationStatistic: com.example.androiddefender2|null|803|113|48|108|258|115
02-24 14:59:38.400  1155  1416 I AppsFilter: interaction: PackageSetting{aee888c com.thertechno.projectkishan/10363} -> PackageSetting{f98d9a2 com.example.androiddefender2/10544} BLOCKED
02-24 14:59:38.405  1155  1416 I ActivityManager: Force stopping com.example.androiddefender2 appid=10544 user=0: pkg removed
02-24 14:59:38.407 23467 23467 W BpBinder: Slow Binder: BpBinder transact took 815 ms, interface=android.content.pm.IPackageManager, code=1598246212 oneway=false
02-24 14:59:38.446  1155  2653 I MiuiCompatModePackages: package com.example.androiddefender2 updated, removing config
02-24 14:59:38.461  1155  1385 W BroadcastQueue: Background execution not allowed: receiving Intent { act=android.intent.action.PACKAGE_REMOVED dat=package:com.example.androiddefender2 flg=0x4000010 (has extras) } to com.lbe.security.miui/com.lbe.security.service.BootReceiver
02-24 14:59:38.461  1155  1385 W BroadcastQueue: Background execution not allowed: receiving Intent { act=android.intent.action.PACKAGE_REMOVED dat=package:com.example.androiddefender2 flg=0x4000010 (has extras) } to com.android.settings/.search.provider.UpdateReceiver
02-24 14:59:38.461  1155  1385 W BroadcastQueue: Background execution not allowed: receiving Intent { act=android.intent.action.PACKAGE_REMOVED dat=package:com.example.androiddefender2 flg=0x4000010 (has extras) } to com.android.vending/com.google.android.finsky.packagemanager.impl.PackageMonitorReceiverImpl$RegisteredReceiver
02-24 14:59:38.478  1155  1385 W BroadcastQueue: Background execution not allowed: receiving Intent { act=android.intent.action.PACKAGE_REMOVED dat=package:com.example.androiddefender2 flg=0x4000010 (has extras) } to com.android.vending/com.google.android.finsky.instantapps.appmanagement.InstantAppRemoveMonitor
02-24 14:59:38.478  1155  1385 W BroadcastQueue: Background execution not allowed: receiving Intent { act=android.intent.action.PACKAGE_REMOVED dat=package:com.example.androiddefender2 flg=0x4000010 (has extras) } to com.google.android.gms/.games.chimera.GamesSystemBroadcastReceiverProxy
02-24 14:59:38.478  1155  1385 W BroadcastQueue: Background execution not allowed: receiving Intent { act=android.intent.action.PACKAGE_REMOVED dat=package:com.example.androiddefender2 flg=0x4000010 (has extras) } to com.google.android.gms/.chimera.GmsIntentOperationService$PersistentTrustedReceiver
02-24 14:59:38.510  1155  1385 W BroadcastQueue: Background execution not allowed: receiving Intent { act=android.intent.action.PACKAGE_REMOVED dat=package:com.example.androiddefender2 flg=0x4000010 (has extras) } to com.google.android.googlequicksearchbox/com.google.android.apps.gsa.googlequicksearchbox.GelStubAppWatcher
02-24 14:59:38.511  1155  1385 W BroadcastQueue: Background execution not allowed: receiving Intent { act=android.intent.action.PACKAGE_REMOVED dat=package:com.example.androiddefender2 flg=0x4000010 (has extras) } to com.xiaomi.discover/com.xiaomi.market.data.MyPackageMonitor
02-24 14:59:38.525  1155  1385 W BroadcastQueue: Background execution not allowed: receiving Intent { act=android.intent.action.PACKAGE_REMOVED dat=package:com.example.androiddefender2 flg=0x4000010 (has extras) } to com.xiaomi.misettings/.usagestats.AppTimerReceiver
02-24 14:59:38.526  1155  1385 W BroadcastQueue: Background execution not allowed: receiving Intent { act=android.intent.action.PACKAGE_REMOVED dat=package:com.example.androiddefender2 flg=0x4000010 (has extras) } to com.daraz.android/com.taobao.accs.EventReceiver
02-24 14:59:38.549  1155  4428 E IntervalStats: Unable to parse usage stats package 39
02-24 14:59:38.549  1155  4428 E IntervalStats: Unable to parse usage stats package 115
02-24 14:59:38.549  1155  4428 E IntervalStats: Unable to parse usage stats package 216
02-24 14:59:38.577  1155  1385 W BroadcastQueue: Background execution not allowed: receiving Intent { act=android.intent.action.PACKAGE_REMOVED dat=package:com.example.androiddefender2 flg=0x4000010 (has extras) } to com.daraz.android/com.taobao.agoo.AgooCommondReceiver
02-24 14:59:38.580  1155  1385 W BroadcastQueue: Background execution not allowed: receiving Intent { act=android.intent.action.PACKAGE_REMOVED dat=package:com.example.androiddefender2 flg=0x4000010 (has extras) } to com.duokan.phone.remotecontroller.peel.plugin/com.peel.srv.receiver.SrvPackageBroadcastReceiver
02-24 14:59:38.586  1155  1385 W BroadcastQueue: Background execution not allowed: receiving Intent { act=android.intent.action.PACKAGE_REMOVED dat=package:com.example.androiddefender2 flg=0x4000010 (has extras) } to com.facebook.katana/com.facebook.feed.platformads.AppInstallReceiver
02-24 14:59:38.586  1155  1385 W BroadcastQueue: Background execution not allowed: receiving Intent { act=android.intent.action.PACKAGE_ADDED dat=package:com.example.androiddefender2 flg=0x4000010 (has extras) } to com.lbe.security.miui/com.lbe.security.service.BootReceiver
02-24 14:59:38.586  1155  1385 W BroadcastQueue: Background execution not allowed: receiving Intent { act=android.intent.action.PACKAGE_ADDED dat=package:com.example.androiddefender2 flg=0x4000010 (has extras) } to com.google.android.packageinstaller/com.android.packageinstaller.PackageInstalledReceiver
02-24 14:59:38.586  1155  1385 W BroadcastQueue: Background execution not allowed: receiving Intent { act=android.intent.action.PACKAGE_ADDED dat=package:com.example.androiddefender2 flg=0x4000010 (has extras) } to com.android.settings/.search.provider.UpdateReceiver
02-24 14:59:38.588  1155  1385 W BroadcastQueue: Background execution not allowed: receiving Intent { act=android.intent.action.PACKAGE_ADDED dat=package:com.example.androiddefender2 flg=0x4000010 (has extras) } to com.android.vending/com.google.android.finsky.packagemanager.impl.PackageMonitorReceiverImpl$RegisteredReceiver
02-24 14:59:38.594  1155  1385 W BroadcastQueue: Background execution not allowed: receiving Intent { act=android.intent.action.PACKAGE_ADDED dat=package:com.example.androiddefender2 flg=0x4000010 (has extras) } to com.google.android.gms/.games.chimera.GamesSystemBroadcastReceiverProxy
02-24 14:59:38.595  1155  1385 W BroadcastQueue: Background execution not allowed: receiving Intent { act=android.intent.action.PACKAGE_ADDED dat=package:com.example.androiddefender2 flg=0x4000010 (has extras) } to com.google.android.gms/.gass.chimera.PackageChangeBroadcastReceiver
02-24 14:59:38.595  1155  1385 W BroadcastQueue: Background execution not allowed: receiving Intent { act=android.intent.action.PACKAGE_ADDED dat=package:com.example.androiddefender2 flg=0x4000010 (has extras) } to com.google.android.gms/.chimera.GmsIntentOperationService$PersistentTrustedReceiver
02-24 14:59:38.595  1155  1385 W BroadcastQueue: Background execution not allowed: receiving Intent { act=android.intent.action.PACKAGE_ADDED dat=package:com.example.androiddefender2 flg=0x4000010 (has extras) } to com.google.android.googlequicksearchbox/com.google.android.apps.gsa.googlequicksearchbox.GelStubAppWatcher
02-24 14:59:38.595  1155  1385 W BroadcastQueue: Background execution not allowed: receiving Intent { act=android.intent.action.PACKAGE_ADDED dat=package:com.example.androiddefender2 flg=0x4000010 (has extras) } to com.miui.global.packageinstaller/.AppInstalledReceiver
02-24 14:59:38.595  1155  1385 W BroadcastQueue: Background execution not allowed: receiving Intent { act=android.intent.action.PACKAGE_ADDED dat=package:com.example.androiddefender2 flg=0x4000010 (has extras) } to com.xiaomi.discover/com.xiaomi.market.data.MyPackageMonitor
02-24 14:59:38.595  1155  1385 W BroadcastQueue: Background execution not allowed: receiving Intent { act=android.intent.action.PACKAGE_ADDED dat=package:com.example.androiddefender2 flg=0x4000010 (has extras) } to com.xiaomi.misettings/.usagestats.AppTimerReceiver
02-24 14:59:38.595  1155  1385 W BroadcastQueue: Background execution not allowed: receiving Intent { act=android.intent.action.PACKAGE_ADDED dat=package:com.example.androiddefender2 flg=0x4000010 (has extras) } to com.duokan.phone.remotecontroller.peel.plugin/com.peel.srv.receiver.SrvPackageBroadcastReceiver
02-24 14:59:38.600  1155  1385 W BroadcastQueue: Background execution not allowed: receiving Intent { act=android.intent.action.PACKAGE_ADDED dat=package:com.example.androiddefender2 flg=0x4000010 (has extras) } to com.facebook.katana/com.facebook.feed.platformads.AppInstallReceiver
02-24 14:59:38.601  1155  1385 W BroadcastQueue: Background execution not allowed: receiving Intent { act=android.intent.action.PACKAGE_ADDED dat=package:com.example.androiddefender2 flg=0x4000010 (has extras) } to com.intsig.camscanner/com.microsoft.aad.adal.ApplicationReceiver
02-24 14:59:38.604  1155  3885 E IntervalStats: Unable to parse usage stats package 39
02-24 14:59:38.604  1155  3885 E IntervalStats: Unable to parse usage stats package 115
02-24 14:59:38.608  1155  3885 E IntervalStats: Unable to parse usage stats package 216
02-24 14:59:38.631  1155  5023 W BroadcastQueue: Background execution not allowed: receiving Intent { act=android.intent.action.PACKAGE_REPLACED dat=package:com.example.androiddefender2 flg=0x4000010 (has extras) } to com.google.android.gms/.gass.chimera.PackageChangeBroadcastReceiver
