--------- beginning of crash
02-11 18:31:48.061  4609  4838 E AndroidRuntime: FATAL EXCEPTION: Thread-2
02-11 18:31:48.061  4609  4838 E AndroidRuntime: Process: com.android.managedprovisioning, PID: 4609
02-11 18:31:48.061  4609  4838 E AndroidRuntime: java.lang.IllegalStateException: Own package not found: package=com.android.managedprovisioning
02-11 18:31:48.061  4609  4838 E AndroidRuntime: 	at android.app.ContextImpl.createContextAsUser(ContextImpl.java:2344)
02-11 18:31:48.061  4609  4838 E AndroidRuntime: 	at android.content.ContextWrapper.createContextAsUser(ContextWrapper.java:951)
02-11 18:31:48.061  4609  4838 E AndroidRuntime: 	at android.content.ContextWrapper.createContextAsUser(ContextWrapper.java:951)
02-11 18:31:48.061  4609  4838 E AndroidRuntime: 	at com.android.managedprovisioning.task.UpdateInteractAcrossProfilesAppOpTask.getAllInstalledApps(UpdateInteractAcrossProfilesAppOpTask.java:138)
02-11 18:31:48.061  4609  4838 E AndroidRuntime: 	at com.android.managedprovisioning.task.UpdateInteractAcrossProfilesAppOpTask.getUidsWithNonDefaultMode(UpdateInteractAcrossProfilesAppOpTask.java:125)
02-11 18:31:48.061  4609  4838 E AndroidRuntime: 	at com.android.managedprovisioning.task.UpdateInteractAcrossProfilesAppOpTask.reapplyCrossProfileAppsPermission(UpdateInteractAcrossProfilesAppOpTask.java:117)
02-11 18:31:48.061  4609  4838 E AndroidRuntime: 	at com.android.managedprovisioning.task.UpdateInteractAcrossProfilesAppOpTask.updateAfterOtaChanges(UpdateInteractAcrossProfilesAppOpTask.java:84)
02-11 18:31:48.061  4609  4838 E AndroidRuntime: 	at com.android.managedprovisioning.task.UpdateInteractAcrossProfilesAppOpTask.run(UpdateInteractAcrossProfilesAppOpTask.java:73)
02-11 18:31:48.061  4609  4838 E AndroidRuntime: 	at com.android.managedprovisioning.ota.TaskExecutor.execute(TaskExecutor.java:28)
02-11 18:31:48.061  4609  4838 E AndroidRuntime: 	at com.android.managedprovisioning.ota.OtaController.run(OtaController.java:125)
02-11 18:31:48.061  4609  4838 E AndroidRuntime: 	at com.android.managedprovisioning.ota.PreBootListener.lambda$onReceive$0(PreBootListener.java:34)
02-11 18:31:48.061  4609  4838 E AndroidRuntime: 	at com.android.managedprovisioning.ota.-$$Lambda$PreBootListener$6s2soZJ8u88coNx_TPThXLPPWGE.run(Unknown Source:4)
02-11 18:31:48.061  4609  4838 E AndroidRuntime: 	at java.lang.Thread.run(Thread.java:923)
02-22 18:35:11.530  1182  1582 E AndroidRuntime: FATAL EXCEPTION: AsyncTask #2
02-22 18:35:11.530  1182  1582 E AndroidRuntime: Process: org.doviz.cevir, PID: 1182
02-22 18:35:11.530  1182  1582 E AndroidRuntime: java.lang.RuntimeException: An error occurred while executing doInBackground()
02-22 18:35:11.530  1182  1582 E AndroidRuntime: 	at android.os.AsyncTask$4.done(AsyncTask.java:415)
02-22 18:35:11.530  1182  1582 E AndroidRuntime: 	at java.util.concurrent.FutureTask.finishCompletion(FutureTask.java:383)
02-22 18:35:11.530  1182  1582 E AndroidRuntime: 	at java.util.concurrent.FutureTask.setException(FutureTask.java:252)
02-22 18:35:11.530  1182  1582 E AndroidRuntime: 	at java.util.concurrent.FutureTask.run(FutureTask.java:271)
02-22 18:35:11.530  1182  1582 E AndroidRuntime: 	at android.os.AsyncTask$SerialExecutor$1.run(AsyncTask.java:305)
02-22 18:35:11.530  1182  1582 E AndroidRuntime: 	at java.util.concurrent.ThreadPoolExecutor.runWorker(ThreadPoolExecutor.java:1167)
02-22 18:35:11.530  1182  1582 E AndroidRuntime: 	at java.util.concurrent.ThreadPoolExecutor$Worker.run(ThreadPoolExecutor.java:641)
02-22 18:35:11.530  1182  1582 E AndroidRuntime: 	at java.lang.Thread.run(Thread.java:923)
02-22 18:35:11.530  1182  1582 E AndroidRuntime: Caused by: java.lang.NoClassDefFoundError: Failed resolution of: Lorg/apache/http/impl/client/DefaultHttpClient;
02-22 18:35:11.530  1182  1582 E AndroidRuntime: 	at org.doviz.cevir.service.ServiceHandler.makeServiceCall(ServiceHandler.java:50)
02-22 18:35:11.530  1182  1582 E AndroidRuntime: 	at org.doviz.cevir.service.ServiceHandler.makeServiceCall(ServiceHandler.java:36)
02-22 18:35:11.530  1182  1582 E AndroidRuntime: 	at org.doviz.cevir.activity.MainActivity$GetExchangeRates.doInBackground(MainActivity.java:469)
02-22 18:35:11.530  1182  1582 E AndroidRuntime: 	at org.doviz.cevir.activity.MainActivity$GetExchangeRates.doInBackground(MainActivity.java:453)
02-22 18:35:11.530  1182  1582 E AndroidRuntime: 	at android.os.AsyncTask$3.call(AsyncTask.java:394)
02-22 18:35:11.530  1182  1582 E AndroidRuntime: 	at java.util.concurrent.FutureTask.run(FutureTask.java:266)
02-22 18:35:11.530  1182  1582 E AndroidRuntime: 	... 4 more
02-22 18:35:11.530  1182  1582 E AndroidRuntime: Caused by: java.lang.ClassNotFoundException: org.apache.http.impl.client.DefaultHttpClient
02-22 18:35:11.530  1182  1582 E AndroidRuntime: 	... 10 more
02-22 18:35:14.228  1592  1651 E AndroidRuntime: FATAL EXCEPTION: AsyncTask #2
02-22 18:35:14.228  1592  1651 E AndroidRuntime: Process: org.doviz.cevir, PID: 1592
02-22 18:35:14.228  1592  1651 E AndroidRuntime: java.lang.RuntimeException: An error occurred while executing doInBackground()
02-22 18:35:14.228  1592  1651 E AndroidRuntime: 	at android.os.AsyncTask$4.done(AsyncTask.java:415)
02-22 18:35:14.228  1592  1651 E AndroidRuntime: 	at java.util.concurrent.FutureTask.finishCompletion(FutureTask.java:383)
02-22 18:35:14.228  1592  1651 E AndroidRuntime: 	at java.util.concurrent.FutureTask.setException(FutureTask.java:252)
02-22 18:35:14.228  1592  1651 E AndroidRuntime: 	at java.util.concurrent.FutureTask.run(FutureTask.java:271)
02-22 18:35:14.228  1592  1651 E AndroidRuntime: 	at android.os.AsyncTask$SerialExecutor$1.run(AsyncTask.java:305)
02-22 18:35:14.228  1592  1651 E AndroidRuntime: 	at java.util.concurrent.ThreadPoolExecutor.runWorker(ThreadPoolExecutor.java:1167)
02-22 18:35:14.228  1592  1651 E AndroidRuntime: 	at java.util.concurrent.ThreadPoolExecutor$Worker.run(ThreadPoolExecutor.java:641)
02-22 18:35:14.228  1592  1651 E AndroidRuntime: 	at java.lang.Thread.run(Thread.java:923)
02-22 18:35:14.228  1592  1651 E AndroidRuntime: Caused by: java.lang.NoClassDefFoundError: Failed resolution of: Lorg/apache/http/impl/client/DefaultHttpClient;
02-22 18:35:14.228  1592  1651 E AndroidRuntime: 	at org.doviz.cevir.service.ServiceHandler.makeServiceCall(ServiceHandler.java:50)
02-22 18:35:14.228  1592  1651 E AndroidRuntime: 	at org.doviz.cevir.service.ServiceHandler.makeServiceCall(ServiceHandler.java:36)
02-22 18:35:14.228  1592  1651 E AndroidRuntime: 	at org.doviz.cevir.activity.MainActivity$GetExchangeRates.doInBackground(MainActivity.java:469)
02-22 18:35:14.228  1592  1651 E AndroidRuntime: 	at org.doviz.cevir.activity.MainActivity$GetExchangeRates.doInBackground(MainActivity.java:453)
02-22 18:35:14.228  1592  1651 E AndroidRuntime: 	at android.os.AsyncTask$3.call(AsyncTask.java:394)
02-22 18:35:14.228  1592  1651 E AndroidRuntime: 	at java.util.concurrent.FutureTask.run(FutureTask.java:266)
02-22 18:35:14.228  1592  1651 E AndroidRuntime: 	... 4 more
02-22 18:35:14.228  1592  1651 E AndroidRuntime: Caused by: java.lang.ClassNotFoundException: org.apache.http.impl.client.DefaultHttpClient
02-22 18:35:14.228  1592  1651 E AndroidRuntime: 	... 10 more
02-22 18:35:16.633  1660  1683 E AndroidRuntime: FATAL EXCEPTION: AsyncTask #1
02-22 18:35:16.633  1660  1683 E AndroidRuntime: Process: org.doviz.cevir, PID: 1660
02-22 18:35:16.633  1660  1683 E AndroidRuntime: java.lang.RuntimeException: An error occurred while executing doInBackground()
02-22 18:35:16.633  1660  1683 E AndroidRuntime: 	at android.os.AsyncTask$4.done(AsyncTask.java:415)
02-22 18:35:16.633  1660  1683 E AndroidRuntime: 	at java.util.concurrent.FutureTask.finishCompletion(FutureTask.java:383)
02-22 18:35:16.633  1660  1683 E AndroidRuntime: 	at java.util.concurrent.FutureTask.setException(FutureTask.java:252)
02-22 18:35:16.633  1660  1683 E AndroidRuntime: 	at java.util.concurrent.FutureTask.run(FutureTask.java:271)
02-22 18:35:16.633  1660  1683 E AndroidRuntime: 	at android.os.AsyncTask$SerialExecutor$1.run(AsyncTask.java:305)
02-22 18:35:16.633  1660  1683 E AndroidRuntime: 	at java.util.concurrent.ThreadPoolExecutor.runWorker(ThreadPoolExecutor.java:1167)
02-22 18:35:16.633  1660  1683 E AndroidRuntime: 	at java.util.concurrent.ThreadPoolExecutor$Worker.run(ThreadPoolExecutor.java:641)
02-22 18:35:16.633  1660  1683 E AndroidRuntime: 	at java.lang.Thread.run(Thread.java:923)
02-22 18:35:16.633  1660  1683 E AndroidRuntime: Caused by: java.lang.NoClassDefFoundError: Failed resolution of: Lorg/apache/http/impl/client/DefaultHttpClient;
02-22 18:35:16.633  1660  1683 E AndroidRuntime: 	at org.doviz.cevir.service.ServiceHandler.makeServiceCall(ServiceHandler.java:50)
02-22 18:35:16.633  1660  1683 E AndroidRuntime: 	at org.doviz.cevir.service.ServiceHandler.makeServiceCall(ServiceHandler.java:36)
02-22 18:35:16.633  1660  1683 E AndroidRuntime: 	at org.doviz.cevir.activity.MainActivity$GetExchangeRates.doInBackground(MainActivity.java:469)
02-22 18:35:16.633  1660  1683 E AndroidRuntime: 	at org.doviz.cevir.activity.MainActivity$GetExchangeRates.doInBackground(MainActivity.java:453)
02-22 18:35:16.633  1660  1683 E AndroidRuntime: 	at android.os.AsyncTask$3.call(AsyncTask.java:394)
02-22 18:35:16.633  1660  1683 E AndroidRuntime: 	at java.util.concurrent.FutureTask.run(FutureTask.java:266)
02-22 18:35:16.633  1660  1683 E AndroidRuntime: 	... 4 more
02-22 18:35:16.633  1660  1683 E AndroidRuntime: Caused by: java.lang.ClassNotFoundException: org.apache.http.impl.client.DefaultHttpClient
02-22 18:35:16.633  1660  1683 E AndroidRuntime: 	... 10 more
02-22 18:35:24.146  1773  1795 E AndroidRuntime: FATAL EXCEPTION: AsyncTask #1
02-22 18:35:24.146  1773  1795 E AndroidRuntime: Process: org.doviz.cevir, PID: 1773
02-22 18:35:24.146  1773  1795 E AndroidRuntime: java.lang.RuntimeException: An error occurred while executing doInBackground()
02-22 18:35:24.146  1773  1795 E AndroidRuntime: 	at android.os.AsyncTask$4.done(AsyncTask.java:415)
02-22 18:35:24.146  1773  1795 E AndroidRuntime: 	at java.util.concurrent.FutureTask.finishCompletion(FutureTask.java:383)
02-22 18:35:24.146  1773  1795 E AndroidRuntime: 	at java.util.concurrent.FutureTask.setException(FutureTask.java:252)
02-22 18:35:24.146  1773  1795 E AndroidRuntime: 	at java.util.concurrent.FutureTask.run(FutureTask.java:271)
02-22 18:35:24.146  1773  1795 E AndroidRuntime: 	at android.os.AsyncTask$SerialExecutor$1.run(AsyncTask.java:305)
02-22 18:35:24.146  1773  1795 E AndroidRuntime: 	at java.util.concurrent.ThreadPoolExecutor.runWorker(ThreadPoolExecutor.java:1167)
02-22 18:35:24.146  1773  1795 E AndroidRuntime: 	at java.util.concurrent.ThreadPoolExecutor$Worker.run(ThreadPoolExecutor.java:641)
02-22 18:35:24.146  1773  1795 E AndroidRuntime: 	at java.lang.Thread.run(Thread.java:923)
02-22 18:35:24.146  1773  1795 E AndroidRuntime: Caused by: java.lang.NoClassDefFoundError: Failed resolution of: Lorg/apache/http/impl/client/DefaultHttpClient;
02-22 18:35:24.146  1773  1795 E AndroidRuntime: 	at org.doviz.cevir.service.ServiceHandler.makeServiceCall(ServiceHandler.java:50)
02-22 18:35:24.146  1773  1795 E AndroidRuntime: 	at org.doviz.cevir.service.ServiceHandler.makeServiceCall(ServiceHandler.java:36)
02-22 18:35:24.146  1773  1795 E AndroidRuntime: 	at org.doviz.cevir.activity.MainActivity$GetExchangeRates.doInBackground(MainActivity.java:469)
02-22 18:35:24.146  1773  1795 E AndroidRuntime: 	at org.doviz.cevir.activity.MainActivity$GetExchangeRates.doInBackground(MainActivity.java:453)
02-22 18:35:24.146  1773  1795 E AndroidRuntime: 	at android.os.AsyncTask$3.call(AsyncTask.java:394)
02-22 18:35:24.146  1773  1795 E AndroidRuntime: 	at java.util.concurrent.FutureTask.run(FutureTask.java:266)
02-22 18:35:24.146  1773  1795 E AndroidRuntime: 	... 4 more
02-22 18:35:24.146  1773  1795 E AndroidRuntime: Caused by: java.lang.ClassNotFoundException: org.apache.http.impl.client.DefaultHttpClient
02-22 18:35:24.146  1773  1795 E AndroidRuntime: 	... 10 more
02-22 18:35:26.615  1843  1864 E AndroidRuntime: FATAL EXCEPTION: AsyncTask #1
02-22 18:35:26.615  1843  1864 E AndroidRuntime: Process: org.doviz.cevir, PID: 1843
02-22 18:35:26.615  1843  1864 E AndroidRuntime: java.lang.RuntimeException: An error occurred while executing doInBackground()
02-22 18:35:26.615  1843  1864 E AndroidRuntime: 	at android.os.AsyncTask$4.done(AsyncTask.java:415)
02-22 18:35:26.615  1843  1864 E AndroidRuntime: 	at java.util.concurrent.FutureTask.finishCompletion(FutureTask.java:383)
02-22 18:35:26.615  1843  1864 E AndroidRuntime: 	at java.util.concurrent.FutureTask.setException(FutureTask.java:252)
02-22 18:35:26.615  1843  1864 E AndroidRuntime: 	at java.util.concurrent.FutureTask.run(FutureTask.java:271)
02-22 18:35:26.615  1843  1864 E AndroidRuntime: 	at android.os.AsyncTask$SerialExecutor$1.run(AsyncTask.java:305)
02-22 18:35:26.615  1843  1864 E AndroidRuntime: 	at java.util.concurrent.ThreadPoolExecutor.runWorker(ThreadPoolExecutor.java:1167)
02-22 18:35:26.615  1843  1864 E AndroidRuntime: 	at java.util.concurrent.ThreadPoolExecutor$Worker.run(ThreadPoolExecutor.java:641)
02-22 18:35:26.615  1843  1864 E AndroidRuntime: 	at java.lang.Thread.run(Thread.java:923)
02-22 18:35:26.615  1843  1864 E AndroidRuntime: Caused by: java.lang.NoClassDefFoundError: Failed resolution of: Lorg/apache/http/impl/client/DefaultHttpClient;
02-22 18:35:26.615  1843  1864 E AndroidRuntime: 	at org.doviz.cevir.service.ServiceHandler.makeServiceCall(ServiceHandler.java:50)
02-22 18:35:26.615  1843  1864 E AndroidRuntime: 	at org.doviz.cevir.service.ServiceHandler.makeServiceCall(ServiceHandler.java:36)
02-22 18:35:26.615  1843  1864 E AndroidRuntime: 	at org.doviz.cevir.activity.MainActivity$GetExchangeRates.doInBackground(MainActivity.java:469)
02-22 18:35:26.615  1843  1864 E AndroidRuntime: 	at org.doviz.cevir.activity.MainActivity$GetExchangeRates.doInBackground(MainActivity.java:453)
02-22 18:35:26.615  1843  1864 E AndroidRuntime: 	at android.os.AsyncTask$3.call(AsyncTask.java:394)
02-22 18:35:26.615  1843  1864 E AndroidRuntime: 	at java.util.concurrent.FutureTask.run(FutureTask.java:266)
02-22 18:35:26.615  1843  1864 E AndroidRuntime: 	... 4 more
02-22 18:35:26.615  1843  1864 E AndroidRuntime: Caused by: java.lang.ClassNotFoundException: org.apache.http.impl.client.DefaultHttpClient
02-22 18:35:26.615  1843  1864 E AndroidRuntime: 	... 10 more
02-24 11:37:11.839 26755 26755 E AndroidRuntime: FATAL EXCEPTION: main
02-24 11:37:11.839 26755 26755 E AndroidRuntime: Process: com.instagram.android, PID: 26755
02-24 11:37:11.839 26755 26755 E AndroidRuntime: java.lang.NullPointerException
02-24 11:37:11.839 26755 26755 E AndroidRuntime: 	at X.2Yg.A06(:4)
02-24 11:37:11.839 26755 26755 E AndroidRuntime: 	at X.FgU.onViewCreated(:32)
02-24 11:37:11.839 26755 26755 E AndroidRuntime: 	at androidx.fragment.app.Fragment.performViewCreated(:4)
02-24 11:37:11.839 26755 26755 E AndroidRuntime: 	at X.1lF.performViewCreated(:0)
02-24 11:37:11.839 26755 26755 E AndroidRuntime: 	at X.054.A04(:173)
02-24 11:37:11.839 26755 26755 E AndroidRuntime: 	at X.0Ci.A0X(:57)
02-24 11:37:11.839 26755 26755 E AndroidRuntime: 	at X.0Ci.A09(:33)
02-24 11:37:11.839 26755 26755 E AndroidRuntime: 	at androidx.fragment.app.FragmentActivity.onStart(:36)
02-24 11:37:11.839 26755 26755 E AndroidRuntime: 	at androidx.appcompat.app.AppCompatActivity.onStart(:7)
02-24 11:37:11.839 26755 26755 E AndroidRuntime: 	at com.instagram.base.activity.IgFragmentActivity.onStart(:7)
02-24 11:37:11.839 26755 26755 E AndroidRuntime: 	at android.app.Instrumentation.callActivityOnStart(Instrumentation.java:1435)
02-24 11:37:11.839 26755 26755 E AndroidRuntime: 	at android.app.Activity.performStart(Activity.java:8173)
02-24 11:37:11.839 26755 26755 E AndroidRuntime: 	at android.app.ActivityThread.handleStartActivity(ActivityThread.java:3602)
02-24 11:37:11.839 26755 26755 E AndroidRuntime: 	at android.app.servertransaction.TransactionExecutor.performLifecycleSequence(TransactionExecutor.java:221)
02-24 11:37:11.839 26755 26755 E AndroidRuntime: 	at android.app.servertransaction.TransactionExecutor.cycleToPath(TransactionExecutor.java:201)
02-24 11:37:11.839 26755 26755 E AndroidRuntime: 	at android.app.servertransaction.TransactionExecutor.executeLifecycleState(TransactionExecutor.java:173)
02-24 11:37:11.839 26755 26755 E AndroidRuntime: 	at android.app.servertransaction.TransactionExecutor.execute(TransactionExecutor.java:97)
02-24 11:37:11.839 26755 26755 E AndroidRuntime: 	at android.app.ActivityThread$H.handleMessage(ActivityThread.java:2187)
02-24 11:37:11.839 26755 26755 E AndroidRuntime: 	at android.os.Handler.dispatchMessage(Handler.java:106)
02-24 11:37:11.839 26755 26755 E AndroidRuntime: 	at android.os.Looper.loop(Looper.java:236)
02-24 11:37:11.839 26755 26755 E AndroidRuntime: 	at android.app.ActivityThread.main(ActivityThread.java:8057)
02-24 11:37:11.839 26755 26755 E AndroidRuntime: 	at java.lang.reflect.Method.invoke(Native Method)
02-24 11:37:11.839 26755 26755 E AndroidRuntime: 	at com.android.internal.os.RuntimeInit$MethodAndArgsCaller.run(RuntimeInit.java:620)
02-24 11:37:11.839 26755 26755 E AndroidRuntime: 	at com.android.internal.os.ZygoteInit.main(ZygoteInit.java:1011)
--------- beginning of system
02-24 14:57:53.408  1155  2816 I chatty  : uid=1000(system) Binder:1155_7 expire 2 lines
02-24 14:57:53.449  1155  2816 W AppOps  : Noting op not finished: uid 10015 pkg com.google.android.gms code 79 startTime of in progress event=1645696139734
02-24 14:57:53.453  1155  1298 W AppOps  : Noting op not finished: uid 10131 pkg com.google.android.apps.maps code 79 startTime of in progress event=1645696613372
02-24 14:57:53.455  1155  1298 W AppOps  : Noting op not finished: uid 10015 pkg com.google.android.gms code 79 startTime of in progress event=1645696139734
02-24 14:57:53.460  1155  4427 W AppOps  : Noting op not finished: uid 10015 pkg com.google.android.gms code 79 startTime of in progress event=1645696139734
02-24 14:57:53.464  1155  5013 W AppOps  : Noting op not finished: uid 10015 pkg com.google.android.gms code 79 startTime of in progress event=1645696139734
02-24 14:57:54.642  1155  4427 W WindowManager: Changing focus fromWindow{39db307 mode=0 rootTaskId=5072 u0 com.miui.securitycenter/com.miui.permcenter.install.AdbInstallActivity} to Window{f40271e mode=0 rootTaskId=5072 u0 com.miui.securitycenter/com.miui.permcenter.install.AdbInstallActivity} displayId=0 Callers=com.android.server.wm.RootWindowContainer.updateFocusedWindowLocked:473 com.android.server.wm.WindowManagerService.updateFocusedWindowLocked:6206 com.android.server.wm.RootWindowContainer.performSurfacePlacementNoTrace:837 com.android.server.wm.RootWindowContainer.performSurfacePlacement:821 
02-24 14:57:54.655  1155  1375 W WindowManager: Changing focus fromWindow{f40271e mode=0 rootTaskId=5072 u0 com.miui.securitycenter/com.miui.permcenter.install.AdbInstallActivity} to Window{325ac36 mode=1 rootTaskId=1 u0 com.miui.home/com.miui.home.launcher.Launcher} displayId=0 Callers=com.android.server.wm.RootWindowContainer.updateFocusedWindowLocked:473 com.android.server.wm.WindowManagerService.updateFocusedWindowLocked:6206 com.android.server.wm.DisplayContent.layoutAndAssignWindowLayersIfNeeded:3568 com.android.server.wm.WindowManagerService$H.handleMessage:5800 
02-24 14:57:54.669  1155  5013 I Timeline: Timeline: App_transition_ready time:640365628
02-24 14:57:54.679  3123  3214 W BpBinder: Slow Binder: BpBinder transact took 2550 ms, interface=android.content.pm.IPackageInstaller, code=6 oneway=false
02-24 14:57:54.688  1155  1376 I Timeline: Timeline: App_transition_stopped time:640365646
02-24 14:57:54.716  1155  1416 I PackageManager: Integrity check passed for file:///data/app/vmdl1086937051.tmp
02-24 14:57:54.943  1155  1416 W PackageManager: Reconciliation failed...
02-24 14:57:54.943  1155  1416 W PackageManager: com.android.server.pm.PackageManagerService$ReconcileFailure: Reconcile failed: Package ru.dublgis.dgismobile requires unavailable shared library com.google.android.wearable; failing!
02-24 14:57:54.943  1155  1416 W PackageManager: 	at com.android.server.pm.PackageManagerService.reconcilePackagesLocked(PackageManagerService.java:17106)
02-24 14:57:54.943  1155  1416 W PackageManager: 	at com.android.server.pm.PackageManagerService.installPackagesLI(PackageManagerService.java:17410)
02-24 14:57:54.943  1155  1416 W PackageManager: 	at com.android.server.pm.PackageManagerService.installPackagesTracedLI(PackageManagerService.java:16737)
02-24 14:57:54.943  1155  1416 W PackageManager: 	at com.android.server.pm.PackageManagerService.lambda$processInstallRequestsAsync$22$PackageManagerService(PackageManagerService.java:14824)
02-24 14:57:54.943  1155  1416 W PackageManager: 	at com.android.server.pm.-$$Lambda$PackageManagerService$9znobjOH7ab0F1jsW2oFdNipS-8.run(Unknown Source:6)
02-24 14:57:54.943  1155  1416 W PackageManager: 	at android.os.Handler.handleCallback(Handler.java:938)
02-24 14:57:54.943  1155  1416 W PackageManager: 	at android.os.Handler.dispatchMessage(Handler.java:99)
02-24 14:57:54.943  1155  1416 W PackageManager: 	at android.os.Looper.loop(Looper.java:236)
02-24 14:57:54.943  1155  1416 W PackageManager: 	at android.os.HandlerThread.run(HandlerThread.java:67)
02-24 14:57:54.943  1155  1416 W PackageManager: 	at com.android.server.ServiceThread.run(ServiceThread.java:45)
02-24 14:57:54.943  1155  1416 I InstallationStatistic: ru.dublgis.dgismobile|null|3215|365|30|2548|250|0
02-24 14:57:54.944  1155  1416 I PackageManagerServiceInjector: MIUILOG-onPackageInstalled: PackageEvent { mTimeStamp=2022-02-24 14:57:54 mAction=Install mPackageName=ru.dublgis.dgismobile mReturnCode=-9 mReturnMsg=Reconciliation failed...: Reconcile failed: Package ru.dublgis.dgismobile requires unavailable shared library com.google.android.wearable; failing! mVersionCode=0 mVersionName=mInstallerPkgName=
02-24 14:57:54.950 22183 22183 W BpBinder: Slow Binder: BpBinder transact took 3223 ms, interface=android.content.pm.IPackageManager, code=1598246212 oneway=false
02-24 14:57:56.091  1155  1500 I InstallationStatistic: beginInstallSession: 263069610
02-24 14:57:56.199  1155  1494 I ActivityTaskManager: START u0 {act=android.intent.action.VIEW dat=file:///data/app/vmdl263069610.tmp typ=application/vnd.android.package-archive flg=0x18000000 cmp=com.miui.securitycenter/com.miui.permcenter.install.AdbInstallActivity (has extras)} from uid 1000
02-24 14:57:56.211  1155  5013 W ActivityTaskManager: Tried to set launchTime (0) < mLastActivityLaunchTime (640363107)
02-24 14:57:56.214  1155  5013 W WindowManager: Changing focus fromWindow{325ac36 mode=1 rootTaskId=1 u0 com.miui.home/com.miui.home.launcher.Launcher} to null displayId=0 Callers=com.android.server.wm.RootWindowContainer.updateFocusedWindowLocked:473 com.android.server.wm.WindowManagerService.updateFocusedWindowLocked:6206 com.android.server.wm.DisplayContent.setFocusedApp:5798 com.android.server.wm.ActivityTaskManagerService.setResumedActivityUncheckLocked:5832 
02-24 14:57:56.217  1155  5013 I Timeline: Timeline: App_transition_ready time:640367175
02-24 14:57:56.269  1155  1298 W WindowManager: Changing focus fromnull to Window{325ac36 mode=1 rootTaskId=1 u0 com.miui.home/com.miui.home.launcher.Launcher} displayId=0 Callers=com.android.server.wm.RootWindowContainer.updateFocusedWindowLocked:473 com.android.server.wm.WindowManagerService.updateFocusedWindowLocked:6206 com.android.server.wm.WindowManagerService.relayoutWindow:2717 com.android.server.wm.Session.relayout:213 
02-24 14:57:56.287  1155  4426 I Timeline: Timeline: App_transition_ready time:640367246
02-24 14:57:56.288  1155  4426 I Timeline: Timeline: App_transition_stopped time:640367246
02-24 14:57:56.334  1155  1416 I PackageManager: Integrity check passed for file:///data/app/vmdl263069610.tmp
02-24 14:57:56.588  1155  1385 I ActivityManager: Force stopping com.chistespicanticos appid=10564 user=-1: installPackageLI
02-24 14:57:56.589  1155  1416 I PackageManager: Update package com.chistespicanticos code path from /data/app/~~mLY5XUtSUK-mPjyen5rBOA==/com.chistespicanticos-7x3KE1YFsaU62_tAWm0dTg== to /data/app/~~l8J_b3OO3qX7VJ_5yRW_Zw==/com.chistespicanticos-BRsZAwo5qwQ3NtuZifjwLg==; Retain data and using new
02-24 14:57:56.589  1155  1416 I PackageManager: Update package com.chistespicanticos resource path from /data/app/~~mLY5XUtSUK-mPjyen5rBOA==/com.chistespicanticos-7x3KE1YFsaU62_tAWm0dTg== to /data/app/~~l8J_b3OO3qX7VJ_5yRW_Zw==/com.chistespicanticos-BRsZAwo5qwQ3NtuZifjwLg==; Retain data and using new
02-24 14:57:56.590  1155  1416 I AppsFilter: interaction: PackageSetting{aee888c com.thertechno.projectkishan/10363} -> PackageSetting{e6bbfba com.chistespicanticos/10564} BLOCKED
02-24 14:57:56.590  1155  1416 I AppsFilter: interaction: PackageSetting{aee888c com.thertechno.projectkishan/10363} -> PackageSetting{e6bbfba com.chistespicanticos/10564} BLOCKED
02-24 14:57:56.711  1155  1416 W PackageSettings: Skipping PackageSetting{398f66d com.lenovo.anyshare.gps/10183} due to missing metadata
02-24 14:57:56.732  1155  1372 W Looper  : Slow dispatch took 128ms android.fg h=android.os.Handler c=<recycled PooledLambda@a68d699> m=0
02-24 14:57:56.900  1155  1416 I InstallationStatistic: com.chistespicanticos|null|808|52|46|106|276|163
02-24 14:57:56.900  1155  1416 I AppsFilter: interaction: PackageSetting{aee888c com.thertechno.projectkishan/10363} -> PackageSetting{59c8b37 com.chistespicanticos/10564} BLOCKED
02-24 14:57:56.908  1155  1416 I ActivityManager: Force stopping com.chistespicanticos appid=10564 user=0: pkg removed
02-24 14:57:56.908 22198 22198 W BpBinder: Slow Binder: BpBinder transact took 818 ms, interface=android.content.pm.IPackageManager, code=1598246212 oneway=false
02-24 14:57:56.940  1155  1385 W BroadcastQueue: Background execution not allowed: receiving Intent { act=android.intent.action.PACKAGE_REMOVED dat=package:com.chistespicanticos flg=0x4000010 (has extras) } to com.lbe.security.miui/com.lbe.security.service.BootReceiver
02-24 14:57:56.953  1155  1385 W BroadcastQueue: Background execution not allowed: receiving Intent { act=android.intent.action.PACKAGE_REMOVED dat=package:com.chistespicanticos flg=0x4000010 (has extras) } to com.android.settings/.search.provider.UpdateReceiver
02-24 14:57:56.953  1155  1385 W BroadcastQueue: Background execution not allowed: receiving Intent { act=android.intent.action.PACKAGE_REMOVED dat=package:com.chistespicanticos flg=0x4000010 (has extras) } to com.android.vending/com.google.android.finsky.packagemanager.impl.PackageMonitorReceiverImpl$RegisteredReceiver
02-24 14:57:56.954  1155  1385 W BroadcastQueue: Background execution not allowed: receiving Intent { act=android.intent.action.PACKAGE_REMOVED dat=package:com.chistespicanticos flg=0x4000010 (has extras) } to com.android.vending/com.google.android.finsky.instantapps.appmanagement.InstantAppRemoveMonitor
02-24 14:57:56.962  1155  1385 W BroadcastQueue: Background execution not allowed: receiving Intent { act=android.intent.action.PACKAGE_REMOVED dat=package:com.chistespicanticos flg=0x4000010 (has extras) } to com.google.android.gms/.games.chimera.GamesSystemBroadcastReceiverProxy
02-24 14:57:56.964  1155  1385 W BroadcastQueue: Background execution not allowed: receiving Intent { act=android.intent.action.PACKAGE_REMOVED dat=package:com.chistespicanticos flg=0x4000010 (has extras) } to com.google.android.gms/.chimera.GmsIntentOperationService$PersistentTrustedReceiver
02-24 14:57:56.964  1155  1385 W BroadcastQueue: Background execution not allowed: receiving Intent { act=android.intent.action.PACKAGE_REMOVED dat=package:com.chistespicanticos flg=0x4000010 (has extras) } to com.google.android.googlequicksearchbox/com.google.android.apps.gsa.googlequicksearchbox.GelStubAppWatcher
02-24 14:57:56.965  1155  1385 W BroadcastQueue: Background execution not allowed: receiving Intent { act=android.intent.action.PACKAGE_REMOVED dat=package:com.chistespicanticos flg=0x4000010 (has extras) } to com.xiaomi.discover/com.xiaomi.market.data.MyPackageMonitor
02-24 14:57:56.965  1155  1385 W BroadcastQueue: Background execution not allowed: receiving Intent { act=android.intent.action.PACKAGE_REMOVED dat=package:com.chistespicanticos flg=0x4000010 (has extras) } to com.xiaomi.misettings/.usagestats.AppTimerReceiver
02-24 14:57:56.965  1155  1385 W BroadcastQueue: Background execution not allowed: receiving Intent { act=android.intent.action.PACKAGE_REMOVED dat=package:com.chistespicanticos flg=0x4000010 (has extras) } to com.daraz.android/com.taobao.accs.EventReceiver
02-24 14:57:56.965  1155  1385 W BroadcastQueue: Background execution not allowed: receiving Intent { act=android.intent.action.PACKAGE_REMOVED dat=package:com.chistespicanticos flg=0x4000010 (has extras) } to com.daraz.android/com.taobao.agoo.AgooCommondReceiver
02-24 14:57:56.965  1155  1385 W BroadcastQueue: Background execution not allowed: receiving Intent { act=android.intent.action.PACKAGE_REMOVED dat=package:com.chistespicanticos flg=0x4000010 (has extras) } to com.duokan.phone.remotecontroller.peel.plugin/com.peel.srv.receiver.SrvPackageBroadcastReceiver
02-24 14:57:56.965  1155  1385 W BroadcastQueue: Background execution not allowed: receiving Intent { act=android.intent.action.PACKAGE_REMOVED dat=package:com.chistespicanticos flg=0x4000010 (has extras) } to com.facebook.katana/com.facebook.feed.platformads.AppInstallReceiver
02-24 14:57:57.004  1155  2653 I MiuiCompatModePackages: package com.chistespicanticos updated, removing config
02-24 14:57:57.017  1155  1385 W BroadcastQueue: Background execution not allowed: receiving Intent { act=android.intent.action.PACKAGE_ADDED dat=package:com.chistespicanticos flg=0x4000010 (has extras) } to com.lbe.security.miui/com.lbe.security.service.BootReceiver
02-24 14:57:57.026  1155  3889 E IntervalStats: Unable to parse usage stats package 39
02-24 14:57:57.026  1155  3889 E IntervalStats: Unable to parse usage stats package 115
02-24 14:57:57.026  1155  3889 E IntervalStats: Unable to parse usage stats package 216
02-24 14:57:57.065  1155  1385 W BroadcastQueue: Background execution not allowed: receiving Intent { act=android.intent.action.PACKAGE_ADDED dat=package:com.chistespicanticos flg=0x4000010 (has extras) } to com.google.android.packageinstaller/com.android.packageinstaller.PackageInstalledReceiver
02-24 14:57:57.092  1155  1385 W BroadcastQueue: Background execution not allowed: receiving Intent { act=android.intent.action.PACKAGE_ADDED dat=package:com.chistespicanticos flg=0x4000010 (has extras) } to com.android.settings/.search.provider.UpdateReceiver
02-24 14:57:57.092  1155  1385 W BroadcastQueue: Background execution not allowed: receiving Intent { act=android.intent.action.PACKAGE_ADDED dat=package:com.chistespicanticos flg=0x4000010 (has extras) } to com.android.vending/com.google.android.finsky.packagemanager.impl.PackageMonitorReceiverImpl$RegisteredReceiver
02-24 14:57:57.092  1155  1385 W BroadcastQueue: Background execution not allowed: receiving Intent { act=android.intent.action.PACKAGE_ADDED dat=package:com.chistespicanticos flg=0x4000010 (has extras) } to com.google.android.gms/.games.chimera.GamesSystemBroadcastReceiverProxy
02-24 14:57:57.110  1155  4537 E IntervalStats: Unable to parse usage stats package 39
02-24 14:57:57.110  1155  4537 E IntervalStats: Unable to parse usage stats package 115
02-24 14:57:57.110  1155  4537 E IntervalStats: Unable to parse usage stats package 216
02-24 14:57:57.132  1155  1385 W BroadcastQueue: Background execution not allowed: receiving Intent { act=android.intent.action.PACKAGE_ADDED dat=package:com.chistespicanticos flg=0x4000010 (has extras) } to com.google.android.gms/.gass.chimera.PackageChangeBroadcastReceiver
02-24 14:57:57.136  1155  1385 W BroadcastQueue: Background execution not allowed: receiving Intent { act=android.intent.action.PACKAGE_ADDED dat=package:com.chistespicanticos flg=0x4000010 (has extras) } to com.google.android.gms/.chimera.GmsIntentOperationService$PersistentTrustedReceiver
02-24 14:57:57.136  1155  1385 W BroadcastQueue: Background execution not allowed: receiving Intent { act=android.intent.action.PACKAGE_ADDED dat=package:com.chistespicanticos flg=0x4000010 (has extras) } to com.google.android.googlequicksearchbox/com.google.android.apps.gsa.googlequicksearchbox.GelStubAppWatcher
02-24 14:57:57.136  1155  1385 W BroadcastQueue: Background execution not allowed: receiving Intent { act=android.intent.action.PACKAGE_ADDED dat=package:com.chistespicanticos flg=0x4000010 (has extras) } to com.miui.global.packageinstaller/.AppInstalledReceiver
02-24 14:57:57.136  1155  1385 W BroadcastQueue: Background execution not allowed: receiving Intent { act=android.intent.action.PACKAGE_ADDED dat=package:com.chistespicanticos flg=0x4000010 (has extras) } to com.xiaomi.discover/com.xiaomi.market.data.MyPackageMonitor
02-24 14:57:57.136  1155  1385 W BroadcastQueue: Background execution not allowed: receiving Intent { act=android.intent.action.PACKAGE_ADDED dat=package:com.chistespicanticos flg=0x4000010 (has extras) } to com.xiaomi.misettings/.usagestats.AppTimerReceiver
02-24 14:57:57.136  1155  1385 W BroadcastQueue: Background execution not allowed: receiving Intent { act=android.intent.action.PACKAGE_ADDED dat=package:com.chistespicanticos flg=0x4000010 (has extras) } to com.duokan.phone.remotecontroller.peel.plugin/com.peel.srv.receiver.SrvPackageBroadcastReceiver
02-24 14:57:57.137  1155  1385 W BroadcastQueue: Background execution not allowed: receiving Intent { act=android.intent.action.PACKAGE_ADDED dat=package:com.chistespicanticos flg=0x4000010 (has extras) } to com.facebook.katana/com.facebook.feed.platformads.AppInstallReceiver
02-24 14:57:57.137  1155  1385 W BroadcastQueue: Background execution not allowed: receiving Intent { act=android.intent.action.PACKAGE_ADDED dat=package:com.chistespicanticos flg=0x4000010 (has extras) } to com.intsig.camscanner/com.microsoft.aad.adal.ApplicationReceiver
02-24 14:57:57.161  1155  1298 W BroadcastQueue: Background execution not allowed: receiving Intent { act=android.intent.action.PACKAGE_REPLACED dat=package:com.chistespicanticos flg=0x4000010 (has extras) } to com.google.android.gms/.gass.chimera.PackageChangeBroadcastReceiver
02-24 14:57:57.163  1155  1385 W BroadcastQueue: Background execution not allowed: receiving Intent { act=android.intent.action.PACKAGE_REPLACED dat=package:com.chistespicanticos flg=0x4000010 (has extras) } to com.google.android.gms/.chimera.GmsIntentOperationService$PersistentTrustedReceiver
02-24 14:57:57.163  1155  1385 W BroadcastQueue: Background execution not allowed: receiving Intent { act=android.intent.action.PACKAGE_REPLACED dat=package:com.chistespicanticos flg=0x4000010 (has extras) } to com.google.android.googlequicksearchbox/com.google.android.apps.gsa.googlequicksearchbox.GelStubAppWatcher
02-24 14:57:57.163  1155  1385 W BroadcastQueue: Background execution not allowed: receiving Intent { act=android.intent.action.PACKAGE_REPLACED dat=package:com.chistespicanticos flg=0x4000010 (has extras) } to com.duokan.phone.remotecontroller.peel.plugin/com.peel.srv.receiver.SrvPackageBroadcastReceiver
02-24 14:57:57.328  1155  1155 W Looper  : Slow dispatch took 328ms main h=android.app.ActivityThread$H c=android.app.-$$Lambda$LoadedApk$ReceiverDispatcher$Args$_BumDX2UKsnxLVrE6UJsJZkotuA@ff98de6 m=0
02-24 14:57:57.328  1155  1155 W Looper  : Slow delivery took 326ms main h=com.android.server.AlarmManagerService$AlarmHandler c=null m=8
02-24 14:57:57.338  1155  1372 W Looper  : Slow delivery took 234ms android.fg h=android.os.Handler c=<recycled PooledLambda@dda3ff2> m=0
02-24 14:57:57.431  1155  1155 I Telecom : DefaultDialerCache: Refreshing default dialer for user 0: now com.google.android.dialer: DDC.oR@7z4
02-24 14:57:57.431  1155  1155 I Telecom : DefaultDialerCache: Refreshing default dialer for user 999: now com.google.android.dialer: DDC.oR@7z4
02-24 14:57:57.500  1155  1155 W Looper  : Drained
02-24 14:57:57.512 13897  7112 W BpBinder: Slow Binder: BpBinder transact took 268 ms, interface=com.google.android.auth.IAuthManagerService, code=6 oneway=false
02-24 14:57:57.556  1155  1372 W Looper  : Drained
02-24 14:57:57.741 13897 19797 W BpBinder: Slow Binder: BpBinder transact took 464 ms, interface=com.google.android.auth.IAuthManagerService, code=5 oneway=false
02-24 14:57:57.840  1155  5012 I InstallationStatistic: beginInstallSession: 686317562
02-24 14:57:57.935  1155  2816 W SettingsStatsUtil: Can not parse value to float: gps,network
02-24 14:57:57.937  1155  2816 W SettingsStatsUtil: Can not parse value to float: gps,network
02-24 14:57:57.959  1155  1494 I ActivityTaskManager: START u0 {act=android.intent.action.VIEW dat=file:///data/app/vmdl686317562.tmp typ=application/vnd.android.package-archive flg=0x18000000 cmp=com.miui.securitycenter/com.miui.permcenter.install.AdbInstallActivity (has extras)} from uid 1000
02-24 14:57:57.971  1155  1500 W ActivityTaskManager: Tried to set launchTime (0) < mLastActivityLaunchTime (640367170)
02-24 14:57:57.972  1155  1500 W WindowManager: Changing focus fromWindow{325ac36 mode=1 rootTaskId=1 u0 com.miui.home/com.miui.home.launcher.Launcher} to null displayId=0 Callers=com.android.server.wm.RootWindowContainer.updateFocusedWindowLocked:473 com.android.server.wm.WindowManagerService.updateFocusedWindowLocked:6206 com.android.server.wm.DisplayContent.setFocusedApp:5798 com.android.server.wm.ActivityTaskManagerService.setResumedActivityUncheckLocked:5832 
02-24 14:57:57.977  1155  1500 I Timeline: Timeline: App_transition_ready time:640368935
02-24 14:57:57.998 22783 22801 W PackageParsing: Ignoring duplicate uses-permissions/uses-permissions-sdk-m: android.permission.READ_EXTERNAL_STORAGE in package: operatore.italia at: Binary XML file line #30
02-24 14:57:57.998 22783 22801 W PackageParsing: Unknown element under <manifest>: meta-data at /data/app/vmdl686317562.tmp/base.apk Binary XML file line #32
02-24 14:57:58.031  1155  2815 W WindowManager: Changing focus fromnull to Window{325ac36 mode=1 rootTaskId=1 u0 com.miui.home/com.miui.home.launcher.Launcher} displayId=0 Callers=com.android.server.wm.RootWindowContainer.updateFocusedWindowLocked:473 com.android.server.wm.WindowManagerService.updateFocusedWindowLocked:6206 com.android.server.wm.WindowManagerService.relayoutWindow:2717 com.android.server.wm.Session.relayout:213 
02-24 14:57:58.049  1155  2815 I Timeline: Timeline: App_transition_ready time:640369007
02-24 14:57:58.049  1155  2815 I Timeline: Timeline: App_transition_stopped time:640369007
02-24 14:57:58.067  1155  1416 W PackageManager: Downgrade detected: Update version code 5118 is older than current 5125
02-24 14:57:58.067  1155  1416 I InstallationStatistic: null|null|228|105|3|109|0|0
02-24 14:57:58.068  1155  1416 I PackageManagerServiceInjector: MIUILOG-onPackageInstalled: PackageEvent { mTimeStamp=2022-02-24 14:57:58 mAction=Install mPackageName=/data/app/vmdl686317562.tmp mReturnCode=-25 mReturnMsg= mVersionCode=0 mVersionName=mInstallerPkgName=
02-24 14:57:58.069 22251 22251 W BpBinder: Slow Binder: BpBinder transact took 232 ms, interface=android.content.pm.IPackageManager, code=1598246212 oneway=false
02-24 14:57:59.432  1155  5012 I InstallationStatistic: beginInstallSession: 1965584475
02-24 14:57:59.775  1155  1494 I ActivityTaskManager: START u0 {act=android.intent.action.VIEW dat=file:///data/app/vmdl1965584475.tmp typ=application/vnd.android.package-archive flg=0x18000000 cmp=com.miui.securitycenter/com.miui.permcenter.install.AdbInstallActivity (has extras)} from uid 1000
02-24 14:57:59.786  1155  2815 W ActivityTaskManager: Tried to set launchTime (0) < mLastActivityLaunchTime (640368930)
02-24 14:57:59.788  1155  2815 W WindowManager: Changing focus fromWindow{325ac36 mode=1 rootTaskId=1 u0 com.miui.home/com.miui.home.launcher.Launcher} to null displayId=0 Callers=com.android.server.wm.RootWindowContainer.updateFocusedWindowLocked:473 com.android.server.wm.WindowManagerService.updateFocusedWindowLocked:6206 com.android.server.wm.DisplayContent.setFocusedApp:5798 com.android.server.wm.ActivityTaskManagerService.setResumedActivityUncheckLocked:5832 
02-24 14:57:59.790  1155  2815 I Timeline: Timeline: App_transition_ready time:640370748
02-24 14:57:59.842  1155  5023 W WindowManager: Changing focus fromnull to Window{325ac36 mode=1 rootTaskId=1 u0 com.miui.home/com.miui.home.launcher.Launcher} displayId=0 Callers=com.android.server.wm.RootWindowContainer.updateFocusedWindowLocked:473 com.android.server.wm.WindowManagerService.updateFocusedWindowLocked:6206 com.android.server.wm.WindowManagerService.relayoutWindow:2717 com.android.server.wm.Session.relayout:213 
02-24 14:57:59.862  1155  5023 I Timeline: Timeline: App_transition_ready time:640370820
02-24 14:57:59.862  1155  5023 I Timeline: Timeline: App_transition_stopped time:640370820
02-24 14:57:59.904  1155  1416 I PackageManager: Integrity check passed for file:///data/app/vmdl1965584475.tmp
02-24 14:58:00.066  1155  1385 I ActivityManager: Force stopping com.iamyub.AndTTTip appid=10565 user=-1: installPackageLI
02-24 14:58:00.067  1155  1416 I PackageManager: Update package com.iamyub.AndTTTip code path from /data/app/~~y6F9TYp1xLkLSuj8oM4JjA==/com.iamyub.AndTTTip-BRTL5e6MfSaHYxAW4EIQIQ== to /data/app/~~C3z_dIckl09ooa4bUAyQ0Q==/com.iamyub.AndTTTip-kggIluBym4Gb7X4i5FoO7A==; Retain data and using new
02-24 14:58:00.067  1155  1416 I PackageManager: Update package com.iamyub.AndTTTip resource path from /data/app/~~y6F9TYp1xLkLSuj8oM4JjA==/com.iamyub.AndTTTip-BRTL5e6MfSaHYxAW4EIQIQ== to /data/app/~~C3z_dIckl09ooa4bUAyQ0Q==/com.iamyub.AndTTTip-kggIluBym4Gb7X4i5FoO7A==; Retain data and using new
02-24 14:58:00.068  1155  1416 I AppsFilter: interaction: PackageSetting{aee888c com.thertechno.projectkishan/10363} -> PackageSetting{f4182a7 com.iamyub.AndTTTip/10565} BLOCKED
02-24 14:58:00.069  1155  1416 I AppsFilter: interaction: PackageSetting{aee888c com.thertechno.projectkishan/10363} -> PackageSetting{f4182a7 com.iamyub.AndTTTip/10565} BLOCKED
02-24 14:58:00.172  1155  1416 W PackageSettings: Skipping PackageSetting{398f66d com.lenovo.anyshare.gps/10183} due to missing metadata
02-24 14:58:00.200  1155  1416 I InstallationStatistic: com.iamyub.AndTTTip|null|768|307|27|101|183|0
02-24 14:58:00.200  1155  1416 I AppsFilter: interaction: PackageSetting{aee888c com.thertechno.projectkishan/10363} -> PackageSetting{d2a0216 com.iamyub.AndTTTip/10565} BLOCKED
02-24 14:58:00.207  1155  1416 I ActivityManager: Force stopping com.iamyub.AndTTTip appid=10565 user=0: pkg removed
02-24 14:58:00.209 22261 22261 W BpBinder: Slow Binder: BpBinder transact took 778 ms, interface=android.content.pm.IPackageManager, code=1598246212 oneway=false
02-24 14:58:00.224  1155  1385 W BroadcastQueue: Background execution not allowed: receiving Intent { act=android.intent.action.PACKAGE_REMOVED dat=package:com.iamyub.AndTTTip flg=0x4000010 (has extras) } to com.lbe.security.miui/com.lbe.security.service.BootReceiver
02-24 14:58:00.244  1155  2653 I MiuiCompatModePackages: package com.iamyub.AndTTTip updated, removing config
02-24 14:58:00.252  1155  1385 W BroadcastQueue: Background execution not allowed: receiving Intent { act=android.intent.action.PACKAGE_REMOVED dat=package:com.iamyub.AndTTTip flg=0x4000010 (has extras) } to com.android.settings/.search.provider.UpdateReceiver
02-24 14:58:00.257  1155  1385 W BroadcastQueue: Background execution not allowed: receiving Intent { act=android.intent.action.PACKAGE_REMOVED dat=package:com.iamyub.AndTTTip flg=0x4000010 (has extras) } to com.android.vending/com.google.android.finsky.packagemanager.impl.PackageMonitorReceiverImpl$RegisteredReceiver
02-24 14:58:00.265  1155  3890 E IntervalStats: Unable to parse usage stats package 39
02-24 14:58:00.265  1155  3890 E IntervalStats: Unable to parse usage stats package 115
02-24 14:58:00.266  1155  3890 E IntervalStats: Unable to parse usage stats package 216
02-24 14:58:00.271  1155  1385 W BroadcastQueue: Background execution not allowed: receiving Intent { act=android.intent.action.PACKAGE_REMOVED dat=package:com.iamyub.AndTTTip flg=0x4000010 (has extras) } to com.android.vending/com.google.android.finsky.instantapps.appmanagement.InstantAppRemoveMonitor
02-24 14:58:00.277  1155  1385 W BroadcastQueue: Background execution not allowed: receiving Intent { act=android.intent.action.PACKAGE_REMOVED dat=package:com.iamyub.AndTTTip flg=0x4000010 (has extras) } to com.google.android.gms/.games.chimera.GamesSystemBroadcastReceiverProxy
02-24 14:58:00.319  1155  3889 E IntervalStats: Unable to parse usage stats package 39
02-24 14:58:00.319  1155  3889 E IntervalStats: Unable to parse usage stats package 115
02-24 14:58:00.319  1155  3889 E IntervalStats: Unable to parse usage stats package 216
02-24 14:58:00.320  1155  1385 W BroadcastQueue: Background execution not allowed: receiving Intent { act=android.intent.action.PACKAGE_REMOVED dat=package:com.iamyub.AndTTTip flg=0x4000010 (has extras) } to com.google.android.gms/.chimera.GmsIntentOperationService$PersistentTrustedReceiver
02-24 14:58:00.320  1155  1385 W BroadcastQueue: Background execution not allowed: receiving Intent { act=android.intent.action.PACKAGE_REMOVED dat=package:com.iamyub.AndTTTip flg=0x4000010 (has extras) } to com.google.android.googlequicksearchbox/com.google.android.apps.gsa.googlequicksearchbox.GelStubAppWatcher
02-24 14:58:00.334  1155  1385 W BroadcastQueue: Background execution not allowed: receiving Intent { act=android.intent.action.PACKAGE_REMOVED dat=package:com.iamyub.AndTTTip flg=0x4000010 (has extras) } to com.xiaomi.discover/com.xiaomi.market.data.MyPackageMonitor
02-24 14:58:00.337  1155  1385 W BroadcastQueue: Background execution not allowed: receiving Intent { act=android.intent.action.PACKAGE_REMOVED dat=package:com.iamyub.AndTTTip flg=0x4000010 (has extras) } to com.xiaomi.misettings/.usagestats.AppTimerReceiver
02-24 14:58:00.340  1155  1385 W BroadcastQueue: Background execution not allowed: receiving Intent { act=android.intent.action.PACKAGE_REMOVED dat=package:com.iamyub.AndTTTip flg=0x4000010 (has extras) } to com.daraz.android/com.taobao.accs.EventReceiver
02-24 14:58:00.341  1155  1385 W BroadcastQueue: Background execution not allowed: receiving Intent { act=android.intent.action.PACKAGE_REMOVED dat=package:com.iamyub.AndTTTip flg=0x4000010 (has extras) } to com.daraz.android/com.taobao.agoo.AgooCommondReceiver
02-24 14:58:00.341  1155  1385 W BroadcastQueue: Background execution not allowed: receiving Intent { act=android.intent.action.PACKAGE_REMOVED dat=package:com.iamyub.AndTTTip flg=0x4000010 (has extras) } to com.duokan.phone.remotecontroller.peel.plugin/com.peel.srv.receiver.SrvPackageBroadcastReceiver
02-24 14:58:00.341  1155  1385 W BroadcastQueue: Background execution not allowed: receiving Intent { act=android.intent.action.PACKAGE_REMOVED dat=package:com.iamyub.AndTTTip flg=0x4000010 (has extras) } to com.facebook.katana/com.facebook.feed.platformads.AppInstallReceiver
02-24 14:58:00.346  1155  1385 W BroadcastQueue: Background execution not allowed: receiving Intent { act=android.intent.action.PACKAGE_ADDED dat=package:com.iamyub.AndTTTip flg=0x4000010 (has extras) } to com.lbe.security.miui/com.lbe.security.service.BootReceiver
02-24 14:58:00.354  1155  1385 W BroadcastQueue: Background execution not allowed: receiving Intent { act=android.intent.action.PACKAGE_ADDED dat=package:com.iamyub.AndTTTip flg=0x4000010 (has extras) } to com.google.android.packageinstaller/com.android.packageinstaller.PackageInstalledReceiver
02-24 14:58:00.357  1155  1385 W BroadcastQueue: Background execution not allowed: receiving Intent { act=android.intent.action.PACKAGE_ADDED dat=package:com.iamyub.AndTTTip flg=0x4000010 (has extras) } to com.android.settings/.search.provider.UpdateReceiver
02-24 14:58:00.357  1155  1385 W BroadcastQueue: Background execution not allowed: receiving Intent { act=android.intent.action.PACKAGE_ADDED dat=package:com.iamyub.AndTTTip flg=0x4000010 (has extras) } to com.android.vending/com.google.android.finsky.packagemanager.impl.PackageMonitorReceiverImpl$RegisteredReceiver
02-24 14:58:00.357  1155  1385 W BroadcastQueue: Background execution not allowed: receiving Intent { act=android.intent.action.PACKAGE_ADDED dat=package:com.iamyub.AndTTTip flg=0x4000010 (has extras) } to com.google.android.gms/.games.chimera.GamesSystemBroadcastReceiverProxy
02-24 14:58:00.357  1155  1385 W BroadcastQueue: Background execution not allowed: receiving Intent { act=android.intent.action.PACKAGE_ADDED dat=package:com.iamyub.AndTTTip flg=0x4000010 (has extras) } to com.google.android.gms/.gass.chimera.PackageChangeBroadcastReceiver
02-24 14:58:00.357  1155  1385 W BroadcastQueue: Background execution not allowed: receiving Intent { act=android.intent.action.PACKAGE_ADDED dat=package:com.iamyub.AndTTTip flg=0x4000010 (has extras) } to com.google.android.gms/.chimera.GmsIntentOperationService$PersistentTrustedReceiver
02-24 14:58:00.357  1155  1385 W BroadcastQueue: Background execution not allowed: receiving Intent { act=android.intent.action.PACKAGE_ADDED dat=package:com.iamyub.AndTTTip flg=0x4000010 (has extras) } to com.google.android.googlequicksearchbox/com.google.android.apps.gsa.googlequicksearchbox.GelStubAppWatcher
02-24 14:58:00.358  1155  1385 W BroadcastQueue: Background execution not allowed: receiving Intent { act=android.intent.action.PACKAGE_ADDED dat=package:com.iamyub.AndTTTip flg=0x4000010 (has extras) } to com.miui.global.packageinstaller/.AppInstalledReceiver
