02-24 14:58:54.066  1155  1385 W BroadcastQueue: Background execution not allowed: receiving Intent { act=android.intent.action.PACKAGE_REMOVED dat=package:cm.aptoide.pt flg=0x4000010 (has extras) } to com.xiaomi.discover/com.xiaomi.market.data.MyPackageMonitor
02-24 14:58:54.066  1155  1385 W BroadcastQueue: Background execution not allowed: receiving Intent { act=android.intent.action.PACKAGE_REMOVED dat=package:cm.aptoide.pt flg=0x4000010 (has extras) } to com.xiaomi.misettings/.usagestats.AppTimerReceiver
02-24 14:58:54.073  1155  1385 W BroadcastQueue: Background execution not allowed: receiving Intent { act=android.intent.action.PACKAGE_REMOVED dat=package:cm.aptoide.pt flg=0x4000010 (has extras) } to com.alibaba.intl.android.apps.poseidon/com.taobao.agoo.AgooCommondReceiver
02-24 14:58:54.104  1155  1385 W BroadcastQueue: Background execution not allowed: receiving Intent { act=android.intent.action.PACKAGE_REMOVED dat=package:cm.aptoide.pt flg=0x4000010 (has extras) } to com.alibaba.intl.android.apps.poseidon/com.taobao.accs.EventReceiver
02-24 14:58:54.105  1155  1385 W BroadcastQueue: Background execution not allowed: receiving Intent { act=android.intent.action.PACKAGE_REMOVED dat=package:cm.aptoide.pt flg=0x4000010 (has extras) } to com.daraz.android/com.taobao.accs.EventReceiver
02-24 14:58:54.117  1155  1385 W BroadcastQueue: Background execution not allowed: receiving Intent { act=android.intent.action.PACKAGE_REMOVED dat=package:cm.aptoide.pt flg=0x4000010 (has extras) } to com.daraz.android/com.taobao.agoo.AgooCommondReceiver
02-24 14:58:54.121  1155  4428 E IntervalStats: Unable to parse usage stats package 39
02-24 14:58:54.121  1155  4428 E IntervalStats: Unable to parse usage stats package 115
02-24 14:58:54.121  1155  4428 E IntervalStats: Unable to parse usage stats package 216
02-24 14:58:54.145  1155  1385 W BroadcastQueue: Background execution not allowed: receiving Intent { act=android.intent.action.PACKAGE_REMOVED dat=package:cm.aptoide.pt flg=0x4000010 (has extras) } to com.duokan.phone.remotecontroller.peel.plugin/com.peel.srv.receiver.SrvPackageBroadcastReceiver
02-24 14:58:54.182  1155  1385 W BroadcastQueue: Background execution not allowed: receiving Intent { act=android.intent.action.PACKAGE_REMOVED dat=package:cm.aptoide.pt flg=0x4000010 (has extras) } to com.facebook.katana/com.facebook.feed.platformads.AppInstallReceiver
02-24 14:58:54.183  1155  1385 W BroadcastQueue: Background execution not allowed: receiving Intent { act=android.intent.action.PACKAGE_ADDED dat=package:cm.aptoide.pt flg=0x4000010 (has extras) } to com.lbe.security.miui/com.lbe.security.service.BootReceiver
02-24 14:58:54.183  1155  1385 W BroadcastQueue: Background execution not allowed: receiving Intent { act=android.intent.action.PACKAGE_ADDED dat=package:cm.aptoide.pt flg=0x4000010 (has extras) } to com.google.android.packageinstaller/com.android.packageinstaller.PackageInstalledReceiver
02-24 14:58:54.183  1155  1385 W BroadcastQueue: Background execution not allowed: receiving Intent { act=android.intent.action.PACKAGE_ADDED dat=package:cm.aptoide.pt flg=0x4000010 (has extras) } to com.android.settings/.search.provider.UpdateReceiver
02-24 14:58:54.183  1155  1385 W BroadcastQueue: Background execution not allowed: receiving Intent { act=android.intent.action.PACKAGE_ADDED dat=package:cm.aptoide.pt flg=0x4000010 (has extras) } to com.android.vending/com.google.android.finsky.packagemanager.impl.PackageMonitorReceiverImpl$RegisteredReceiver
02-24 14:58:54.183  1155  1385 W BroadcastQueue: Background execution not allowed: receiving Intent { act=android.intent.action.PACKAGE_ADDED dat=package:cm.aptoide.pt flg=0x4000010 (has extras) } to com.google.android.gms/.games.chimera.GamesSystemBroadcastReceiverProxy
02-24 14:58:54.183  1155  1385 W BroadcastQueue: Background execution not allowed: receiving Intent { act=android.intent.action.PACKAGE_ADDED dat=package:cm.aptoide.pt flg=0x4000010 (has extras) } to com.google.android.gms/.gass.chimera.PackageChangeBroadcastReceiver
02-24 14:58:54.183  1155  1385 W BroadcastQueue: Background execution not allowed: receiving Intent { act=android.intent.action.PACKAGE_ADDED dat=package:cm.aptoide.pt flg=0x4000010 (has extras) } to com.google.android.gms/.chimera.GmsIntentOperationService$PersistentTrustedReceiver
02-24 14:58:54.183  1155  1385 W BroadcastQueue: Background execution not allowed: receiving Intent { act=android.intent.action.PACKAGE_ADDED dat=package:cm.aptoide.pt flg=0x4000010 (has extras) } to com.google.android.googlequicksearchbox/com.google.android.apps.gsa.googlequicksearchbox.GelStubAppWatcher
02-24 14:58:54.183  1155  1385 W BroadcastQueue: Background execution not allowed: receiving Intent { act=android.intent.action.PACKAGE_ADDED dat=package:cm.aptoide.pt flg=0x4000010 (has extras) } to com.miui.global.packageinstaller/.AppInstalledReceiver
02-24 14:58:54.184  1155  1385 W BroadcastQueue: Background execution not allowed: receiving Intent { act=android.intent.action.PACKAGE_ADDED dat=package:cm.aptoide.pt flg=0x4000010 (has extras) } to com.xiaomi.discover/com.xiaomi.market.data.MyPackageMonitor
02-24 14:58:54.184  1155  1385 W BroadcastQueue: Background execution not allowed: receiving Intent { act=android.intent.action.PACKAGE_ADDED dat=package:cm.aptoide.pt flg=0x4000010 (has extras) } to com.xiaomi.misettings/.usagestats.AppTimerReceiver
02-24 14:58:54.184  1155  1385 W BroadcastQueue: Background execution not allowed: receiving Intent { act=android.intent.action.PACKAGE_ADDED dat=package:cm.aptoide.pt flg=0x4000010 (has extras) } to com.duokan.phone.remotecontroller.peel.plugin/com.peel.srv.receiver.SrvPackageBroadcastReceiver
02-24 14:58:54.184  1155  1385 W BroadcastQueue: Background execution not allowed: receiving Intent { act=android.intent.action.PACKAGE_ADDED dat=package:cm.aptoide.pt flg=0x4000010 (has extras) } to com.facebook.katana/com.facebook.feed.platformads.AppInstallReceiver
02-24 14:58:54.184  1155  1385 W BroadcastQueue: Background execution not allowed: receiving Intent { act=android.intent.action.PACKAGE_ADDED dat=package:cm.aptoide.pt flg=0x4000010 (has extras) } to com.intsig.camscanner/com.microsoft.aad.adal.ApplicationReceiver
02-24 14:58:54.222  1155  2815 W BroadcastQueue: Background execution not allowed: receiving Intent { act=android.intent.action.PACKAGE_REPLACED dat=package:cm.aptoide.pt flg=0x4000010 (has extras) } to com.google.android.gms/.gass.chimera.PackageChangeBroadcastReceiver
02-24 14:58:54.224  1155  1372 W Looper  : Slow dispatch took 113ms android.fg h=android.os.Handler c=<recycled PooledLambda@b3e55bb> m=0
02-24 14:58:54.233  1155  1385 W BroadcastQueue: Background execution not allowed: receiving Intent { act=android.intent.action.PACKAGE_REPLACED dat=package:cm.aptoide.pt flg=0x4000010 (has extras) } to com.google.android.gms/.chimera.GmsIntentOperationService$PersistentTrustedReceiver
02-24 14:58:54.236  1155  1385 W BroadcastQueue: Background execution not allowed: receiving Intent { act=android.intent.action.PACKAGE_REPLACED dat=package:cm.aptoide.pt flg=0x4000010 (has extras) } to com.google.android.googlequicksearchbox/com.google.android.apps.gsa.googlequicksearchbox.GelStubAppWatcher
02-24 14:58:54.236  1155  1385 W BroadcastQueue: Background execution not allowed: receiving Intent { act=android.intent.action.PACKAGE_REPLACED dat=package:cm.aptoide.pt flg=0x4000010 (has extras) } to com.duokan.phone.remotecontroller.peel.plugin/com.peel.srv.receiver.SrvPackageBroadcastReceiver
02-24 14:58:54.406  1155  1372 W Looper  : Slow delivery took 210ms android.fg h=android.os.Handler c=<recycled PooledLambda@e33f2c8> m=0
02-24 14:58:54.429  1155  1155 W Looper  : Slow dispatch took 336ms main h=android.app.ActivityThread$H c=android.app.-$$Lambda$LoadedApk$ReceiverDispatcher$Args$_BumDX2UKsnxLVrE6UJsJZkotuA@a8f9da5 m=0
02-24 14:58:54.429  1155  1155 W Looper  : Slow delivery took 414ms main h=android.app.ActivityThread$H c=android.app.-$$Lambda$LoadedApk$ReceiverDispatcher$Args$_BumDX2UKsnxLVrE6UJsJZkotuA@a03012b m=0
02-24 14:58:54.530  1155  1155 I Telecom : DefaultDialerCache: Refreshing default dialer for user 0: now com.google.android.dialer: DDC.oR@730
02-24 14:58:54.530  1155  1155 I Telecom : DefaultDialerCache: Refreshing default dialer for user 999: now com.google.android.dialer: DDC.oR@730
02-24 14:58:54.565  1155  1155 W Looper  : Drained
02-24 14:58:54.579 13897 20123 W BpBinder: Slow Binder: BpBinder transact took 287 ms, interface=com.google.android.auth.IAuthManagerService, code=6 oneway=false
02-24 14:58:54.862 13897  7112 W BpBinder: Slow Binder: BpBinder transact took 492 ms, interface=com.google.android.auth.IAuthManagerService, code=5 oneway=false
02-24 14:58:55.232  1155  1372 W Looper  : Drained
02-24 14:58:55.425  1155  2695 W SettingsStatsUtil: Can not parse value to float: gps,network
02-24 14:58:55.432  1155  2695 W SettingsStatsUtil: Can not parse value to float: gps,network
02-24 14:58:55.855  1155  2815 I InstallationStatistic: beginInstallSession: 1269217757
02-24 14:58:55.918  1155  1494 I ActivityTaskManager: START u0 {act=android.intent.action.VIEW dat=file:///data/app/vmdl1269217757.tmp typ=application/vnd.android.package-archive flg=0x18000000 cmp=com.miui.securitycenter/com.miui.permcenter.install.AdbInstallActivity (has extras)} from uid 1000
02-24 14:58:55.931  1155  2695 W ActivityTaskManager: Tried to set launchTime (0) < mLastActivityLaunchTime (640420781)
02-24 14:58:55.933  1155  2695 W WindowManager: Changing focus fromWindow{325ac36 mode=1 rootTaskId=1 u0 com.miui.home/com.miui.home.launcher.Launcher} to null displayId=0 Callers=com.android.server.wm.RootWindowContainer.updateFocusedWindowLocked:473 com.android.server.wm.WindowManagerService.updateFocusedWindowLocked:6206 com.android.server.wm.DisplayContent.setFocusedApp:5798 com.android.server.wm.ActivityTaskManagerService.setResumedActivityUncheckLocked:5832 
02-24 14:58:55.935  1155  2695 I Timeline: Timeline: App_transition_ready time:640426893
02-24 14:58:55.993  1155  4427 W WindowManager: Changing focus fromnull to Window{325ac36 mode=1 rootTaskId=1 u0 com.miui.home/com.miui.home.launcher.Launcher} displayId=0 Callers=com.android.server.wm.RootWindowContainer.updateFocusedWindowLocked:473 com.android.server.wm.WindowManagerService.updateFocusedWindowLocked:6206 com.android.server.wm.WindowManagerService.relayoutWindow:2717 com.android.server.wm.Session.relayout:213 
02-24 14:58:56.013  1155  4427 I Timeline: Timeline: App_transition_ready time:640426971
02-24 14:58:56.013  1155  4427 I Timeline: Timeline: App_transition_stopped time:640426971
02-24 14:58:56.047  1155  1416 I PackageManager: Integrity check passed for file:///data/app/vmdl1269217757.tmp
02-24 14:58:56.135  1155  1385 I ActivityManager: Force stopping com.parental.control.v4 appid=10584 user=-1: installPackageLI
02-24 14:58:56.135  1155  1416 I PackageManager: Update package com.parental.control.v4 code path from /data/app/~~aX0Y6jNyb6Cyx0ScyJOYBg==/com.parental.control.v4-J5jhLnZn-u3LlRlnUm37ag== to /data/app/~~shaiTyWrE8LTjKYxtzkiFw==/com.parental.control.v4-uf_RQJtxq_M7EhEhraFL0A==; Retain data and using new
02-24 14:58:56.135  1155  1416 I PackageManager: Update package com.parental.control.v4 resource path from /data/app/~~aX0Y6jNyb6Cyx0ScyJOYBg==/com.parental.control.v4-J5jhLnZn-u3LlRlnUm37ag== to /data/app/~~shaiTyWrE8LTjKYxtzkiFw==/com.parental.control.v4-uf_RQJtxq_M7EhEhraFL0A==; Retain data and using new
02-24 14:58:56.136  1155  1416 I AppsFilter: interaction: PackageSetting{aee888c com.thertechno.projectkishan/10363} -> PackageSetting{64aaa49 com.parental.control.v4/10584} BLOCKED
02-24 14:58:56.137  1155  1416 I AppsFilter: interaction: PackageSetting{aee888c com.thertechno.projectkishan/10363} -> PackageSetting{64aaa49 com.parental.control.v4/10584} BLOCKED
02-24 14:58:56.240  1155  1416 W PackageSettings: Skipping PackageSetting{398f66d com.lenovo.anyshare.gps/10183} due to missing metadata
02-24 14:58:56.264  1155  1372 W Looper  : Slow dispatch took 114ms android.fg h=android.os.Handler c=<recycled PooledLambda@dafa8b2> m=0
02-24 14:58:56.349  1155  1416 I InstallationStatistic: com.parental.control.v4|null|494|45|11|112|99|76
02-24 14:58:56.350  1155  1416 I AppsFilter: interaction: PackageSetting{aee888c com.thertechno.projectkishan/10363} -> PackageSetting{1108392 com.parental.control.v4/10584} BLOCKED
02-24 14:58:56.355  1155  1416 I ActivityManager: Force stopping com.parental.control.v4 appid=10584 user=0: pkg removed
02-24 14:58:56.356 23045 23045 W BpBinder: Slow Binder: BpBinder transact took 507 ms, interface=android.content.pm.IPackageManager, code=1598246212 oneway=false
02-24 14:58:56.370  1155  1385 W BroadcastQueue: Background execution not allowed: receiving Intent { act=android.intent.action.PACKAGE_REMOVED dat=package:com.parental.control.v4 flg=0x4000010 (has extras) } to com.lbe.security.miui/com.lbe.security.service.BootReceiver
02-24 14:58:56.371  1155  1385 W BroadcastQueue: Background execution not allowed: receiving Intent { act=android.intent.action.PACKAGE_REMOVED dat=package:com.parental.control.v4 flg=0x4000010 (has extras) } to com.android.settings/.search.provider.UpdateReceiver
02-24 14:58:56.401  1155  2653 I MiuiCompatModePackages: package com.parental.control.v4 updated, removing config
02-24 14:58:56.415  1155  1385 W BroadcastQueue: Background execution not allowed: receiving Intent { act=android.intent.action.PACKAGE_REMOVED dat=package:com.parental.control.v4 flg=0x4000010 (has extras) } to com.android.vending/com.google.android.finsky.packagemanager.impl.PackageMonitorReceiverImpl$RegisteredReceiver
02-24 14:58:56.415  1155  1385 W BroadcastQueue: Background execution not allowed: receiving Intent { act=android.intent.action.PACKAGE_REMOVED dat=package:com.parental.control.v4 flg=0x4000010 (has extras) } to com.android.vending/com.google.android.finsky.instantapps.appmanagement.InstantAppRemoveMonitor
02-24 14:58:56.426  1155  5025 E IntervalStats: Unable to parse usage stats package 39
02-24 14:58:56.426  1155  5025 E IntervalStats: Unable to parse usage stats package 115
02-24 14:58:56.426  1155  5025 E IntervalStats: Unable to parse usage stats package 216
02-24 14:58:56.460  1155  1385 W BroadcastQueue: Background execution not allowed: receiving Intent { act=android.intent.action.PACKAGE_REMOVED dat=package:com.parental.control.v4 flg=0x4000010 (has extras) } to com.google.android.gms/.games.chimera.GamesSystemBroadcastReceiverProxy
02-24 14:58:56.473  1155  1385 W BroadcastQueue: Background execution not allowed: receiving Intent { act=android.intent.action.PACKAGE_REMOVED dat=package:com.parental.control.v4 flg=0x4000010 (has extras) } to com.google.android.gms/.chimera.GmsIntentOperationService$PersistentTrustedReceiver
02-24 14:58:56.474  1155  1385 W BroadcastQueue: Background execution not allowed: receiving Intent { act=android.intent.action.PACKAGE_REMOVED dat=package:com.parental.control.v4 flg=0x4000010 (has extras) } to com.google.android.googlequicksearchbox/com.google.android.apps.gsa.googlequicksearchbox.GelStubAppWatcher
02-24 14:58:56.476  1155  1385 W BroadcastQueue: Background execution not allowed: receiving Intent { act=android.intent.action.PACKAGE_REMOVED dat=package:com.parental.control.v4 flg=0x4000010 (has extras) } to com.xiaomi.discover/com.xiaomi.market.data.MyPackageMonitor
02-24 14:58:56.476  1155  1385 W BroadcastQueue: Background execution not allowed: receiving Intent { act=android.intent.action.PACKAGE_REMOVED dat=package:com.parental.control.v4 flg=0x4000010 (has extras) } to com.xiaomi.misettings/.usagestats.AppTimerReceiver
02-24 14:58:56.499  1155  4949 E IntervalStats: Unable to parse usage stats package 39
02-24 14:58:56.499  1155  4949 E IntervalStats: Unable to parse usage stats package 115
02-24 14:58:56.499  1155  4949 E IntervalStats: Unable to parse usage stats package 216
02-24 14:58:56.510  1155  1385 W BroadcastQueue: Background execution not allowed: receiving Intent { act=android.intent.action.PACKAGE_REMOVED dat=package:com.parental.control.v4 flg=0x4000010 (has extras) } to com.daraz.android/com.taobao.accs.EventReceiver
02-24 14:58:56.535  1155  1385 W BroadcastQueue: Background execution not allowed: receiving Intent { act=android.intent.action.PACKAGE_REMOVED dat=package:com.parental.control.v4 flg=0x4000010 (has extras) } to com.daraz.android/com.taobao.agoo.AgooCommondReceiver
02-24 14:58:56.536  1155  1385 W BroadcastQueue: Background execution not allowed: receiving Intent { act=android.intent.action.PACKAGE_REMOVED dat=package:com.parental.control.v4 flg=0x4000010 (has extras) } to com.duokan.phone.remotecontroller.peel.plugin/com.peel.srv.receiver.SrvPackageBroadcastReceiver
02-24 14:58:56.548  1155  1385 W BroadcastQueue: Background execution not allowed: receiving Intent { act=android.intent.action.PACKAGE_REMOVED dat=package:com.parental.control.v4 flg=0x4000010 (has extras) } to com.facebook.katana/com.facebook.feed.platformads.AppInstallReceiver
02-24 14:58:56.558  1155  1385 W BroadcastQueue: Background execution not allowed: receiving Intent { act=android.intent.action.PACKAGE_ADDED dat=package:com.parental.control.v4 flg=0x4000010 (has extras) } to com.lbe.security.miui/com.lbe.security.service.BootReceiver
02-24 14:58:56.559  1155  1385 W BroadcastQueue: Background execution not allowed: receiving Intent { act=android.intent.action.PACKAGE_ADDED dat=package:com.parental.control.v4 flg=0x4000010 (has extras) } to com.google.android.packageinstaller/com.android.packageinstaller.PackageInstalledReceiver
02-24 14:58:56.562  1155  1385 W BroadcastQueue: Background execution not allowed: receiving Intent { act=android.intent.action.PACKAGE_ADDED dat=package:com.parental.control.v4 flg=0x4000010 (has extras) } to com.android.settings/.search.provider.UpdateReceiver
02-24 14:58:56.562  1155  1385 W BroadcastQueue: Background execution not allowed: receiving Intent { act=android.intent.action.PACKAGE_ADDED dat=package:com.parental.control.v4 flg=0x4000010 (has extras) } to com.android.vending/com.google.android.finsky.packagemanager.impl.PackageMonitorReceiverImpl$RegisteredReceiver
02-24 14:58:56.563  1155  1385 W BroadcastQueue: Background execution not allowed: receiving Intent { act=android.intent.action.PACKAGE_ADDED dat=package:com.parental.control.v4 flg=0x4000010 (has extras) } to com.google.android.gms/.games.chimera.GamesSystemBroadcastReceiverProxy
02-24 14:58:56.563  1155  1385 W BroadcastQueue: Background execution not allowed: receiving Intent { act=android.intent.action.PACKAGE_ADDED dat=package:com.parental.control.v4 flg=0x4000010 (has extras) } to com.google.android.gms/.gass.chimera.PackageChangeBroadcastReceiver
02-24 14:58:56.564  1155  1385 W BroadcastQueue: Background execution not allowed: receiving Intent { act=android.intent.action.PACKAGE_ADDED dat=package:com.parental.control.v4 flg=0x4000010 (has extras) } to com.google.android.gms/.chimera.GmsIntentOperationService$PersistentTrustedReceiver
02-24 14:58:56.565  1155  1385 W BroadcastQueue: Background execution not allowed: receiving Intent { act=android.intent.action.PACKAGE_ADDED dat=package:com.parental.control.v4 flg=0x4000010 (has extras) } to com.google.android.googlequicksearchbox/com.google.android.apps.gsa.googlequicksearchbox.GelStubAppWatcher
02-24 14:58:56.565  1155  1385 W BroadcastQueue: Background execution not allowed: receiving Intent { act=android.intent.action.PACKAGE_ADDED dat=package:com.parental.control.v4 flg=0x4000010 (has extras) } to com.miui.global.packageinstaller/.AppInstalledReceiver
02-24 14:58:56.565  1155  1385 W BroadcastQueue: Background execution not allowed: receiving Intent { act=android.intent.action.PACKAGE_ADDED dat=package:com.parental.control.v4 flg=0x4000010 (has extras) } to com.xiaomi.discover/com.xiaomi.market.data.MyPackageMonitor
02-24 14:58:56.565  1155  1385 W BroadcastQueue: Background execution not allowed: receiving Intent { act=android.intent.action.PACKAGE_ADDED dat=package:com.parental.control.v4 flg=0x4000010 (has extras) } to com.xiaomi.misettings/.usagestats.AppTimerReceiver
02-24 14:58:56.565  1155  1385 W BroadcastQueue: Background execution not allowed: receiving Intent { act=android.intent.action.PACKAGE_ADDED dat=package:com.parental.control.v4 flg=0x4000010 (has extras) } to com.duokan.phone.remotecontroller.peel.plugin/com.peel.srv.receiver.SrvPackageBroadcastReceiver
02-24 14:58:56.565  1155  1385 W BroadcastQueue: Background execution not allowed: receiving Intent { act=android.intent.action.PACKAGE_ADDED dat=package:com.parental.control.v4 flg=0x4000010 (has extras) } to com.facebook.katana/com.facebook.feed.platformads.AppInstallReceiver
02-24 14:58:56.565  1155  1385 W BroadcastQueue: Background execution not allowed: receiving Intent { act=android.intent.action.PACKAGE_ADDED dat=package:com.parental.control.v4 flg=0x4000010 (has extras) } to com.intsig.camscanner/com.microsoft.aad.adal.ApplicationReceiver
02-24 14:58:56.574  1155  1372 W Looper  : Slow dispatch took 114ms android.fg h=android.os.Handler c=<recycled PooledLambda@89ffb7b> m=0
02-24 14:58:56.599  1155  4949 W BroadcastQueue: Background execution not allowed: receiving Intent { act=android.intent.action.PACKAGE_REPLACED dat=package:com.parental.control.v4 flg=0x4000010 (has extras) } to com.google.android.gms/.gass.chimera.PackageChangeBroadcastReceiver
02-24 14:58:56.606  1155  1385 W BroadcastQueue: Background execution not allowed: receiving Intent { act=android.intent.action.PACKAGE_REPLACED dat=package:com.parental.control.v4 flg=0x4000010 (has extras) } to com.google.android.gms/.chimera.GmsIntentOperationService$PersistentTrustedReceiver
02-24 14:58:56.607  1155  1385 W BroadcastQueue: Background execution not allowed: receiving Intent { act=android.intent.action.PACKAGE_REPLACED dat=package:com.parental.control.v4 flg=0x4000010 (has extras) } to com.google.android.googlequicksearchbox/com.google.android.apps.gsa.googlequicksearchbox.GelStubAppWatcher
02-24 14:58:56.607  1155  1385 W BroadcastQueue: Background execution not allowed: receiving Intent { act=android.intent.action.PACKAGE_REPLACED dat=package:com.parental.control.v4 flg=0x4000010 (has extras) } to com.duokan.phone.remotecontroller.peel.plugin/com.peel.srv.receiver.SrvPackageBroadcastReceiver
02-24 14:58:56.741  1155  1155 W Looper  : Slow dispatch took 343ms main h=android.app.ActivityThread$H c=android.app.-$$Lambda$LoadedApk$ReceiverDispatcher$Args$_BumDX2UKsnxLVrE6UJsJZkotuA@77d5506 m=0
02-24 14:58:56.741  1155  1155 W Looper  : Slow delivery took 344ms main h=android.app.ActivityThread$H c=android.app.-$$Lambda$LoadedApk$ReceiverDispatcher$Args$_BumDX2UKsnxLVrE6UJsJZkotuA@8e937c7 m=0
02-24 14:58:56.759  1155  1372 W Looper  : Slow delivery took 227ms android.fg h=android.os.Handler c=<recycled PooledLambda@92b5c7f> m=0
02-24 14:58:56.853  1155  1155 I Telecom : DefaultDialerCache: Refreshing default dialer for user 0: now com.google.android.dialer: DDC.oR@74A
02-24 14:58:56.853  1155  1155 I Telecom : DefaultDialerCache: Refreshing default dialer for user 999: now com.google.android.dialer: DDC.oR@74A
02-24 14:58:56.892  1155  1155 W Looper  : Drained
02-24 14:58:56.906 13897 20123 W BpBinder: Slow Binder: BpBinder transact took 244 ms, interface=com.google.android.auth.IAuthManagerService, code=6 oneway=false
02-24 14:58:56.974  1155  1372 W Looper  : Drained
02-24 14:58:57.376 13897 19797 W BpBinder: Slow Binder: BpBinder transact took 620 ms, interface=com.google.android.auth.IAuthManagerService, code=5 oneway=false
02-24 14:58:57.485  1155  3889 W SettingsStatsUtil: Can not parse value to float: gps,network
02-24 14:58:57.490  1155  3889 W SettingsStatsUtil: Can not parse value to float: gps,network
02-24 14:58:58.044  1155  3889 I InstallationStatistic: beginInstallSession: 1901791992
02-24 14:58:58.126  1155  1494 I ActivityTaskManager: START u0 {act=android.intent.action.VIEW dat=file:///data/app/vmdl1901791992.tmp typ=application/vnd.android.package-archive flg=0x18000000 cmp=com.miui.securitycenter/com.miui.permcenter.install.AdbInstallActivity (has extras)} from uid 1000
02-24 14:58:58.140  1155  5023 W ActivityTaskManager: Tried to set launchTime (0) < mLastActivityLaunchTime (640426890)
02-24 14:58:58.143  1155  5023 W WindowManager: Changing focus fromWindow{325ac36 mode=1 rootTaskId=1 u0 com.miui.home/com.miui.home.launcher.Launcher} to null displayId=0 Callers=com.android.server.wm.RootWindowContainer.updateFocusedWindowLocked:473 com.android.server.wm.WindowManagerService.updateFocusedWindowLocked:6206 com.android.server.wm.DisplayContent.setFocusedApp:5798 com.android.server.wm.ActivityTaskManagerService.setResumedActivityUncheckLocked:5832 
02-24 14:58:58.146  1155  5023 I Timeline: Timeline: App_transition_ready time:640429105
02-24 14:58:58.199  1155  2695 W WindowManager: Changing focus fromnull to Window{325ac36 mode=1 rootTaskId=1 u0 com.miui.home/com.miui.home.launcher.Launcher} displayId=0 Callers=com.android.server.wm.RootWindowContainer.updateFocusedWindowLocked:473 com.android.server.wm.WindowManagerService.updateFocusedWindowLocked:6206 com.android.server.wm.WindowManagerService.relayoutWindow:2717 com.android.server.wm.Session.relayout:213 
02-24 14:58:58.221  1155  2695 I Timeline: Timeline: App_transition_ready time:640429179
02-24 14:58:58.221  1155  2695 I Timeline: Timeline: App_transition_stopped time:640429179
02-24 14:58:58.240  1155  1416 W PackageManager: Downgrade detected: Update version code 2 is older than current 3
02-24 14:58:58.240  1155  1416 I InstallationStatistic: null|null|196|58|9|114|0|0
02-24 14:58:58.241  1155  1416 I PackageManagerServiceInjector: MIUILOG-onPackageInstalled: PackageEvent { mTimeStamp=2022-02-24 14:58:58 mAction=Install mPackageName=/data/app/vmdl1901791992.tmp mReturnCode=-25 mReturnMsg= mVersionCode=0 mVersionName=mInstallerPkgName=
02-24 14:58:58.247 23087 23087 W BpBinder: Slow Binder: BpBinder transact took 208 ms, interface=android.content.pm.IPackageManager, code=1598246212 oneway=false
02-24 14:58:59.451  1155  1297 I InstallationStatistic: beginInstallSession: 873523211
02-24 14:58:59.510  1155  1494 I ActivityTaskManager: START u0 {act=android.intent.action.VIEW dat=file:///data/app/vmdl873523211.tmp typ=application/vnd.android.package-archive flg=0x18000000 cmp=com.miui.securitycenter/com.miui.permcenter.install.AdbInstallActivity (has extras)} from uid 1000
02-24 14:58:59.521  1155  5466 W ActivityTaskManager: Tried to set launchTime (0) < mLastActivityLaunchTime (640429099)
02-24 14:58:59.524  1155  5466 W WindowManager: Changing focus fromWindow{325ac36 mode=1 rootTaskId=1 u0 com.miui.home/com.miui.home.launcher.Launcher} to null displayId=0 Callers=com.android.server.wm.RootWindowContainer.updateFocusedWindowLocked:473 com.android.server.wm.WindowManagerService.updateFocusedWindowLocked:6206 com.android.server.wm.DisplayContent.setFocusedApp:5798 com.android.server.wm.ActivityTaskManagerService.setResumedActivityUncheckLocked:5832 
02-24 14:58:59.526  1155  5466 I Timeline: Timeline: App_transition_ready time:640430485
02-24 14:58:59.576  1155  2695 W WindowManager: Changing focus fromnull to Window{325ac36 mode=1 rootTaskId=1 u0 com.miui.home/com.miui.home.launcher.Launcher} displayId=0 Callers=com.android.server.wm.RootWindowContainer.updateFocusedWindowLocked:473 com.android.server.wm.WindowManagerService.updateFocusedWindowLocked:6206 com.android.server.wm.WindowManagerService.relayoutWindow:2717 com.android.server.wm.Session.relayout:213 
02-24 14:58:59.595  1155  2695 I Timeline: Timeline: App_transition_ready time:640430554
02-24 14:58:59.596  1155  2695 I Timeline: Timeline: App_transition_stopped time:640430554
02-24 14:58:59.636  1155  1416 I PackageManager: Integrity check passed for file:///data/app/vmdl873523211.tmp
02-24 14:58:59.719  1155  1385 I ActivityManager: Force stopping rikka.safetynetchecker appid=10585 user=-1: installPackageLI
02-24 14:58:59.719  1155  1416 I PackageManager: Update package rikka.safetynetchecker code path from /data/app/~~6Z1x9Ffpz6tkzybsPqfuAQ==/rikka.safetynetchecker-oO0g8L7wIf6WVp6XHD1pmg== to /data/app/~~DKd7bbfaNz6Yy8loRVrViA==/rikka.safetynetchecker-FpruHsTk5HIOu1MxMaIzqQ==; Retain data and using new
02-24 14:58:59.719  1155  1416 I PackageManager: Update package rikka.safetynetchecker resource path from /data/app/~~6Z1x9Ffpz6tkzybsPqfuAQ==/rikka.safetynetchecker-oO0g8L7wIf6WVp6XHD1pmg== to /data/app/~~DKd7bbfaNz6Yy8loRVrViA==/rikka.safetynetchecker-FpruHsTk5HIOu1MxMaIzqQ==; Retain data and using new
02-24 14:58:59.720  1155  1416 I AppsFilter: interaction: PackageSetting{aee888c com.thertechno.projectkishan/10363} -> PackageSetting{7e45ba2 rikka.safetynetchecker/10585} BLOCKED
02-24 14:58:59.720  1155  1416 I AppsFilter: interaction: PackageSetting{aee888c com.thertechno.projectkishan/10363} -> PackageSetting{7e45ba2 rikka.safetynetchecker/10585} BLOCKED
02-24 14:58:59.827  1155  1416 W PackageSettings: Skipping PackageSetting{398f66d com.lenovo.anyshare.gps/10183} due to missing metadata
02-24 14:59:00.087  1155  1416 W BpBinder: Slow Binder: BpBinder transact took 234 ms, interface=android.os.IInstalld, code=17 oneway=false
02-24 14:59:00.088  1155  1416 I InstallationStatistic: rikka.safetynetchecker|null|637|46|3|104|96|236
02-24 14:59:00.089  1155  1416 I AppsFilter: interaction: PackageSetting{aee888c com.thertechno.projectkishan/10363} -> PackageSetting{48a1db0 rikka.safetynetchecker/10585} BLOCKED
02-24 14:59:00.095 23097 23097 W BpBinder: Slow Binder: BpBinder transact took 646 ms, interface=android.content.pm.IPackageManager, code=1598246212 oneway=false
02-24 14:59:00.096  1155  1416 I ActivityManager: Force stopping rikka.safetynetchecker appid=10585 user=0: pkg removed
02-24 14:59:00.127  1155  1385 W BroadcastQueue: Background execution not allowed: receiving Intent { act=android.intent.action.PACKAGE_REMOVED dat=package:rikka.safetynetchecker flg=0x4000010 (has extras) } to com.lbe.security.miui/com.lbe.security.service.BootReceiver
02-24 14:59:00.138  1155  2653 I MiuiCompatModePackages: package rikka.safetynetchecker updated, removing config
02-24 14:59:00.151  1155  1385 W BroadcastQueue: Background execution not allowed: receiving Intent { act=android.intent.action.PACKAGE_REMOVED dat=package:rikka.safetynetchecker flg=0x4000010 (has extras) } to com.android.settings/.search.provider.UpdateReceiver
02-24 14:59:00.191  1155  5025 E IntervalStats: Unable to parse usage stats package 39
02-24 14:59:00.192  1155  5025 E IntervalStats: Unable to parse usage stats package 115
02-24 14:59:00.192  1155  5025 E IntervalStats: Unable to parse usage stats package 216
02-24 14:59:00.258  1155  1385 W BroadcastQueue: Background execution not allowed: receiving Intent { act=android.intent.action.PACKAGE_REMOVED dat=package:rikka.safetynetchecker flg=0x4000010 (has extras) } to com.android.vending/com.google.android.finsky.packagemanager.impl.PackageMonitorReceiverImpl$RegisteredReceiver
02-24 14:59:00.273  1155  1385 W BroadcastQueue: Background execution not allowed: receiving Intent { act=android.intent.action.PACKAGE_REMOVED dat=package:rikka.safetynetchecker flg=0x4000010 (has extras) } to com.android.vending/com.google.android.finsky.instantapps.appmanagement.InstantAppRemoveMonitor
02-24 14:59:00.273  1155  1385 W BroadcastQueue: Background execution not allowed: receiving Intent { act=android.intent.action.PACKAGE_REMOVED dat=package:rikka.safetynetchecker flg=0x4000010 (has extras) } to com.google.android.gms/.games.chimera.GamesSystemBroadcastReceiverProxy
02-24 14:59:00.273  1155  1385 W BroadcastQueue: Background execution not allowed: receiving Intent { act=android.intent.action.PACKAGE_REMOVED dat=package:rikka.safetynetchecker flg=0x4000010 (has extras) } to com.google.android.gms/.chimera.GmsIntentOperationService$PersistentTrustedReceiver
02-24 14:59:00.274  1155  1385 W BroadcastQueue: Background execution not allowed: receiving Intent { act=android.intent.action.PACKAGE_REMOVED dat=package:rikka.safetynetchecker flg=0x4000010 (has extras) } to com.google.android.googlequicksearchbox/com.google.android.apps.gsa.googlequicksearchbox.GelStubAppWatcher
02-24 14:59:00.274  1155  1385 W BroadcastQueue: Background execution not allowed: receiving Intent { act=android.intent.action.PACKAGE_REMOVED dat=package:rikka.safetynetchecker flg=0x4000010 (has extras) } to com.xiaomi.discover/com.xiaomi.market.data.MyPackageMonitor
02-24 14:59:00.275  1155  1385 W BroadcastQueue: Background execution not allowed: receiving Intent { act=android.intent.action.PACKAGE_REMOVED dat=package:rikka.safetynetchecker flg=0x4000010 (has extras) } to com.xiaomi.misettings/.usagestats.AppTimerReceiver
02-24 14:59:00.276  1155  1385 W BroadcastQueue: Background execution not allowed: receiving Intent { act=android.intent.action.PACKAGE_REMOVED dat=package:rikka.safetynetchecker flg=0x4000010 (has extras) } to com.daraz.android/com.taobao.accs.EventReceiver
02-24 14:59:00.281  1155  1385 W BroadcastQueue: Background execution not allowed: receiving Intent { act=android.intent.action.PACKAGE_REMOVED dat=package:rikka.safetynetchecker flg=0x4000010 (has extras) } to com.daraz.android/com.taobao.agoo.AgooCommondReceiver
02-24 14:59:00.281  1155  1385 W BroadcastQueue: Background execution not allowed: receiving Intent { act=android.intent.action.PACKAGE_REMOVED dat=package:rikka.safetynetchecker flg=0x4000010 (has extras) } to com.duokan.phone.remotecontroller.peel.plugin/com.peel.srv.receiver.SrvPackageBroadcastReceiver
02-24 14:59:00.281  1155  1385 W BroadcastQueue: Background execution not allowed: receiving Intent { act=android.intent.action.PACKAGE_REMOVED dat=package:rikka.safetynetchecker flg=0x4000010 (has extras) } to com.facebook.katana/com.facebook.feed.platformads.AppInstallReceiver
02-24 14:59:00.283  1155  1385 W BroadcastQueue: Background execution not allowed: receiving Intent { act=android.intent.action.PACKAGE_ADDED dat=package:rikka.safetynetchecker flg=0x4000010 (has extras) } to com.lbe.security.miui/com.lbe.security.service.BootReceiver
02-24 14:59:00.283  1155  1385 W BroadcastQueue: Background execution not allowed: receiving Intent { act=android.intent.action.PACKAGE_ADDED dat=package:rikka.safetynetchecker flg=0x4000010 (has extras) } to com.google.android.packageinstaller/com.android.packageinstaller.PackageInstalledReceiver
02-24 14:59:00.283  1155  1385 W BroadcastQueue: Background execution not allowed: receiving Intent { act=android.intent.action.PACKAGE_ADDED dat=package:rikka.safetynetchecker flg=0x4000010 (has extras) } to com.android.settings/.search.provider.UpdateReceiver
02-24 14:59:00.283  1155  1385 W BroadcastQueue: Background execution not allowed: receiving Intent { act=android.intent.action.PACKAGE_ADDED dat=package:rikka.safetynetchecker flg=0x4000010 (has extras) } to com.android.vending/com.google.android.finsky.packagemanager.impl.PackageMonitorReceiverImpl$RegisteredReceiver
02-24 14:59:00.283  1155  1385 W BroadcastQueue: Background execution not allowed: receiving Intent { act=android.intent.action.PACKAGE_ADDED dat=package:rikka.safetynetchecker flg=0x4000010 (has extras) } to com.google.android.gms/.games.chimera.GamesSystemBroadcastReceiverProxy
02-24 14:59:00.284  1155  5013 E IntervalStats: Unable to parse usage stats package 39
02-24 14:59:00.284  1155  5013 E IntervalStats: Unable to parse usage stats package 115
02-24 14:59:00.284  1155  5013 E IntervalStats: Unable to parse usage stats package 216
02-24 14:59:00.284  1155  1385 W BroadcastQueue: Background execution not allowed: receiving Intent { act=android.intent.action.PACKAGE_ADDED dat=package:rikka.safetynetchecker flg=0x4000010 (has extras) } to com.google.android.gms/.gass.chimera.PackageChangeBroadcastReceiver
02-24 14:59:00.287  1155  1385 W BroadcastQueue: Background execution not allowed: receiving Intent { act=android.intent.action.PACKAGE_ADDED dat=package:rikka.safetynetchecker flg=0x4000010 (has extras) } to com.google.android.gms/.chimera.GmsIntentOperationService$PersistentTrustedReceiver
02-24 14:59:00.288  1155  1385 W BroadcastQueue: Background execution not allowed: receiving Intent { act=android.intent.action.PACKAGE_ADDED dat=package:rikka.safetynetchecker flg=0x4000010 (has extras) } to com.google.android.googlequicksearchbox/com.google.android.apps.gsa.googlequicksearchbox.GelStubAppWatcher
02-24 14:59:00.289  1155  1385 W BroadcastQueue: Background execution not allowed: receiving Intent { act=android.intent.action.PACKAGE_ADDED dat=package:rikka.safetynetchecker flg=0x4000010 (has extras) } to com.miui.global.packageinstaller/.AppInstalledReceiver
02-24 14:59:00.289  1155  1385 W BroadcastQueue: Background execution not allowed: receiving Intent { act=android.intent.action.PACKAGE_ADDED dat=package:rikka.safetynetchecker flg=0x4000010 (has extras) } to com.xiaomi.discover/com.xiaomi.market.data.MyPackageMonitor
02-24 14:59:00.289  1155  1385 W BroadcastQueue: Background execution not allowed: receiving Intent { act=android.intent.action.PACKAGE_ADDED dat=package:rikka.safetynetchecker flg=0x4000010 (has extras) } to com.xiaomi.misettings/.usagestats.AppTimerReceiver
02-24 14:59:00.289  1155  1385 W BroadcastQueue: Background execution not allowed: receiving Intent { act=android.intent.action.PACKAGE_ADDED dat=package:rikka.safetynetchecker flg=0x4000010 (has extras) } to com.duokan.phone.remotecontroller.peel.plugin/com.peel.srv.receiver.SrvPackageBroadcastReceiver
02-24 14:59:00.289  1155  1385 W BroadcastQueue: Background execution not allowed: receiving Intent { act=android.intent.action.PACKAGE_ADDED dat=package:rikka.safetynetchecker flg=0x4000010 (has extras) } to com.facebook.katana/com.facebook.feed.platformads.AppInstallReceiver
02-24 14:59:00.289  1155  1385 W BroadcastQueue: Background execution not allowed: receiving Intent { act=android.intent.action.PACKAGE_ADDED dat=package:rikka.safetynetchecker flg=0x4000010 (has extras) } to com.intsig.camscanner/com.microsoft.aad.adal.ApplicationReceiver
02-24 14:59:00.358  1155  3891 W BroadcastQueue: Background execution not allowed: receiving Intent { act=android.intent.action.PACKAGE_REPLACED dat=package:rikka.safetynetchecker flg=0x4000010 (has extras) } to com.google.android.gms/.gass.chimera.PackageChangeBroadcastReceiver
02-24 14:59:00.359  1155  1385 W BroadcastQueue: Background execution not allowed: receiving Intent { act=android.intent.action.PACKAGE_REPLACED dat=package:rikka.safetynetchecker flg=0x4000010 (has extras) } to com.google.android.gms/.chimera.GmsIntentOperationService$PersistentTrustedReceiver
02-24 14:59:00.360  1155  1385 W BroadcastQueue: Background execution not allowed: receiving Intent { act=android.intent.action.PACKAGE_REPLACED dat=package:rikka.safetynetchecker flg=0x4000010 (has extras) } to com.google.android.googlequicksearchbox/com.google.android.apps.gsa.googlequicksearchbox.GelStubAppWatcher
02-24 14:59:00.400  1155  1385 W BroadcastQueue: Background execution not allowed: receiving Intent { act=android.intent.action.PACKAGE_REPLACED dat=package:rikka.safetynetchecker flg=0x4000010 (has extras) } to com.duokan.phone.remotecontroller.peel.plugin/com.peel.srv.receiver.SrvPackageBroadcastReceiver
02-24 14:59:00.489  1155  1155 W Looper  : Slow dispatch took 326ms main h=android.app.ActivityThread$H c=android.app.-$$Lambda$LoadedApk$ReceiverDispatcher$Args$_BumDX2UKsnxLVrE6UJsJZkotuA@f4e1327 m=0
02-24 14:59:00.489  1155  1155 W Looper  : Slow delivery took 352ms main h=android.app.ActivityThread$H c=android.app.-$$Lambda$LoadedApk$ReceiverDispatcher$Args$_BumDX2UKsnxLVrE6UJsJZkotuA@9535672 m=0
02-24 14:59:00.516  1155  1372 W Looper  : Slow delivery took 236ms android.fg h=android.os.Handler c=<recycled PooledLambda@aaeeade> m=0
02-24 14:59:00.597  1155  1155 W Looper  : Slow dispatch took 106ms main h=android.app.ActivityThread$H c=android.app.-$$Lambda$LoadedApk$ReceiverDispatcher$Args$_BumDX2UKsnxLVrE6UJsJZkotuA@fc070ba m=0
02-24 14:59:00.598  1155  1155 I Telecom : DefaultDialerCache: Refreshing default dialer for user 0: now com.google.android.dialer: DDC.oR@74M
02-24 14:59:00.598  1155  1155 I Telecom : DefaultDialerCache: Refreshing default dialer for user 999: now com.google.android.dialer: DDC.oR@74M
02-24 14:59:00.641  1155  1155 W Looper  : Drained
02-24 14:59:00.714  1155  1372 W Looper  : Drained
02-24 14:59:01.066  1155  5466 I InstallationStatistic: beginInstallSession: 792119659
02-24 14:59:01.069 13897  7112 W BpBinder: Slow Binder: BpBinder transact took 549 ms, interface=com.google.android.auth.IAuthManagerService, code=5 oneway=false
02-24 14:59:01.103  1155  3891 W SettingsStatsUtil: Can not parse value to float: gps,network
02-24 14:59:01.105  1155  3891 W SettingsStatsUtil: Can not parse value to float: gps,network
02-24 14:59:01.321  1155  1494 I ActivityTaskManager: START u0 {act=android.intent.action.VIEW dat=file:///data/app/vmdl792119659.tmp typ=application/vnd.android.package-archive flg=0x18000000 cmp=com.miui.securitycenter/com.miui.permcenter.install.AdbInstallActivity (has extras)} from uid 1000
02-24 14:59:01.333  1155  3890 W ActivityTaskManager: Tried to set launchTime (0) < mLastActivityLaunchTime (640430481)
02-24 14:59:01.335  1155  3890 W WindowManager: Changing focus fromWindow{325ac36 mode=1 rootTaskId=1 u0 com.miui.home/com.miui.home.launcher.Launcher} to null displayId=0 Callers=com.android.server.wm.RootWindowContainer.updateFocusedWindowLocked:473 com.android.server.wm.WindowManagerService.updateFocusedWindowLocked:6206 com.android.server.wm.DisplayContent.setFocusedApp:5798 com.android.server.wm.ActivityTaskManagerService.setResumedActivityUncheckLocked:5832 
02-24 14:59:01.337  1155  3890 I Timeline: Timeline: App_transition_ready time:640432295
02-24 14:59:01.389  1155  5011 W WindowManager: Changing focus fromnull to Window{325ac36 mode=1 rootTaskId=1 u0 com.miui.home/com.miui.home.launcher.Launcher} displayId=0 Callers=com.android.server.wm.RootWindowContainer.updateFocusedWindowLocked:473 com.android.server.wm.WindowManagerService.updateFocusedWindowLocked:6206 com.android.server.wm.WindowManagerService.relayoutWindow:2717 com.android.server.wm.Session.relayout:213 
02-24 14:59:01.417  1155  5011 I Timeline: Timeline: App_transition_ready time:640432375
02-24 14:59:01.417  1155  5011 I Timeline: Timeline: App_transition_stopped time:640432375
02-24 14:59:01.493  1155  1416 I PackageManager: Integrity check passed for file:///data/app/vmdl792119659.tmp
02-24 14:59:01.722  1155  1385 I ActivityManager: Force stopping com.todoist appid=10542 user=-1: installPackageLI
02-24 14:59:01.723  1155  1416 I PackageManager: Update package com.todoist code path from /data/app/~~ZkASkaxfO5ZmSocy_5JZqQ==/com.todoist-sb6UN714EzuBSZUQGU-MmQ== to /data/app/~~YRZm33ef6hEPTn723KzVxA==/com.todoist-8AeLelmk_kn2KB0PQ0OK8Q==; Retain data and using new
02-24 14:59:01.723  1155  1416 I PackageManager: Update package com.todoist resource path from /data/app/~~ZkASkaxfO5ZmSocy_5JZqQ==/com.todoist-sb6UN714EzuBSZUQGU-MmQ== to /data/app/~~YRZm33ef6hEPTn723KzVxA==/com.todoist-8AeLelmk_kn2KB0PQ0OK8Q==; Retain data and using new
02-24 14:59:01.723  1155  1416 I AppsFilter: interaction: PackageSetting{aee888c com.thertechno.projectkishan/10363} -> PackageSetting{be18c46 com.todoist/10542} BLOCKED
02-24 14:59:01.724  1155  1416 I AppsFilter: interaction: PackageSetting{aee888c com.thertechno.projectkishan/10363} -> PackageSetting{be18c46 com.todoist/10542} BLOCKED
02-24 14:59:01.834  1155  1416 W PackageSettings: Skipping PackageSetting{398f66d com.lenovo.anyshare.gps/10183} due to missing metadata
02-24 14:59:02.705  1155  1416 W BpBinder: Slow Binder: BpBinder transact took 844 ms, interface=android.os.IInstalld, code=17 oneway=false
02-24 14:59:02.706  1155  1416 I InstallationStatistic: com.todoist|null|1639|235|7|115|277|845
02-24 14:59:02.706  1155  1416 I AppsFilter: interaction: PackageSetting{aee888c com.thertechno.projectkishan/10363} -> PackageSetting{7731428 com.todoist/10542} BLOCKED
02-24 14:59:02.718  1155  1416 I ActivityManager: Force stopping com.todoist appid=10542 user=0: pkg removed
02-24 14:59:02.719 23128 23128 W BpBinder: Slow Binder: BpBinder transact took 1656 ms, interface=android.content.pm.IPackageManager, code=1598246212 oneway=false
02-24 14:59:02.764  1155  1385 W BroadcastQueue: Background execution not allowed: receiving Intent { act=android.intent.action.PACKAGE_REMOVED dat=package:com.todoist flg=0x4000010 (has extras) } to com.lbe.security.miui/com.lbe.security.service.BootReceiver
02-24 14:59:02.782  1155  2653 I MiuiCompatModePackages: package com.todoist updated, removing config
02-24 14:59:02.800  1155  1385 W BroadcastQueue: Background execution not allowed: receiving Intent { act=android.intent.action.PACKAGE_REMOVED dat=package:com.todoist flg=0x4000010 (has extras) } to com.android.settings/.search.provider.UpdateReceiver
02-24 14:59:02.808  1155  2695 E IntervalStats: Unable to parse usage stats package 39
02-24 14:59:02.808  1155  2695 E IntervalStats: Unable to parse usage stats package 115
02-24 14:59:02.809  1155  2695 E IntervalStats: Unable to parse usage stats package 216
02-24 14:59:02.833  1155  1385 W BroadcastQueue: Background execution not allowed: receiving Intent { act=android.intent.action.PACKAGE_REMOVED dat=package:com.todoist flg=0x4000010 (has extras) } to com.android.vending/com.google.android.finsky.packagemanager.impl.PackageMonitorReceiverImpl$RegisteredReceiver
02-24 14:59:02.834  1155  1385 W BroadcastQueue: Background execution not allowed: receiving Intent { act=android.intent.action.PACKAGE_REMOVED dat=package:com.todoist flg=0x4000010 (has extras) } to com.android.vending/com.google.android.finsky.instantapps.appmanagement.InstantAppRemoveMonitor
02-24 14:59:02.834  1155  1385 W BroadcastQueue: Background execution not allowed: receiving Intent { act=android.intent.action.PACKAGE_REMOVED dat=package:com.todoist flg=0x4000010 (has extras) } to com.google.android.gms/.games.chimera.GamesSystemBroadcastReceiverProxy
02-24 14:59:02.834  1155  1385 W BroadcastQueue: Background execution not allowed: receiving Intent { act=android.intent.action.PACKAGE_REMOVED dat=package:com.todoist flg=0x4000010 (has extras) } to com.google.android.gms/.chimera.GmsIntentOperationService$PersistentTrustedReceiver
02-24 14:59:02.835  1155  1385 W BroadcastQueue: Background execution not allowed: receiving Intent { act=android.intent.action.PACKAGE_REMOVED dat=package:com.todoist flg=0x4000010 (has extras) } to com.google.android.googlequicksearchbox/com.google.android.apps.gsa.googlequicksearchbox.GelStubAppWatcher
02-24 14:59:02.836  1155  1385 W BroadcastQueue: Background execution not allowed: receiving Intent { act=android.intent.action.PACKAGE_REMOVED dat=package:com.todoist flg=0x4000010 (has extras) } to com.xiaomi.discover/com.xiaomi.market.data.MyPackageMonitor
02-24 14:59:02.836  1155  1385 W BroadcastQueue: Background execution not allowed: receiving Intent { act=android.intent.action.PACKAGE_REMOVED dat=package:com.todoist flg=0x4000010 (has extras) } to com.xiaomi.misettings/.usagestats.AppTimerReceiver
02-24 14:59:02.871  1155  1155 I Telecom : DefaultDialerCache: Refreshing default dialer for user 0: now com.google.android.dialer: DDC.oR@74Y
02-24 14:59:02.871  1155  1155 I Telecom : DefaultDialerCache: Refreshing default dialer for user 999: now com.google.android.dialer: DDC.oR@74Y
02-24 14:59:02.871  1155  1385 W BroadcastQueue: Background execution not allowed: receiving Intent { act=android.intent.action.PACKAGE_REMOVED dat=package:com.todoist flg=0x4000010 (has extras) } to com.daraz.android/com.taobao.accs.EventReceiver
02-24 14:59:02.908  1155  1385 W BroadcastQueue: Background execution not allowed: receiving Intent { act=android.intent.action.PACKAGE_REMOVED dat=package:com.todoist flg=0x4000010 (has extras) } to com.daraz.android/com.taobao.agoo.AgooCommondReceiver
02-24 14:59:02.910  1155  1385 W BroadcastQueue: Background execution not allowed: receiving Intent { act=android.intent.action.PACKAGE_REMOVED dat=package:com.todoist flg=0x4000010 (has extras) } to com.duokan.phone.remotecontroller.peel.plugin/com.peel.srv.receiver.SrvPackageBroadcastReceiver
02-24 14:59:02.911  1155  1385 W BroadcastQueue: Background execution not allowed: receiving Intent { act=android.intent.action.PACKAGE_REMOVED dat=package:com.todoist flg=0x4000010 (has extras) } to com.facebook.katana/com.facebook.feed.platformads.AppInstallReceiver
02-24 14:59:02.911  1155  1385 W BroadcastQueue: Background execution not allowed: receiving Intent { act=android.intent.action.PACKAGE_ADDED dat=package:com.todoist flg=0x4000010 (has extras) } to com.lbe.security.miui/com.lbe.security.service.BootReceiver
02-24 14:59:02.917  1155  4949 E IntervalStats: Unable to parse usage stats package 39
02-24 14:59:02.917  1155  4949 E IntervalStats: Unable to parse usage stats package 115
02-24 14:59:02.917  1155  4949 E IntervalStats: Unable to parse usage stats package 216
02-24 14:59:02.926  1155  1385 W BroadcastQueue: Background execution not allowed: receiving Intent { act=android.intent.action.PACKAGE_ADDED dat=package:com.todoist flg=0x4000010 (has extras) } to com.google.android.packageinstaller/com.android.packageinstaller.PackageInstalledReceiver
02-24 14:59:02.926  1155  1385 W BroadcastQueue: Background execution not allowed: receiving Intent { act=android.intent.action.PACKAGE_ADDED dat=package:com.todoist flg=0x4000010 (has extras) } to com.android.settings/.search.provider.UpdateReceiver
