02-24 14:58:22.252  1155  1385 W BroadcastQueue: Background execution not allowed: receiving Intent { act=android.intent.action.PACKAGE_ADDED dat=package:com.litnet flg=0x4000010 (has extras) } to com.google.android.gms/.gass.chimera.PackageChangeBroadcastReceiver
02-24 14:58:22.252  1155  1385 W BroadcastQueue: Background execution not allowed: receiving Intent { act=android.intent.action.PACKAGE_ADDED dat=package:com.litnet flg=0x4000010 (has extras) } to com.google.android.gms/.chimera.GmsIntentOperationService$PersistentTrustedReceiver
02-24 14:58:22.252  1155  1385 W BroadcastQueue: Background execution not allowed: receiving Intent { act=android.intent.action.PACKAGE_ADDED dat=package:com.litnet flg=0x4000010 (has extras) } to com.google.android.googlequicksearchbox/com.google.android.apps.gsa.googlequicksearchbox.GelStubAppWatcher
02-24 14:58:22.252  1155  1385 W BroadcastQueue: Background execution not allowed: receiving Intent { act=android.intent.action.PACKAGE_ADDED dat=package:com.litnet flg=0x4000010 (has extras) } to com.miui.global.packageinstaller/.AppInstalledReceiver
02-24 14:58:22.253  1155  1385 W BroadcastQueue: Background execution not allowed: receiving Intent { act=android.intent.action.PACKAGE_ADDED dat=package:com.litnet flg=0x4000010 (has extras) } to com.xiaomi.discover/com.xiaomi.market.data.MyPackageMonitor
02-24 14:58:22.255  1155  1385 W BroadcastQueue: Background execution not allowed: receiving Intent { act=android.intent.action.PACKAGE_ADDED dat=package:com.litnet flg=0x4000010 (has extras) } to com.xiaomi.misettings/.usagestats.AppTimerReceiver
02-24 14:58:22.255  1155  1385 W BroadcastQueue: Background execution not allowed: receiving Intent { act=android.intent.action.PACKAGE_ADDED dat=package:com.litnet flg=0x4000010 (has extras) } to com.duokan.phone.remotecontroller.peel.plugin/com.peel.srv.receiver.SrvPackageBroadcastReceiver
02-24 14:58:22.257  1155  1385 W BroadcastQueue: Background execution not allowed: receiving Intent { act=android.intent.action.PACKAGE_ADDED dat=package:com.litnet flg=0x4000010 (has extras) } to com.facebook.katana/com.facebook.feed.platformads.AppInstallReceiver
02-24 14:58:22.257  1155  1385 W BroadcastQueue: Background execution not allowed: receiving Intent { act=android.intent.action.PACKAGE_ADDED dat=package:com.litnet flg=0x4000010 (has extras) } to com.intsig.camscanner/com.microsoft.aad.adal.ApplicationReceiver
02-24 14:58:22.272  1155  1372 W Looper  : Slow dispatch took 106ms android.fg h=android.os.Handler c=<recycled PooledLambda@2e206c3> m=0
02-24 14:58:22.276  1155  5011 W BroadcastQueue: Background execution not allowed: receiving Intent { act=android.intent.action.PACKAGE_REPLACED dat=package:com.litnet flg=0x4000010 (has extras) } to com.google.android.gms/.gass.chimera.PackageChangeBroadcastReceiver
02-24 14:58:22.279  1155  1385 W BroadcastQueue: Background execution not allowed: receiving Intent { act=android.intent.action.PACKAGE_REPLACED dat=package:com.litnet flg=0x4000010 (has extras) } to com.google.android.gms/.chimera.GmsIntentOperationService$PersistentTrustedReceiver
02-24 14:58:22.285  1155  1385 W BroadcastQueue: Background execution not allowed: receiving Intent { act=android.intent.action.PACKAGE_REPLACED dat=package:com.litnet flg=0x4000010 (has extras) } to com.google.android.googlequicksearchbox/com.google.android.apps.gsa.googlequicksearchbox.GelStubAppWatcher
02-24 14:58:22.286  1155  1385 W BroadcastQueue: Background execution not allowed: receiving Intent { act=android.intent.action.PACKAGE_REPLACED dat=package:com.litnet flg=0x4000010 (has extras) } to com.duokan.phone.remotecontroller.peel.plugin/com.peel.srv.receiver.SrvPackageBroadcastReceiver
02-24 14:58:22.413  1155  1372 W Looper  : Slow delivery took 225ms android.fg h=android.os.Handler c=<recycled PooledLambda@e6cf1eb> m=0
02-24 14:58:22.491  1155  1155 W Looper  : Slow dispatch took 256ms main h=android.app.ActivityThread$H c=android.app.-$$Lambda$LoadedApk$ReceiverDispatcher$Args$_BumDX2UKsnxLVrE6UJsJZkotuA@c131739 m=0
02-24 14:58:22.491  1155  1155 W Looper  : Slow delivery took 368ms main h=android.app.ActivityThread$H c=android.app.-$$Lambda$LoadedApk$ReceiverDispatcher$Args$_BumDX2UKsnxLVrE6UJsJZkotuA@44a717e m=0
02-24 14:58:22.576  1155  1155 I Telecom : DefaultDialerCache: Refreshing default dialer for user 0: now com.google.android.dialer: DDC.oR@718
02-24 14:58:22.576  1155  1155 I Telecom : DefaultDialerCache: Refreshing default dialer for user 999: now com.google.android.dialer: DDC.oR@718
02-24 14:58:22.617  1155  1155 W Looper  : Drained
02-24 14:58:22.631 13897 20123 W BpBinder: Slow Binder: BpBinder transact took 241 ms, interface=com.google.android.auth.IAuthManagerService, code=6 oneway=false
02-24 14:58:22.941 13897 19797 W BpBinder: Slow Binder: BpBinder transact took 520 ms, interface=com.google.android.auth.IAuthManagerService, code=5 oneway=false
02-24 14:58:23.130  1155  5011 W SettingsStatsUtil: Can not parse value to float: gps,network
02-24 14:58:23.140  1155  5011 W SettingsStatsUtil: Can not parse value to float: gps,network
02-24 14:58:23.229  1155  5011 I InstallationStatistic: beginInstallSession: 2110117017
02-24 14:58:23.275  1155  1372 W Looper  : Drained
02-24 14:58:23.360  1155  1494 I ActivityTaskManager: START u0 {act=android.intent.action.VIEW dat=file:///data/app/vmdl2110117017.tmp typ=application/vnd.android.package-archive flg=0x18000000 cmp=com.miui.securitycenter/com.miui.permcenter.install.AdbInstallActivity (has extras)} from uid 1000
02-24 14:58:23.372  1155  2818 W ActivityTaskManager: Tried to set launchTime (0) < mLastActivityLaunchTime (640391054)
02-24 14:58:23.375  1155  2818 W WindowManager: Changing focus fromWindow{325ac36 mode=1 rootTaskId=1 u0 com.miui.home/com.miui.home.launcher.Launcher} to null displayId=0 Callers=com.android.server.wm.RootWindowContainer.updateFocusedWindowLocked:473 com.android.server.wm.WindowManagerService.updateFocusedWindowLocked:6206 com.android.server.wm.DisplayContent.setFocusedApp:5798 com.android.server.wm.ActivityTaskManagerService.setResumedActivityUncheckLocked:5832 
02-24 14:58:23.379  1155  2818 I Timeline: Timeline: App_transition_ready time:640394337
02-24 14:58:23.436  1155  1297 W WindowManager: Changing focus fromnull to Window{325ac36 mode=1 rootTaskId=1 u0 com.miui.home/com.miui.home.launcher.Launcher} displayId=0 Callers=com.android.server.wm.RootWindowContainer.updateFocusedWindowLocked:473 com.android.server.wm.WindowManagerService.updateFocusedWindowLocked:6206 com.android.server.wm.WindowManagerService.relayoutWindow:2717 com.android.server.wm.Session.relayout:213 
02-24 14:58:23.454  1155  1297 I Timeline: Timeline: App_transition_ready time:640394412
02-24 14:58:23.454  1155  1297 I Timeline: Timeline: App_transition_stopped time:640394412
02-24 14:58:23.502  1155  1416 I PackageManager: Integrity check passed for file:///data/app/vmdl2110117017.tmp
02-24 14:58:23.798  1155  1385 I ActivityManager: Force stopping com.romaticpost appid=10577 user=-1: installPackageLI
02-24 14:58:23.799  1155  1416 I PackageManager: Update package com.romaticpost code path from /data/app/~~a-tQpKws_XY5OTjX5-EwHQ==/com.romaticpost-ZQzv_RY0xG-gve1br2nYjA== to /data/app/~~TN5AgFikviXi2QozpttybA==/com.romaticpost-MDtCcfbcX19OsaaoU-mNcw==; Retain data and using new
02-24 14:58:23.799  1155  1416 I PackageManager: Update package com.romaticpost resource path from /data/app/~~a-tQpKws_XY5OTjX5-EwHQ==/com.romaticpost-ZQzv_RY0xG-gve1br2nYjA== to /data/app/~~TN5AgFikviXi2QozpttybA==/com.romaticpost-MDtCcfbcX19OsaaoU-mNcw==; Retain data and using new
02-24 14:58:23.799  1155  1416 I AppsFilter: interaction: PackageSetting{aee888c com.thertechno.projectkishan/10363} -> PackageSetting{c33ce01 com.romaticpost/10577} BLOCKED
02-24 14:58:23.800  1155  1416 I AppsFilter: interaction: PackageSetting{aee888c com.thertechno.projectkishan/10363} -> PackageSetting{c33ce01 com.romaticpost/10577} BLOCKED
02-24 14:58:23.906  1155  1416 W PackageSettings: Skipping PackageSetting{398f66d com.lenovo.anyshare.gps/10183} due to missing metadata
02-24 14:58:23.927  1155  1372 W Looper  : Slow dispatch took 115ms android.fg h=android.os.Handler c=<recycled PooledLambda@50f5e2c> m=0
02-24 14:58:24.108  1155  1416 I InstallationStatistic: com.romaticpost|null|879|66|51|110|315|176
02-24 14:58:24.109  1155  1416 I AppsFilter: interaction: PackageSetting{aee888c com.thertechno.projectkishan/10363} -> PackageSetting{7dde2a3 com.romaticpost/10577} BLOCKED
02-24 14:58:24.119  1155  1416 I ActivityManager: Force stopping com.romaticpost appid=10577 user=0: pkg removed
02-24 14:58:24.121 22625 22625 W BpBinder: Slow Binder: BpBinder transact took 894 ms, interface=android.content.pm.IPackageManager, code=1598246212 oneway=false
02-24 14:58:24.151  1155  1385 W BroadcastQueue: Background execution not allowed: receiving Intent { act=android.intent.action.PACKAGE_REMOVED dat=package:com.romaticpost flg=0x4000010 (has extras) } to com.lbe.security.miui/com.lbe.security.service.BootReceiver
02-24 14:58:24.204  1155  2653 I MiuiCompatModePackages: package com.romaticpost updated, removing config
02-24 14:58:24.212  1155  1385 W BroadcastQueue: Background execution not allowed: receiving Intent { act=android.intent.action.PACKAGE_REMOVED dat=package:com.romaticpost flg=0x4000010 (has extras) } to com.android.settings/.search.provider.UpdateReceiver
02-24 14:58:24.212  1155  1385 W BroadcastQueue: Background execution not allowed: receiving Intent { act=android.intent.action.PACKAGE_REMOVED dat=package:com.romaticpost flg=0x4000010 (has extras) } to com.android.vending/com.google.android.finsky.packagemanager.impl.PackageMonitorReceiverImpl$RegisteredReceiver
02-24 14:58:24.224  1155  1385 W BroadcastQueue: Background execution not allowed: receiving Intent { act=android.intent.action.PACKAGE_REMOVED dat=package:com.romaticpost flg=0x4000010 (has extras) } to com.android.vending/com.google.android.finsky.instantapps.appmanagement.InstantAppRemoveMonitor
02-24 14:58:24.224  1155  1385 W BroadcastQueue: Background execution not allowed: receiving Intent { act=android.intent.action.PACKAGE_REMOVED dat=package:com.romaticpost flg=0x4000010 (has extras) } to com.google.android.gms/.games.chimera.GamesSystemBroadcastReceiverProxy
02-24 14:58:24.224  1155  1385 W BroadcastQueue: Background execution not allowed: receiving Intent { act=android.intent.action.PACKAGE_REMOVED dat=package:com.romaticpost flg=0x4000010 (has extras) } to com.google.android.gms/.chimera.GmsIntentOperationService$PersistentTrustedReceiver
02-24 14:58:24.224  1155  1385 W BroadcastQueue: Background execution not allowed: receiving Intent { act=android.intent.action.PACKAGE_REMOVED dat=package:com.romaticpost flg=0x4000010 (has extras) } to com.google.android.googlequicksearchbox/com.google.android.apps.gsa.googlequicksearchbox.GelStubAppWatcher
02-24 14:58:24.230  1155  5011 E IntervalStats: Unable to parse usage stats package 39
02-24 14:58:24.231  1155  5011 E IntervalStats: Unable to parse usage stats package 115
02-24 14:58:24.231  1155  5011 E IntervalStats: Unable to parse usage stats package 216
02-24 14:58:24.253  1155  1385 W BroadcastQueue: Background execution not allowed: receiving Intent { act=android.intent.action.PACKAGE_REMOVED dat=package:com.romaticpost flg=0x4000010 (has extras) } to com.xiaomi.discover/com.xiaomi.market.data.MyPackageMonitor
02-24 14:58:24.253  1155  1385 W BroadcastQueue: Background execution not allowed: receiving Intent { act=android.intent.action.PACKAGE_REMOVED dat=package:com.romaticpost flg=0x4000010 (has extras) } to com.xiaomi.misettings/.usagestats.AppTimerReceiver
02-24 14:58:24.253  1155  1385 W BroadcastQueue: Background execution not allowed: receiving Intent { act=android.intent.action.PACKAGE_REMOVED dat=package:com.romaticpost flg=0x4000010 (has extras) } to com.daraz.android/com.taobao.accs.EventReceiver
02-24 14:58:24.254  1155  1385 W BroadcastQueue: Background execution not allowed: receiving Intent { act=android.intent.action.PACKAGE_REMOVED dat=package:com.romaticpost flg=0x4000010 (has extras) } to com.daraz.android/com.taobao.agoo.AgooCommondReceiver
02-24 14:58:24.254  1155  1385 W BroadcastQueue: Background execution not allowed: receiving Intent { act=android.intent.action.PACKAGE_REMOVED dat=package:com.romaticpost flg=0x4000010 (has extras) } to com.duokan.phone.remotecontroller.peel.plugin/com.peel.srv.receiver.SrvPackageBroadcastReceiver
02-24 14:58:24.254  1155  1385 W BroadcastQueue: Background execution not allowed: receiving Intent { act=android.intent.action.PACKAGE_REMOVED dat=package:com.romaticpost flg=0x4000010 (has extras) } to com.facebook.katana/com.facebook.feed.platformads.AppInstallReceiver
02-24 14:58:24.255  1155  1385 W BroadcastQueue: Background execution not allowed: receiving Intent { act=android.intent.action.PACKAGE_ADDED dat=package:com.romaticpost flg=0x4000010 (has extras) } to com.lbe.security.miui/com.lbe.security.service.BootReceiver
02-24 14:58:24.255  1155  1385 W BroadcastQueue: Background execution not allowed: receiving Intent { act=android.intent.action.PACKAGE_ADDED dat=package:com.romaticpost flg=0x4000010 (has extras) } to com.google.android.packageinstaller/com.android.packageinstaller.PackageInstalledReceiver
02-24 14:58:24.255  1155  1385 W BroadcastQueue: Background execution not allowed: receiving Intent { act=android.intent.action.PACKAGE_ADDED dat=package:com.romaticpost flg=0x4000010 (has extras) } to com.android.settings/.search.provider.UpdateReceiver
02-24 14:58:24.255  1155  1385 W BroadcastQueue: Background execution not allowed: receiving Intent { act=android.intent.action.PACKAGE_ADDED dat=package:com.romaticpost flg=0x4000010 (has extras) } to com.android.vending/com.google.android.finsky.packagemanager.impl.PackageMonitorReceiverImpl$RegisteredReceiver
02-24 14:58:24.255  1155  1385 W BroadcastQueue: Background execution not allowed: receiving Intent { act=android.intent.action.PACKAGE_ADDED dat=package:com.romaticpost flg=0x4000010 (has extras) } to com.google.android.gms/.games.chimera.GamesSystemBroadcastReceiverProxy
02-24 14:58:24.256  1155  1385 W BroadcastQueue: Background execution not allowed: receiving Intent { act=android.intent.action.PACKAGE_ADDED dat=package:com.romaticpost flg=0x4000010 (has extras) } to com.google.android.gms/.gass.chimera.PackageChangeBroadcastReceiver
02-24 14:58:24.257  1155  1385 W BroadcastQueue: Background execution not allowed: receiving Intent { act=android.intent.action.PACKAGE_ADDED dat=package:com.romaticpost flg=0x4000010 (has extras) } to com.google.android.gms/.chimera.GmsIntentOperationService$PersistentTrustedReceiver
02-24 14:58:24.278  1155  1500 E IntervalStats: Unable to parse usage stats package 39
02-24 14:58:24.278  1155  1500 E IntervalStats: Unable to parse usage stats package 115
02-24 14:58:24.278  1155  1500 E IntervalStats: Unable to parse usage stats package 216
02-24 14:58:24.290  1155  1385 W BroadcastQueue: Background execution not allowed: receiving Intent { act=android.intent.action.PACKAGE_ADDED dat=package:com.romaticpost flg=0x4000010 (has extras) } to com.google.android.googlequicksearchbox/com.google.android.apps.gsa.googlequicksearchbox.GelStubAppWatcher
02-24 14:58:24.316  1155  1385 W BroadcastQueue: Background execution not allowed: receiving Intent { act=android.intent.action.PACKAGE_ADDED dat=package:com.romaticpost flg=0x4000010 (has extras) } to com.miui.global.packageinstaller/.AppInstalledReceiver
02-24 14:58:24.316  1155  1385 W BroadcastQueue: Background execution not allowed: receiving Intent { act=android.intent.action.PACKAGE_ADDED dat=package:com.romaticpost flg=0x4000010 (has extras) } to com.xiaomi.discover/com.xiaomi.market.data.MyPackageMonitor
02-24 14:58:24.322  1155  1385 W BroadcastQueue: Background execution not allowed: receiving Intent { act=android.intent.action.PACKAGE_ADDED dat=package:com.romaticpost flg=0x4000010 (has extras) } to com.xiaomi.misettings/.usagestats.AppTimerReceiver
02-24 14:58:24.322  1155  1385 W BroadcastQueue: Background execution not allowed: receiving Intent { act=android.intent.action.PACKAGE_ADDED dat=package:com.romaticpost flg=0x4000010 (has extras) } to com.duokan.phone.remotecontroller.peel.plugin/com.peel.srv.receiver.SrvPackageBroadcastReceiver
02-24 14:58:24.322  1155  1385 W BroadcastQueue: Background execution not allowed: receiving Intent { act=android.intent.action.PACKAGE_ADDED dat=package:com.romaticpost flg=0x4000010 (has extras) } to com.facebook.katana/com.facebook.feed.platformads.AppInstallReceiver
02-24 14:58:24.323  1155  1385 W BroadcastQueue: Background execution not allowed: receiving Intent { act=android.intent.action.PACKAGE_ADDED dat=package:com.romaticpost flg=0x4000010 (has extras) } to com.intsig.camscanner/com.microsoft.aad.adal.ApplicationReceiver
02-24 14:58:24.371  1155  1372 W Looper  : Slow dispatch took 113ms android.fg h=android.os.Handler c=<recycled PooledLambda@9d42a74> m=0
02-24 14:58:24.385  1155  3889 W BroadcastQueue: Background execution not allowed: receiving Intent { act=android.intent.action.PACKAGE_REPLACED dat=package:com.romaticpost flg=0x4000010 (has extras) } to com.google.android.gms/.gass.chimera.PackageChangeBroadcastReceiver
02-24 14:58:24.387  1155  1385 W BroadcastQueue: Background execution not allowed: receiving Intent { act=android.intent.action.PACKAGE_REPLACED dat=package:com.romaticpost flg=0x4000010 (has extras) } to com.google.android.gms/.chimera.GmsIntentOperationService$PersistentTrustedReceiver
02-24 14:58:24.387  1155  1385 W BroadcastQueue: Background execution not allowed: receiving Intent { act=android.intent.action.PACKAGE_REPLACED dat=package:com.romaticpost flg=0x4000010 (has extras) } to com.google.android.googlequicksearchbox/com.google.android.apps.gsa.googlequicksearchbox.GelStubAppWatcher
02-24 14:58:24.387  1155  1385 W BroadcastQueue: Background execution not allowed: receiving Intent { act=android.intent.action.PACKAGE_REPLACED dat=package:com.romaticpost flg=0x4000010 (has extras) } to com.duokan.phone.remotecontroller.peel.plugin/com.peel.srv.receiver.SrvPackageBroadcastReceiver
02-24 14:58:24.530  1155  1155 W Looper  : Slow dispatch took 329ms main h=android.app.ActivityThread$H c=android.app.-$$Lambda$LoadedApk$ReceiverDispatcher$Args$_BumDX2UKsnxLVrE6UJsJZkotuA@2225692 m=0
02-24 14:58:24.530  1155  1155 W Looper  : Slow delivery took 329ms main h=android.app.ActivityThread$H c=android.app.-$$Lambda$LoadedApk$ReceiverDispatcher$Args$_BumDX2UKsnxLVrE6UJsJZkotuA@5eb8863 m=0
02-24 14:58:24.533  1155  1372 W Looper  : Slow delivery took 253ms android.fg h=android.os.Handler c=<recycled PooledLambda@311c816> m=0
02-24 14:58:24.619  1155  1155 I Telecom : DefaultDialerCache: Refreshing default dialer for user 0: now com.google.android.dialer: DDC.oR@72I
02-24 14:58:24.619  1155  1155 I Telecom : DefaultDialerCache: Refreshing default dialer for user 999: now com.google.android.dialer: DDC.oR@72I
02-24 14:58:24.673  1155  1155 W Looper  : Drained
02-24 14:58:24.704 13897 19797 W BpBinder: Slow Binder: BpBinder transact took 273 ms, interface=com.google.android.auth.IAuthManagerService, code=6 oneway=false
02-24 14:58:25.003 13897 20123 W BpBinder: Slow Binder: BpBinder transact took 548 ms, interface=com.google.android.auth.IAuthManagerService, code=5 oneway=false
02-24 14:58:25.394  1155  1372 W Looper  : Drained
02-24 14:58:25.481  1155  2695 W SettingsStatsUtil: Can not parse value to float: gps,network
02-24 14:58:25.483  1155  2695 W SettingsStatsUtil: Can not parse value to float: gps,network
02-24 14:58:25.887  1155  2695 I InstallationStatistic: beginInstallSession: 1221670455
02-24 14:58:26.420  1155  1494 I ActivityTaskManager: START u0 {act=android.intent.action.VIEW dat=file:///data/app/vmdl1221670455.tmp typ=application/vnd.android.package-archive flg=0x18000000 cmp=com.miui.securitycenter/com.miui.permcenter.install.AdbInstallActivity (has extras)} from uid 1000
02-24 14:58:26.432  1155  4426 W ActivityTaskManager: Tried to set launchTime (0) < mLastActivityLaunchTime (640394331)
02-24 14:58:26.434  1155  4426 W WindowManager: Changing focus fromWindow{325ac36 mode=1 rootTaskId=1 u0 com.miui.home/com.miui.home.launcher.Launcher} to null displayId=0 Callers=com.android.server.wm.RootWindowContainer.updateFocusedWindowLocked:473 com.android.server.wm.WindowManagerService.updateFocusedWindowLocked:6206 com.android.server.wm.DisplayContent.setFocusedApp:5798 com.android.server.wm.ActivityTaskManagerService.setResumedActivityUncheckLocked:5832 
02-24 14:58:26.436  1155  4426 I Timeline: Timeline: App_transition_ready time:640397394
02-24 14:58:26.488  1155  5023 W WindowManager: Changing focus fromnull to Window{325ac36 mode=1 rootTaskId=1 u0 com.miui.home/com.miui.home.launcher.Launcher} displayId=0 Callers=com.android.server.wm.RootWindowContainer.updateFocusedWindowLocked:473 com.android.server.wm.WindowManagerService.updateFocusedWindowLocked:6206 com.android.server.wm.WindowManagerService.relayoutWindow:2717 com.android.server.wm.Session.relayout:213 
02-24 14:58:26.510  1155  5023 I Timeline: Timeline: App_transition_ready time:640397468
02-24 14:58:26.510  1155  5023 I Timeline: Timeline: App_transition_stopped time:640397468
02-24 14:58:26.563  1155  1416 I PackageManager: Integrity check passed for file:///data/app/vmdl1221670455.tmp
02-24 14:58:27.155  1155  1385 I ActivityManager: Force stopping com.Fo.higgsd.domino appid=10578 user=-1: installPackageLI
02-24 14:58:27.155  1155  1416 I PackageManager: Update package com.Fo.higgsd.domino code path from /data/app/~~xmeCzqf3D_TGJv-hkbBTyw==/com.Fo.higgsd.domino-XwMfUwy51Oxyb9PYYZtsHg== to /data/app/~~IvAb2-J4PsZAIbfB8LSNGw==/com.Fo.higgsd.domino-IG7JfdffEuMl2FCfFcgOjA==; Retain data and using new
02-24 14:58:27.155  1155  1416 I PackageManager: Update package com.Fo.higgsd.domino resource path from /data/app/~~xmeCzqf3D_TGJv-hkbBTyw==/com.Fo.higgsd.domino-XwMfUwy51Oxyb9PYYZtsHg== to /data/app/~~IvAb2-J4PsZAIbfB8LSNGw==/com.Fo.higgsd.domino-IG7JfdffEuMl2FCfFcgOjA==; Retain data and using new
02-24 14:58:27.156  1155  1416 I AppsFilter: interaction: PackageSetting{aee888c com.thertechno.projectkishan/10363} -> PackageSetting{2e7436b com.Fo.higgsd.domino/10578} BLOCKED
02-24 14:58:27.156  1155  1416 I AppsFilter: interaction: PackageSetting{aee888c com.thertechno.projectkishan/10363} -> PackageSetting{2e7436b com.Fo.higgsd.domino/10578} BLOCKED
02-24 14:58:27.173  1155  1416 I PackageManager: Permission ownership changed. Updating all permissions.
02-24 14:58:27.336  1155  1416 W PackageSettings: Skipping PackageSetting{398f66d com.lenovo.anyshare.gps/10183} due to missing metadata
02-24 14:58:27.846  1155  1416 W BpBinder: Slow Binder: BpBinder transact took 482 ms, interface=android.os.IInstalld, code=17 oneway=false
02-24 14:58:27.846  1155  1416 I InstallationStatistic: com.Fo.higgsd.domino|null|1959|412|111|108|621|483
02-24 14:58:27.847  1155  1416 I AppsFilter: interaction: PackageSetting{aee888c com.thertechno.projectkishan/10363} -> PackageSetting{2cc2a87 com.Fo.higgsd.domino/10578} BLOCKED
02-24 14:58:27.858  1155  1416 I ActivityManager: Force stopping com.Fo.higgsd.domino appid=10578 user=0: pkg removed
02-24 14:58:27.859 22664 22664 W BpBinder: Slow Binder: BpBinder transact took 1979 ms, interface=android.content.pm.IPackageManager, code=1598246212 oneway=false
02-24 14:58:27.889  1155  1385 W BroadcastQueue: Background execution not allowed: receiving Intent { act=android.intent.action.PACKAGE_REMOVED dat=package:com.Fo.higgsd.domino flg=0x4000010 (has extras) } to com.lbe.security.miui/com.lbe.security.service.BootReceiver
02-24 14:58:27.922  1155  2653 I MiuiCompatModePackages: package com.Fo.higgsd.domino updated, removing config
02-24 14:58:27.961  1155  4427 E IntervalStats: Unable to parse usage stats package 39
02-24 14:58:27.961  1155  4427 E IntervalStats: Unable to parse usage stats package 115
02-24 14:58:27.961  1155  4427 E IntervalStats: Unable to parse usage stats package 216
02-24 14:58:27.997  1155  1385 W BroadcastQueue: Background execution not allowed: receiving Intent { act=android.intent.action.PACKAGE_REMOVED dat=package:com.Fo.higgsd.domino flg=0x4000010 (has extras) } to com.android.settings/.search.provider.UpdateReceiver
02-24 14:58:28.033  1155  1385 W BroadcastQueue: Background execution not allowed: receiving Intent { act=android.intent.action.PACKAGE_REMOVED dat=package:com.Fo.higgsd.domino flg=0x4000010 (has extras) } to com.android.vending/com.google.android.finsky.packagemanager.impl.PackageMonitorReceiverImpl$RegisteredReceiver
02-24 14:58:28.033  1155  1385 W BroadcastQueue: Background execution not allowed: receiving Intent { act=android.intent.action.PACKAGE_REMOVED dat=package:com.Fo.higgsd.domino flg=0x4000010 (has extras) } to com.android.vending/com.google.android.finsky.instantapps.appmanagement.InstantAppRemoveMonitor
02-24 14:58:28.050  1155  5023 E IntervalStats: Unable to parse usage stats package 39
02-24 14:58:28.050  1155  5023 E IntervalStats: Unable to parse usage stats package 115
02-24 14:58:28.051  1155  5023 E IntervalStats: Unable to parse usage stats package 216
02-24 14:58:28.080  1155  1385 W BroadcastQueue: Background execution not allowed: receiving Intent { act=android.intent.action.PACKAGE_REMOVED dat=package:com.Fo.higgsd.domino flg=0x4000010 (has extras) } to com.google.android.gms/.games.chimera.GamesSystemBroadcastReceiverProxy
02-24 14:58:28.080  1155  1385 W BroadcastQueue: Background execution not allowed: receiving Intent { act=android.intent.action.PACKAGE_REMOVED dat=package:com.Fo.higgsd.domino flg=0x4000010 (has extras) } to com.google.android.gms/.chimera.GmsIntentOperationService$PersistentTrustedReceiver
02-24 14:58:28.080  1155  1385 W BroadcastQueue: Background execution not allowed: receiving Intent { act=android.intent.action.PACKAGE_REMOVED dat=package:com.Fo.higgsd.domino flg=0x4000010 (has extras) } to com.google.android.googlequicksearchbox/com.google.android.apps.gsa.googlequicksearchbox.GelStubAppWatcher
02-24 14:58:28.080  1155  1385 W BroadcastQueue: Background execution not allowed: receiving Intent { act=android.intent.action.PACKAGE_REMOVED dat=package:com.Fo.higgsd.domino flg=0x4000010 (has extras) } to com.xiaomi.discover/com.xiaomi.market.data.MyPackageMonitor
02-24 14:58:28.080  1155  1385 W BroadcastQueue: Background execution not allowed: receiving Intent { act=android.intent.action.PACKAGE_REMOVED dat=package:com.Fo.higgsd.domino flg=0x4000010 (has extras) } to com.xiaomi.misettings/.usagestats.AppTimerReceiver
02-24 14:58:28.080  1155  1385 W BroadcastQueue: Background execution not allowed: receiving Intent { act=android.intent.action.PACKAGE_REMOVED dat=package:com.Fo.higgsd.domino flg=0x4000010 (has extras) } to com.alibaba.intl.android.apps.poseidon/com.taobao.agoo.AgooCommondReceiver
02-24 14:58:28.080  1155  1385 W BroadcastQueue: Background execution not allowed: receiving Intent { act=android.intent.action.PACKAGE_REMOVED dat=package:com.Fo.higgsd.domino flg=0x4000010 (has extras) } to com.alibaba.intl.android.apps.poseidon/com.taobao.accs.EventReceiver
02-24 14:58:28.080  1155  1385 W BroadcastQueue: Background execution not allowed: receiving Intent { act=android.intent.action.PACKAGE_REMOVED dat=package:com.Fo.higgsd.domino flg=0x4000010 (has extras) } to com.daraz.android/com.taobao.accs.EventReceiver
02-24 14:58:28.086  1155  1385 W BroadcastQueue: Background execution not allowed: receiving Intent { act=android.intent.action.PACKAGE_REMOVED dat=package:com.Fo.higgsd.domino flg=0x4000010 (has extras) } to com.daraz.android/com.taobao.agoo.AgooCommondReceiver
02-24 14:58:28.095  1155  1385 W BroadcastQueue: Background execution not allowed: receiving Intent { act=android.intent.action.PACKAGE_REMOVED dat=package:com.Fo.higgsd.domino flg=0x4000010 (has extras) } to com.duokan.phone.remotecontroller.peel.plugin/com.peel.srv.receiver.SrvPackageBroadcastReceiver
02-24 14:58:28.109  1155  1385 W BroadcastQueue: Background execution not allowed: receiving Intent { act=android.intent.action.PACKAGE_REMOVED dat=package:com.Fo.higgsd.domino flg=0x4000010 (has extras) } to com.facebook.katana/com.facebook.feed.platformads.AppInstallReceiver
02-24 14:58:28.110  1155  1385 W BroadcastQueue: Background execution not allowed: receiving Intent { act=android.intent.action.PACKAGE_ADDED dat=package:com.Fo.higgsd.domino flg=0x4000010 (has extras) } to com.lbe.security.miui/com.lbe.security.service.BootReceiver
02-24 14:58:28.112  1155  1372 W Looper  : Slow dispatch took 115ms android.fg h=android.os.Handler c=<recycled PooledLambda@8b7a0eb> m=0
02-24 14:58:28.121  1155  1385 W BroadcastQueue: Background execution not allowed: receiving Intent { act=android.intent.action.PACKAGE_ADDED dat=package:com.Fo.higgsd.domino flg=0x4000010 (has extras) } to com.google.android.packageinstaller/com.android.packageinstaller.PackageInstalledReceiver
02-24 14:58:28.122  1155  1385 W BroadcastQueue: Background execution not allowed: receiving Intent { act=android.intent.action.PACKAGE_ADDED dat=package:com.Fo.higgsd.domino flg=0x4000010 (has extras) } to com.android.settings/.search.provider.UpdateReceiver
02-24 14:58:28.122  1155  1385 W BroadcastQueue: Background execution not allowed: receiving Intent { act=android.intent.action.PACKAGE_ADDED dat=package:com.Fo.higgsd.domino flg=0x4000010 (has extras) } to com.android.vending/com.google.android.finsky.packagemanager.impl.PackageMonitorReceiverImpl$RegisteredReceiver
02-24 14:58:28.122  1155  1385 W BroadcastQueue: Background execution not allowed: receiving Intent { act=android.intent.action.PACKAGE_ADDED dat=package:com.Fo.higgsd.domino flg=0x4000010 (has extras) } to com.google.android.gms/.games.chimera.GamesSystemBroadcastReceiverProxy
02-24 14:58:28.123  1155  1385 W BroadcastQueue: Background execution not allowed: receiving Intent { act=android.intent.action.PACKAGE_ADDED dat=package:com.Fo.higgsd.domino flg=0x4000010 (has extras) } to com.google.android.gms/.gass.chimera.PackageChangeBroadcastReceiver
02-24 14:58:28.123  1155  1385 W BroadcastQueue: Background execution not allowed: receiving Intent { act=android.intent.action.PACKAGE_ADDED dat=package:com.Fo.higgsd.domino flg=0x4000010 (has extras) } to com.google.android.gms/.chimera.GmsIntentOperationService$PersistentTrustedReceiver
02-24 14:58:28.124  1155  1385 W BroadcastQueue: Background execution not allowed: receiving Intent { act=android.intent.action.PACKAGE_ADDED dat=package:com.Fo.higgsd.domino flg=0x4000010 (has extras) } to com.google.android.googlequicksearchbox/com.google.android.apps.gsa.googlequicksearchbox.GelStubAppWatcher
02-24 14:58:28.124  1155  1385 W BroadcastQueue: Background execution not allowed: receiving Intent { act=android.intent.action.PACKAGE_ADDED dat=package:com.Fo.higgsd.domino flg=0x4000010 (has extras) } to com.miui.global.packageinstaller/.AppInstalledReceiver
02-24 14:58:28.128  1155  1385 W BroadcastQueue: Background execution not allowed: receiving Intent { act=android.intent.action.PACKAGE_ADDED dat=package:com.Fo.higgsd.domino flg=0x4000010 (has extras) } to com.xiaomi.discover/com.xiaomi.market.data.MyPackageMonitor
02-24 14:58:28.129  1155  1385 W BroadcastQueue: Background execution not allowed: receiving Intent { act=android.intent.action.PACKAGE_ADDED dat=package:com.Fo.higgsd.domino flg=0x4000010 (has extras) } to com.xiaomi.misettings/.usagestats.AppTimerReceiver
02-24 14:58:28.129  1155  1385 W BroadcastQueue: Background execution not allowed: receiving Intent { act=android.intent.action.PACKAGE_ADDED dat=package:com.Fo.higgsd.domino flg=0x4000010 (has extras) } to com.duokan.phone.remotecontroller.peel.plugin/com.peel.srv.receiver.SrvPackageBroadcastReceiver
02-24 14:58:28.130  1155  1385 W BroadcastQueue: Background execution not allowed: receiving Intent { act=android.intent.action.PACKAGE_ADDED dat=package:com.Fo.higgsd.domino flg=0x4000010 (has extras) } to com.facebook.katana/com.facebook.feed.platformads.AppInstallReceiver
02-24 14:58:28.130  1155  1385 W BroadcastQueue: Background execution not allowed: receiving Intent { act=android.intent.action.PACKAGE_ADDED dat=package:com.Fo.higgsd.domino flg=0x4000010 (has extras) } to com.intsig.camscanner/com.microsoft.aad.adal.ApplicationReceiver
02-24 14:58:28.193  1155  5024 W BroadcastQueue: Background execution not allowed: receiving Intent { act=android.intent.action.PACKAGE_REPLACED dat=package:com.Fo.higgsd.domino flg=0x4000010 (has extras) } to com.google.android.gms/.gass.chimera.PackageChangeBroadcastReceiver
02-24 14:58:28.199  1155  1385 W BroadcastQueue: Background execution not allowed: receiving Intent { act=android.intent.action.PACKAGE_REPLACED dat=package:com.Fo.higgsd.domino flg=0x4000010 (has extras) } to com.google.android.gms/.chimera.GmsIntentOperationService$PersistentTrustedReceiver
02-24 14:58:28.203  1155  1385 W BroadcastQueue: Background execution not allowed: receiving Intent { act=android.intent.action.PACKAGE_REPLACED dat=package:com.Fo.higgsd.domino flg=0x4000010 (has extras) } to com.google.android.googlequicksearchbox/com.google.android.apps.gsa.googlequicksearchbox.GelStubAppWatcher
02-24 14:58:28.204  1155  1385 W BroadcastQueue: Background execution not allowed: receiving Intent { act=android.intent.action.PACKAGE_REPLACED dat=package:com.Fo.higgsd.domino flg=0x4000010 (has extras) } to com.duokan.phone.remotecontroller.peel.plugin/com.peel.srv.receiver.SrvPackageBroadcastReceiver
02-24 14:58:28.219  1155  1155 W Looper  : Slow dispatch took 299ms main h=android.app.ActivityThread$H c=android.app.-$$Lambda$LoadedApk$ReceiverDispatcher$Args$_BumDX2UKsnxLVrE6UJsJZkotuA@c96b884 m=0
02-24 14:58:28.219  1155  1155 W Looper  : Slow delivery took 299ms main h=android.app.ActivityThread$H c=android.app.-$$Lambda$LoadedApk$ReceiverDispatcher$Args$_BumDX2UKsnxLVrE6UJsJZkotuA@27cf86d m=0
02-24 14:58:28.256  1155  1372 W Looper  : Slow delivery took 214ms android.fg h=android.os.Handler c=<recycled PooledLambda@5ff620d> m=0
02-24 14:58:28.315  1155  1155 I Telecom : DefaultDialerCache: Refreshing default dialer for user 0: now com.google.android.dialer: DDC.oR@72U
02-24 14:58:28.316  1155  1155 I Telecom : DefaultDialerCache: Refreshing default dialer for user 999: now com.google.android.dialer: DDC.oR@72U
02-24 14:58:28.343  1155  1155 W Looper  : Drained
02-24 14:58:28.597  1155  1372 W Looper  : Drained
02-24 14:58:28.773  1155  4427 W SettingsStatsUtil: Can not parse value to float: gps,network
02-24 14:58:28.776  1155  4427 W SettingsStatsUtil: Can not parse value to float: gps,network
02-24 14:58:28.807 13897 19797 W BpBinder: Slow Binder: BpBinder transact took 516 ms, interface=com.google.android.auth.IAuthManagerService, code=5 oneway=false
02-24 14:58:29.997  1155  5013 I InstallationStatistic: beginInstallSession: 914473719
02-24 14:58:30.156  1155  1494 I ActivityTaskManager: START u0 {act=android.intent.action.VIEW dat=file:///data/app/vmdl914473719.tmp typ=application/vnd.android.package-archive flg=0x18000000 cmp=com.miui.securitycenter/com.miui.permcenter.install.AdbInstallActivity (has extras)} from uid 1000
02-24 14:58:30.171  1155  3889 W ActivityTaskManager: Tried to set launchTime (0) < mLastActivityLaunchTime (640397391)
02-24 14:58:30.174  1155  3889 W WindowManager: Changing focus fromWindow{325ac36 mode=1 rootTaskId=1 u0 com.miui.home/com.miui.home.launcher.Launcher} to null displayId=0 Callers=com.android.server.wm.RootWindowContainer.updateFocusedWindowLocked:473 com.android.server.wm.WindowManagerService.updateFocusedWindowLocked:6206 com.android.server.wm.DisplayContent.setFocusedApp:5798 com.android.server.wm.ActivityTaskManagerService.setResumedActivityUncheckLocked:5832 
02-24 14:58:30.182  1155  3889 I Timeline: Timeline: App_transition_ready time:640401140
02-24 14:58:30.245  1155  4427 W WindowManager: Changing focus fromnull to Window{325ac36 mode=1 rootTaskId=1 u0 com.miui.home/com.miui.home.launcher.Launcher} displayId=0 Callers=com.android.server.wm.RootWindowContainer.updateFocusedWindowLocked:473 com.android.server.wm.WindowManagerService.updateFocusedWindowLocked:6206 com.android.server.wm.WindowManagerService.relayoutWindow:2717 com.android.server.wm.Session.relayout:213 
02-24 14:58:30.270  1155  4427 I Timeline: Timeline: App_transition_ready time:640401228
02-24 14:58:30.270  1155  4427 I Timeline: Timeline: App_transition_stopped time:640401228
02-24 14:58:30.330  1155  1416 I PackageManager: Integrity check passed for file:///data/app/vmdl914473719.tmp
02-24 14:58:30.642  1155  1385 I ActivityManager: Force stopping com.kitchenn appid=10579 user=-1: installPackageLI
02-24 14:58:30.643  1155  1416 I PackageManager: Update package com.kitchenn code path from /data/app/~~kmV6Id2E50GYhR3mf2K3XA==/com.kitchenn-tOS0XqcBbtZZyfkzghI2Ew== to /data/app/~~_mpUu2J3CfzUqJDZq2UifQ==/com.kitchenn-fCnxL9VabQFE4G0Pc2SIwQ==; Retain data and using new
02-24 14:58:30.643  1155  1416 I PackageManager: Update package com.kitchenn resource path from /data/app/~~kmV6Id2E50GYhR3mf2K3XA==/com.kitchenn-tOS0XqcBbtZZyfkzghI2Ew== to /data/app/~~_mpUu2J3CfzUqJDZq2UifQ==/com.kitchenn-fCnxL9VabQFE4G0Pc2SIwQ==; Retain data and using new
02-24 14:58:30.644  1155  1416 I AppsFilter: interaction: PackageSetting{aee888c com.thertechno.projectkishan/10363} -> PackageSetting{1523f14 com.kitchenn/10579} BLOCKED
02-24 14:58:30.644  1155  1416 I AppsFilter: interaction: PackageSetting{aee888c com.thertechno.projectkishan/10363} -> PackageSetting{1523f14 com.kitchenn/10579} BLOCKED
02-24 14:58:30.746  1155  1416 W PackageSettings: Skipping PackageSetting{398f66d com.lenovo.anyshare.gps/10183} due to missing metadata
02-24 14:58:30.768  1155  1372 W Looper  : Slow dispatch took 110ms android.fg h=android.os.Handler c=<recycled PooledLambda@89ffb7b> m=0
02-24 14:58:30.950  1155  1416 I InstallationStatistic: com.kitchenn|null|953|87|60|136|327|171
02-24 14:58:30.951  1155  1416 I AppsFilter: interaction: PackageSetting{aee888c com.thertechno.projectkishan/10363} -> PackageSetting{e29ee14 com.kitchenn/10579} BLOCKED
02-24 14:58:30.959  1155  1416 I ActivityManager: Force stopping com.kitchenn appid=10579 user=0: pkg removed
02-24 14:58:30.959 22706 22706 W BpBinder: Slow Binder: BpBinder transact took 969 ms, interface=android.content.pm.IPackageManager, code=1598246212 oneway=false
02-24 14:58:30.987  1155  1385 W BroadcastQueue: Background execution not allowed: receiving Intent { act=android.intent.action.PACKAGE_REMOVED dat=package:com.kitchenn flg=0x4000010 (has extras) } to com.lbe.security.miui/com.lbe.security.service.BootReceiver
02-24 14:58:31.026  1155  2653 I MiuiCompatModePackages: package com.kitchenn updated, removing config
02-24 14:58:31.043  1155  5012 E IntervalStats: Unable to parse usage stats package 39
02-24 14:58:31.043  1155  5012 E IntervalStats: Unable to parse usage stats package 115
02-24 14:58:31.043  1155  5012 E IntervalStats: Unable to parse usage stats package 216
02-24 14:58:31.045  1155  1385 W BroadcastQueue: Background execution not allowed: receiving Intent { act=android.intent.action.PACKAGE_REMOVED dat=package:com.kitchenn flg=0x4000010 (has extras) } to com.android.settings/.search.provider.UpdateReceiver
02-24 14:58:31.045  1155  1385 W BroadcastQueue: Background execution not allowed: receiving Intent { act=android.intent.action.PACKAGE_REMOVED dat=package:com.kitchenn flg=0x4000010 (has extras) } to com.android.vending/com.google.android.finsky.packagemanager.impl.PackageMonitorReceiverImpl$RegisteredReceiver
02-24 14:58:31.045  1155  1385 W BroadcastQueue: Background execution not allowed: receiving Intent { act=android.intent.action.PACKAGE_REMOVED dat=package:com.kitchenn flg=0x4000010 (has extras) } to com.android.vending/com.google.android.finsky.instantapps.appmanagement.InstantAppRemoveMonitor
02-24 14:58:31.045  1155  1385 W BroadcastQueue: Background execution not allowed: receiving Intent { act=android.intent.action.PACKAGE_REMOVED dat=package:com.kitchenn flg=0x4000010 (has extras) } to com.google.android.gms/.games.chimera.GamesSystemBroadcastReceiverProxy
02-24 14:58:31.064  1155  1385 W BroadcastQueue: Background execution not allowed: receiving Intent { act=android.intent.action.PACKAGE_REMOVED dat=package:com.kitchenn flg=0x4000010 (has extras) } to com.google.android.gms/.chimera.GmsIntentOperationService$PersistentTrustedReceiver
02-24 14:58:31.064  1155  1385 W BroadcastQueue: Background execution not allowed: receiving Intent { act=android.intent.action.PACKAGE_REMOVED dat=package:com.kitchenn flg=0x4000010 (has extras) } to com.google.android.googlequicksearchbox/com.google.android.apps.gsa.googlequicksearchbox.GelStubAppWatcher
02-24 14:58:31.064  1155  1385 W BroadcastQueue: Background execution not allowed: receiving Intent { act=android.intent.action.PACKAGE_REMOVED dat=package:com.kitchenn flg=0x4000010 (has extras) } to com.xiaomi.discover/com.xiaomi.market.data.MyPackageMonitor
02-24 14:58:31.092  1155  1373 W Looper  : Slow dispatch took 131ms android.ui h=com.android.server.am.ActivityManagerService$UiHandler c=null m=31
02-24 14:58:31.100  1155  1385 W BroadcastQueue: Background execution not allowed: receiving Intent { act=android.intent.action.PACKAGE_REMOVED dat=package:com.kitchenn flg=0x4000010 (has extras) } to com.xiaomi.misettings/.usagestats.AppTimerReceiver
02-24 14:58:31.106  1155  3885 E IntervalStats: Unable to parse usage stats package 39
02-24 14:58:31.106  1155  3885 E IntervalStats: Unable to parse usage stats package 115
02-24 14:58:31.106  1155  3885 E IntervalStats: Unable to parse usage stats package 216
02-24 14:58:31.108  1155  1385 W BroadcastQueue: Background execution not allowed: receiving Intent { act=android.intent.action.PACKAGE_REMOVED dat=package:com.kitchenn flg=0x4000010 (has extras) } to com.daraz.android/com.taobao.accs.EventReceiver
02-24 14:58:31.118  1155  1385 W BroadcastQueue: Background execution not allowed: receiving Intent { act=android.intent.action.PACKAGE_REMOVED dat=package:com.kitchenn flg=0x4000010 (has extras) } to com.daraz.android/com.taobao.agoo.AgooCommondReceiver
02-24 14:58:31.118  1155  1385 W BroadcastQueue: Background execution not allowed: receiving Intent { act=android.intent.action.PACKAGE_REMOVED dat=package:com.kitchenn flg=0x4000010 (has extras) } to com.duokan.phone.remotecontroller.peel.plugin/com.peel.srv.receiver.SrvPackageBroadcastReceiver
02-24 14:58:31.119  1155  1385 W BroadcastQueue: Background execution not allowed: receiving Intent { act=android.intent.action.PACKAGE_REMOVED dat=package:com.kitchenn flg=0x4000010 (has extras) } to com.facebook.katana/com.facebook.feed.platformads.AppInstallReceiver
02-24 14:58:31.119  1155  1385 W BroadcastQueue: Background execution not allowed: receiving Intent { act=android.intent.action.PACKAGE_ADDED dat=package:com.kitchenn flg=0x4000010 (has extras) } to com.lbe.security.miui/com.lbe.security.service.BootReceiver
02-24 14:58:31.125  1155  1385 W BroadcastQueue: Background execution not allowed: receiving Intent { act=android.intent.action.PACKAGE_ADDED dat=package:com.kitchenn flg=0x4000010 (has extras) } to com.google.android.packageinstaller/com.android.packageinstaller.PackageInstalledReceiver
02-24 14:58:31.126  1155  1385 W BroadcastQueue: Background execution not allowed: receiving Intent { act=android.intent.action.PACKAGE_ADDED dat=package:com.kitchenn flg=0x4000010 (has extras) } to com.android.settings/.search.provider.UpdateReceiver
02-24 14:58:31.126  1155  1385 W BroadcastQueue: Background execution not allowed: receiving Intent { act=android.intent.action.PACKAGE_ADDED dat=package:com.kitchenn flg=0x4000010 (has extras) } to com.android.vending/com.google.android.finsky.packagemanager.impl.PackageMonitorReceiverImpl$RegisteredReceiver
02-24 14:58:31.126  1155  1385 W BroadcastQueue: Background execution not allowed: receiving Intent { act=android.intent.action.PACKAGE_ADDED dat=package:com.kitchenn flg=0x4000010 (has extras) } to com.google.android.gms/.games.chimera.GamesSystemBroadcastReceiverProxy
02-24 14:58:31.126  1155  1385 W BroadcastQueue: Background execution not allowed: receiving Intent { act=android.intent.action.PACKAGE_ADDED dat=package:com.kitchenn flg=0x4000010 (has extras) } to com.google.android.gms/.gass.chimera.PackageChangeBroadcastReceiver
02-24 14:58:31.126  1155  1385 W BroadcastQueue: Background execution not allowed: receiving Intent { act=android.intent.action.PACKAGE_ADDED dat=package:com.kitchenn flg=0x4000010 (has extras) } to com.google.android.gms/.chimera.GmsIntentOperationService$PersistentTrustedReceiver
02-24 14:58:31.126  1155  1385 W BroadcastQueue: Background execution not allowed: receiving Intent { act=android.intent.action.PACKAGE_ADDED dat=package:com.kitchenn flg=0x4000010 (has extras) } to com.google.android.googlequicksearchbox/com.google.android.apps.gsa.googlequicksearchbox.GelStubAppWatcher
02-24 14:58:31.126  1155  1385 W BroadcastQueue: Background execution not allowed: receiving Intent { act=android.intent.action.PACKAGE_ADDED dat=package:com.kitchenn flg=0x4000010 (has extras) } to com.miui.global.packageinstaller/.AppInstalledReceiver
02-24 14:58:31.126  1155  1385 W BroadcastQueue: Background execution not allowed: receiving Intent { act=android.intent.action.PACKAGE_ADDED dat=package:com.kitchenn flg=0x4000010 (has extras) } to com.xiaomi.discover/com.xiaomi.market.data.MyPackageMonitor
02-24 14:58:31.126  1155  1385 W BroadcastQueue: Background execution not allowed: receiving Intent { act=android.intent.action.PACKAGE_ADDED dat=package:com.kitchenn flg=0x4000010 (has extras) } to com.xiaomi.misettings/.usagestats.AppTimerReceiver
02-24 14:58:31.127  1155  1385 W BroadcastQueue: Background execution not allowed: receiving Intent { act=android.intent.action.PACKAGE_ADDED dat=package:com.kitchenn flg=0x4000010 (has extras) } to com.duokan.phone.remotecontroller.peel.plugin/com.peel.srv.receiver.SrvPackageBroadcastReceiver
02-24 14:58:31.127  1155  1385 W BroadcastQueue: Background execution not allowed: receiving Intent { act=android.intent.action.PACKAGE_ADDED dat=package:com.kitchenn flg=0x4000010 (has extras) } to com.facebook.katana/com.facebook.feed.platformads.AppInstallReceiver
02-24 14:58:31.127  1155  1385 W BroadcastQueue: Background execution not allowed: receiving Intent { act=android.intent.action.PACKAGE_ADDED dat=package:com.kitchenn flg=0x4000010 (has extras) } to com.intsig.camscanner/com.microsoft.aad.adal.ApplicationReceiver
02-24 14:58:31.149  1155  3885 W BroadcastQueue: Background execution not allowed: receiving Intent { act=android.intent.action.PACKAGE_REPLACED dat=package:com.kitchenn flg=0x4000010 (has extras) } to com.google.android.gms/.gass.chimera.PackageChangeBroadcastReceiver
02-24 14:58:31.150  1155  1385 W BroadcastQueue: Background execution not allowed: receiving Intent { act=android.intent.action.PACKAGE_REPLACED dat=package:com.kitchenn flg=0x4000010 (has extras) } to com.google.android.gms/.chimera.GmsIntentOperationService$PersistentTrustedReceiver
02-24 14:58:31.150  1155  1385 W BroadcastQueue: Background execution not allowed: receiving Intent { act=android.intent.action.PACKAGE_REPLACED dat=package:com.kitchenn flg=0x4000010 (has extras) } to com.google.android.googlequicksearchbox/com.google.android.apps.gsa.googlequicksearchbox.GelStubAppWatcher
02-24 14:58:31.151  1155  1385 W BroadcastQueue: Background execution not allowed: receiving Intent { act=android.intent.action.PACKAGE_REPLACED dat=package:com.kitchenn flg=0x4000010 (has extras) } to com.duokan.phone.remotecontroller.peel.plugin/com.peel.srv.receiver.SrvPackageBroadcastReceiver
02-24 14:58:31.308  1155  1372 W Looper  : Slow delivery took 202ms android.fg h=android.os.Handler c=<recycled PooledLambda@ee5a734> m=0
02-24 14:58:31.362  1155  1155 W Looper  : Slow dispatch took 343ms main h=android.app.ActivityThread$H c=android.app.-$$Lambda$LoadedApk$ReceiverDispatcher$Args$_BumDX2UKsnxLVrE6UJsJZkotuA@d14005d m=0
02-24 14:58:31.362  1155  1155 W Looper  : Slow delivery took 343ms main h=android.app.ActivityThread$H c=android.app.-$$Lambda$LoadedApk$ReceiverDispatcher$Args$_BumDX2UKsnxLVrE6UJsJZkotuA@e8eadd2 m=0
02-24 14:58:31.403  1155  1372 W Looper  : Drained
02-24 14:58:31.461  1155  1155 I Telecom : DefaultDialerCache: Refreshing default dialer for user 0: now com.google.android.dialer: DDC.oR@72g
02-24 14:58:31.461  1155  1155 I Telecom : DefaultDialerCache: Refreshing default dialer for user 999: now com.google.android.dialer: DDC.oR@72g
02-24 14:58:31.504 13897  7112 W BpBinder: Slow Binder: BpBinder transact took 268 ms, interface=com.google.android.auth.IAuthManagerService, code=6 oneway=false
02-24 14:58:31.847  1155  1155 W Looper  : Drained
02-24 14:58:31.855 13897 20123 W BpBinder: Slow Binder: BpBinder transact took 585 ms, interface=com.google.android.auth.IAuthManagerService, code=5 oneway=false
02-24 14:58:32.259  1155  1416 W PackageSettings: Skipping PackageSetting{398f66d com.lenovo.anyshare.gps/10183} due to missing metadata
02-24 14:58:32.293  1155  1373 W Looper  : Slow dispatch took 109ms android.ui h=com.android.server.am.ActivityManagerService$UiHandler c=null m=31
02-24 14:58:32.351  1155  5025 W SettingsStatsUtil: Can not parse value to float: gps,network
02-24 14:58:32.354  1155  5025 W SettingsStatsUtil: Can not parse value to float: gps,network
02-24 14:58:32.585  1155  5025 I InstallationStatistic: beginInstallSession: 2093314964
02-24 14:58:32.927  1155  1494 I ActivityTaskManager: START u0 {act=android.intent.action.VIEW dat=file:///data/app/vmdl2093314964.tmp typ=application/vnd.android.package-archive flg=0x18000000 cmp=com.miui.securitycenter/com.miui.permcenter.install.AdbInstallActivity (has extras)} from uid 1000
